<?xml version="1.0" encoding="UTF-8" ?><root><item type="list"><item type="str">change</item><item type="list"><item type="int">0</item><item type="str">scores</item><item type="str">Row</item><item type="str">i</item></item><item type="list"><item type="str">648</item><item type="str">599</item></item></item><item type="list"><item type="str">change</item><item type="list"><item type="int">0</item><item type="str">scores</item><item type="str">Row</item><item type="str">reason_codes</item><item type="str">Row</item><item type="int">0</item><item type="str">reason_code</item></item><item type="list"><item type="str">IA</item><item type="str">IK</item></item></item><item type="list"><item type="str">change</item><item type="list"><item type="int">0</item><item type="str">scores</item><item type="str">Row</item><item type="str">reason_codes</item><item type="str">Row</item><item type="int">0</item><item type="str">reason_description</item></item><item type="list"><item type="str">The input IP address is unknown</item><item type="str">The input IP address is assigned to a different area code than the input phone number</item></item></item><item type="list"><item type="str">change</item><item type="list"><item type="int">4</item><item type="str">accountnumber</item></item><item type="list"><item type="int">7</item><item type="int">5</item></item></item><item type="list"><item type="str">change</item><item type="list"><item type="int">4</item><item type="str">scores</item><item type="str">Row</item><item type="str">i</item></item><item type="list"><item type="str">699</item><item type="str">618</item></item></item><item type="list"><item type="str">change</item><item type="list"><item type="int">4</item><item type="str">scores</item><item type="str">Row</item><item type="str">reason_codes</item><item type="str">Row</item><item type="int">1</item><item type="str">reason_code</item></item><item type="list"><item type="str">DR</item><item type="str">CB</item></item></item><item type="list"><item type="str">change</item><item type="list"><item type="int">4</item><item type="str">scores</item><item type="str">Row</item><item type="str">reason_codes</item><item type="str">Row</item><item type="int">1</item><item type="str">reason_description</item></item><item type="list"><item type="str">Multiple identities associated with identity components</item><item type="str">Too few sources corroborating SSN, address, and phone</item></item></item><item type="list"><item type="str">change</item><item type="list"><item type="int">4</item><item type="str">scores</item><item type="str">Row</item><item type="str">reason_codes</item><item type="str">Row</item><item type="int">4</item><item type="str">reason_code</item></item><item type="list"><item type="str">PN</item><item type="str">PA</item></item></item><item type="list"><item type="str">change</item><item type="list"><item type="int">4</item><item type="str">scores</item><item type="str">Row</item><item type="str">reason_codes</item><item type="str">Row</item><item type="int">4</item><item type="str">reason_description</item></item><item type="list"><item type="str">Unable to verify phone number with identity</item><item type="str">Potential address discrepancy - the Input address may be previous address</item></item></item><item type="list"><item type="str">change</item><item type="list"><item type="int">4</item><item type="str">scores</item><item type="str">Row</item><item type="str">reason_codes</item><item type="str">Row</item><item type="int">5</item><item type="str">reason_code</item></item><item type="list"><item type="str">73</item><item type="str">PN</item></item></item><item type="list"><item type="str">change</item><item type="list"><item type="int">4</item><item type="str">scores</item><item type="str">Row</item><item type="str">reason_codes</item><item type="str">Row</item><item type="int">5</item><item type="str">reason_description</item></item><item type="list"><item type="str">The input phone number is not found in the public record</item><item type="str">Unable to verify phone number with identity</item></item></item><item type="list"><item type="str">change</item><item type="list"><item type="int">5</item><item type="str">accountnumber</item></item><item type="list"><item type="int">8</item><item type="int">6</item></item></item><item type="list"><item type="str">change</item><item type="list"><item type="int">5</item><item type="str">scores</item><item type="str">Row</item><item type="str">i</item></item><item type="list"><item type="str">677</item><item type="str">524</item></item></item><item type="list"><item type="str">change</item><item type="list"><item type="int">5</item><item type="str">scores</item><item type="str">Row</item><item type="str">reason_codes</item><item type="str">Row</item><item type="int">0</item><item type="str">reason_code</item></item><item type="list"><item type="str">IA</item><item type="str">IK</item></item></item><item type="list"><item type="str">change</item><item type="list"><item type="int">5</item><item type="str">scores</item><item type="str">Row</item><item type="str">reason_codes</item><item type="str">Row</item><item type="int">0</item><item type="str">reason_description</item></item><item type="list"><item type="str">The input IP address is unknown</item><item type="str">The input IP address is assigned to a different area code than the input phone number</item></item></item><item type="list"><item type="str">change</item><item type="list"><item type="int">5</item><item type="str">scores</item><item type="str">Row</item><item type="str">reason_codes</item><item type="str">Row</item><item type="int">1</item><item type="str">reason_code</item></item><item type="list"><item type="str">CB</item><item type="str">DR</item></item></item><item type="list"><item type="str">change</item><item type="list"><item type="int">5</item><item type="str">scores</item><item type="str">Row</item><item type="str">reason_codes</item><item type="str">Row</item><item type="int">1</item><item type="str">reason_description</item></item><item type="list"><item type="str">Too few sources corroborating SSN, address, and phone</item><item type="str">Multiple identities associated with identity components</item></item></item><item type="list"><item type="str">change</item><item type="list"><item type="int">5</item><item type="str">scores</item><item type="str">Row</item><item type="str">reason_codes</item><item type="str">Row</item><item type="int">4</item><item type="str">reason_code</item></item><item type="list"><item type="str">11</item><item type="str">PA</item></item></item><item type="list"><item type="str">change</item><item type="list"><item type="int">5</item><item type="str">scores</item><item type="str">Row</item><item type="str">reason_codes</item><item type="str">Row</item><item type="int">4</item><item type="str">reason_description</item></item><item type="list"><item type="str">The input address may be invalid according to postal specifications</item><item type="str">Potential address discrepancy - the Input address may be previous address</item></item></item><item type="list"><item type="str">change</item><item type="list"><item type="int">5</item><item type="str">scores</item><item type="str">Row</item><item type="str">reason_codes</item><item type="str">Row</item><item type="int">5</item><item type="str">reason_code</item></item><item type="list"><item type="str">PA</item><item type="str">PN</item></item></item><item type="list"><item type="str">change</item><item type="list"><item type="int">5</item><item type="str">scores</item><item type="str">Row</item><item type="str">reason_codes</item><item type="str">Row</item><item type="int">5</item><item type="str">reason_description</item></item><item type="list"><item type="str">Potential address discrepancy - the Input address may be previous address</item><item type="str">Unable to verify phone number with identity</item></item></item><item type="list"><item type="str">change</item><item type="list"><item type="int">6</item><item type="str">accountnumber</item></item><item type="list"><item type="int">9</item><item type="int">7</item></item></item><item type="list"><item type="str">change</item><item type="list"><item type="int">6</item><item type="str">scores</item><item type="str">Row</item><item type="str">i</item></item><item type="list"><item type="str">596</item><item type="str">544</item></item></item><item type="list"><item type="str">change</item><item type="list"><item type="int">6</item><item type="str">scores</item><item type="str">Row</item><item type="str">reason_codes</item><item type="str">Row</item><item type="int">0</item><item type="str">reason_code</item></item><item type="list"><item type="str">IA</item><item type="str">IF</item></item></item><item type="list"><item type="str">change</item><item type="list"><item type="int">6</item><item type="str">scores</item><item type="str">Row</item><item type="str">reason_codes</item><item type="str">Row</item><item type="int">0</item><item type="str">reason_description</item></item><item type="list"><item type="str">The input IP address is unknown</item><item type="str">The input IP address is not assigned to the United States</item></item></item><item type="list"><item type="str">change</item><item type="list"><item type="int">6</item><item type="str">scores</item><item type="str">Row</item><item type="str">reason_codes</item><item type="str">Row</item><item type="int">4</item><item type="str">reason_code</item></item><item type="list"><item type="str">PA</item><item type="str">PN</item></item></item><item type="list"><item type="str">change</item><item type="list"><item type="int">6</item><item type="str">scores</item><item type="str">Row</item><item type="str">reason_codes</item><item type="str">Row</item><item type="int">4</item><item type="str">reason_description</item></item><item type="list"><item type="str">Potential address discrepancy - the Input address may be previous address</item><item type="str">Unable to verify phone number with identity</item></item></item><item type="list"><item type="str">change</item><item type="list"><item type="int">6</item><item type="str">scores</item><item type="str">Row</item><item type="str">reason_codes</item><item type="str">Row</item><item type="int">5</item><item type="str">reason_code</item></item><item type="list"><item type="str">PN</item><item type="str">73</item></item></item><item type="list"><item type="str">change</item><item type="list"><item type="int">6</item><item type="str">scores</item><item type="str">Row</item><item type="str">reason_codes</item><item type="str">Row</item><item type="int">5</item><item type="str">reason_description</item></item><item type="list"><item type="str">Unable to verify phone number with identity</item><item type="str">The input phone number is not found in the public record</item></item></item><item type="list"><item type="str">change</item><item type="list"><item type="int">7</item><item type="str">accountnumber</item></item><item type="list"><item type="int">11</item><item type="int">8</item></item></item><item type="list"><item type="str">change</item><item type="list"><item type="int">7</item><item type="str">scores</item><item type="str">Row</item><item type="str">i</item></item><item type="list"><item type="str">637</item><item type="str">645</item></item></item><item type="list"><item type="str">change</item><item type="list"><item type="int">7</item><item type="str">scores</item><item type="str">Row</item><item type="str">reason_codes</item><item type="str">Row</item><item type="int">0</item><item type="str">reason_code</item></item><item type="list"><item type="str">IA</item><item type="str">IK</item></item></item><item type="list"><item type="str">change</item><item type="list"><item type="int">7</item><item type="str">scores</item><item type="str">Row</item><item type="str">reason_codes</item><item type="str">Row</item><item type="int">0</item><item type="str">reason_description</item></item><item type="list"><item type="str">The input IP address is unknown</item><item type="str">The input IP address is assigned to a different area code than the input phone number</item></item></item><item type="list"><item type="str">change</item><item type="list"><item type="int">7</item><item type="str">scores</item><item type="str">Row</item><item type="str">reason_codes</item><item type="str">Row</item><item type="int">1</item><item type="str">reason_code</item></item><item type="list"><item type="str">DR</item><item type="str">CB</item></item></item><item type="list"><item type="str">change</item><item type="list"><item type="int">7</item><item type="str">scores</item><item type="str">Row</item><item type="str">reason_codes</item><item type="str">Row</item><item type="int">1</item><item type="str">reason_description</item></item><item type="list"><item type="str">Multiple identities associated with identity components</item><item type="str">Too few sources corroborating SSN, address, and phone</item></item></item><item type="list"><item type="str">change</item><item type="list"><item type="int">7</item><item type="str">scores</item><item type="str">Row</item><item type="str">reason_codes</item><item type="str">Row</item><item type="int">4</item><item type="str">reason_code</item></item><item type="list"><item type="str">PA</item><item type="str">11</item></item></item><item type="list"><item type="str">change</item><item type="list"><item type="int">7</item><item type="str">scores</item><item type="str">Row</item><item type="str">reason_codes</item><item type="str">Row</item><item type="int">4</item><item type="str">reason_description</item></item><item type="list"><item type="str">Potential address discrepancy - the Input address may be previous address</item><item type="str">The input address may be invalid according to postal specifications</item></item></item><item type="list"><item type="str">change</item><item type="list"><item type="int">7</item><item type="str">scores</item><item type="str">Row</item><item type="str">reason_codes</item><item type="str">Row</item><item type="int">5</item><item type="str">reason_code</item></item><item type="list"><item type="str">PN</item><item type="str">PA</item></item></item><item type="list"><item type="str">change</item><item type="list"><item type="int">7</item><item type="str">scores</item><item type="str">Row</item><item type="str">reason_codes</item><item type="str">Row</item><item type="int">5</item><item type="str">reason_description</item></item><item type="list"><item type="str">Unable to verify phone number with identity</item><item type="str">Potential address discrepancy - the Input address may be previous address</item></item></item><item type="list"><item type="str">change</item><item type="list"><item type="int">8</item><item type="str">accountnumber</item></item><item type="list"><item type="int">12</item><item type="int">9</item></item></item><item type="list"><item type="str">change</item><item type="list"><item type="int">8</item><item type="str">scores</item><item type="str">Row</item><item type="str">i</item></item><item type="list"><item type="str">693</item><item type="str">596</item></item></item><item type="list"><item type="str">change</item><item type="list"><item type="int">9</item><item type="str">accountnumber</item></item><item type="list"><item type="int">13</item><item type="int">10</item></item></item><item type="list"><item type="str">change</item><item type="list"><item type="int">9</item><item type="str">scores</item><item type="str">Row</item><item type="str">i</item></item><item type="list"><item type="str">646</item><item type="str">657</item></item></item><item type="list"><item type="str">change</item><item type="list"><item type="int">9</item><item type="str">scores</item><item type="str">Row</item><item type="str">reason_codes</item><item type="str">Row</item><item type="int">0</item><item type="str">reason_code</item></item><item type="list"><item type="str">IA</item><item type="str">II</item></item></item><item type="list"><item type="str">change</item><item type="list"><item type="int">9</item><item type="str">scores</item><item type="str">Row</item><item type="str">reason_codes</item><item type="str">Row</item><item type="int">0</item><item type="str">reason_description</item></item><item type="list"><item type="str">The input IP address is unknown</item><item type="str">The input IP address is assigned to a different State/Province than the input State/Province</item></item></item><item type="list"><item type="str">change</item><item type="list"><item type="int">9</item><item type="str">scores</item><item type="str">Row</item><item type="str">reason_codes</item><item type="str">Row</item><item type="int">1</item><item type="str">reason_code</item></item><item type="list"><item type="str">DR</item><item type="str">MI</item></item></item><item type="list"><item type="str">change</item><item type="list"><item type="int">9</item><item type="str">scores</item><item type="str">Row</item><item type="str">reason_codes</item><item type="str">Row</item><item type="int">1</item><item type="str">reason_description</item></item><item type="list"><item type="str">Multiple identities associated with identity components</item><item type="str">Multiple identities associated with the input SSN</item></item></item><item type="list"><item type="str">change</item><item type="list"><item type="int">9</item><item type="str">scores</item><item type="str">Row</item><item type="str">reason_codes</item><item type="str">Row</item><item type="int">2</item><item type="str">reason_code</item></item><item type="list"><item type="str">CB</item><item type="str">DR</item></item></item><item type="list"><item type="str">change</item><item type="list"><item type="int">9</item><item type="str">scores</item><item type="str">Row</item><item type="str">reason_codes</item><item type="str">Row</item><item type="int">2</item><item type="str">reason_description</item></item><item type="list"><item type="str">Too few sources corroborating SSN, address, and phone</item><item type="str">Multiple identities associated with identity components</item></item></item><item type="list"><item type="str">change</item><item type="list"><item type="int">9</item><item type="str">scores</item><item type="str">Row</item><item type="str">reason_codes</item><item type="str">Row</item><item type="int">5</item><item type="str">reason_code</item></item><item type="list"><item type="str">9D</item><item type="str">PN</item></item></item><item type="list"><item type="str">change</item><item type="list"><item type="int">9</item><item type="str">scores</item><item type="str">Row</item><item type="str">reason_codes</item><item type="str">Row</item><item type="int">5</item><item type="str">reason_description</item></item><item type="list"><item type="str">Change of address frequency</item><item type="str">Unable to verify phone number with identity</item></item></item><item type="list"><item type="str">change</item><item type="list"><item type="int">10</item><item type="str">accountnumber</item></item><item type="list"><item type="int">14</item><item type="int">11</item></item></item><item type="list"><item type="str">change</item><item type="list"><item type="int">10</item><item type="str">scores</item><item type="str">Row</item><item type="str">i</item></item><item type="list"><item type="str">536</item><item type="str">637</item></item></item><item type="list"><item type="str">change</item><item type="list"><item type="int">10</item><item type="str">scores</item><item type="str">Row</item><item type="str">reason_codes</item><item type="str">Row</item><item type="int">1</item><item type="str">reason_code</item></item><item type="list"><item type="str">SA</item><item type="str">DR</item></item></item><item type="list"><item type="str">change</item><item type="list"><item type="int">10</item><item type="str">scores</item><item type="str">Row</item><item type="str">reason_codes</item><item type="str">Row</item><item type="int">1</item><item type="str">reason_description</item></item><item type="list"><item type="str">SSN not reported at address</item><item type="str">Multiple identities associated with identity components</item></item></item><item type="list"><item type="str">change</item><item type="list"><item type="int">10</item><item type="str">scores</item><item type="str">Row</item><item type="str">reason_codes</item><item type="str">Row</item><item type="int">2</item><item type="str">reason_code</item></item><item type="list"><item type="str">DR</item><item type="str">MN</item></item></item><item type="list"><item type="str">change</item><item type="list"><item type="int">10</item><item type="str">scores</item><item type="str">Row</item><item type="str">reason_codes</item><item type="str">Row</item><item type="int">2</item><item type="str">reason_description</item></item><item type="list"><item type="str">Multiple identities associated with identity components</item><item type="str">The input SSN was issued within the last seventeen years</item></item></item><item type="list"><item type="str">change</item><item type="list"><item type="int">10</item><item type="str">scores</item><item type="str">Row</item><item type="str">reason_codes</item><item type="str">Row</item><item type="int">3</item><item type="str">reason_code</item></item><item type="list"><item type="str">CB</item><item type="str">VV</item></item></item><item type="list"><item type="str">change</item><item type="list"><item type="int">10</item><item type="str">scores</item><item type="str">Row</item><item type="str">reason_codes</item><item type="str">Row</item><item type="int">3</item><item type="str">reason_description</item></item><item type="list"><item type="str">Too few sources corroborating SSN, address, and phone</item><item type="str">Minor or elderly identity</item></item></item><item type="list"><item type="str">change</item><item type="list"><item type="int">10</item><item type="str">scores</item><item type="str">Row</item><item type="str">reason_codes</item><item type="str">Row</item><item type="int">4</item><item type="str">reason_code</item></item><item type="list"><item type="str">MN</item><item type="str">PA</item></item></item><item type="list"><item type="str">change</item><item type="list"><item type="int">10</item><item type="str">scores</item><item type="str">Row</item><item type="str">reason_codes</item><item type="str">Row</item><item type="int">4</item><item type="str">reason_description</item></item><item type="list"><item type="str">The input SSN was issued within the last seventeen years</item><item type="str">Potential address discrepancy - the Input address may be previous address</item></item></item><item type="list"><item type="str">change</item><item type="list"><item type="int">10</item><item type="str">scores</item><item type="str">Row</item><item type="str">reason_codes</item><item type="str">Row</item><item type="int">5</item><item type="str">reason_code</item></item><item type="list"><item type="str">VV</item><item type="str">PN</item></item></item><item type="list"><item type="str">change</item><item type="list"><item type="int">10</item><item type="str">scores</item><item type="str">Row</item><item type="str">reason_codes</item><item type="str">Row</item><item type="int">5</item><item type="str">reason_description</item></item><item type="list"><item type="str">Minor or elderly identity</item><item type="str">Unable to verify phone number with identity</item></item></item><item type="list"><item type="str">change</item><item type="list"><item type="int">11</item><item type="str">accountnumber</item></item><item type="list"><item type="int">15</item><item type="int">12</item></item></item><item type="list"><item type="str">change</item><item type="list"><item type="int">11</item><item type="str">scores</item><item type="str">Row</item><item type="str">i</item></item><item type="list"><item type="str">669</item><item type="str">693</item></item></item><item type="list"><item type="str">change</item><item type="list"><item type="int">11</item><item type="str">scores</item><item type="str">Row</item><item type="str">reason_codes</item><item type="str">Row</item><item type="int">4</item><item type="str">reason_code</item></item><item type="list"><item type="str">9D</item><item type="str">PA</item></item></item><item type="list"><item type="str">change</item><item type="list"><item type="int">11</item><item type="str">scores</item><item type="str">Row</item><item type="str">reason_codes</item><item type="str">Row</item><item type="int">4</item><item type="str">reason_description</item></item><item type="list"><item type="str">Change of address frequency</item><item type="str">Potential address discrepancy - the Input address may be previous address</item></item></item><item type="list"><item type="str">change</item><item type="list"><item type="int">11</item><item type="str">scores</item><item type="str">Row</item><item type="str">reason_codes</item><item type="str">Row</item><item type="int">5</item><item type="str">reason_code</item></item><item type="list"><item type="str">16</item><item type="str">PN</item></item></item><item type="list"><item type="str">change</item><item type="list"><item type="int">11</item><item type="str">scores</item><item type="str">Row</item><item type="str">reason_codes</item><item type="str">Row</item><item type="int">5</item><item type="str">reason_description</item></item><item type="list"><item type="str">The input phone number and input zip code combination is invalid</item><item type="str">Unable to verify phone number with identity</item></item></item><item type="list"><item type="str">change</item><item type="list"><item type="int">12</item><item type="str">accountnumber</item></item><item type="list"><item type="int">16</item><item type="int">13</item></item></item><item type="list"><item type="str">change</item><item type="list"><item type="int">12</item><item type="str">scores</item><item type="str">Row</item><item type="str">i</item></item><item type="list"><item type="str">675</item><item type="str">633</item></item></item><item type="list"><item type="str">change</item><item type="list"><item type="int">12</item><item type="str">scores</item><item type="str">Row</item><item type="str">reason_codes</item><item type="str">Row</item><item type="int">0</item><item type="str">reason_code</item></item><item type="list"><item type="str">IA</item><item type="str">II</item></item></item><item type="list"><item type="str">change</item><item type="list"><item type="int">12</item><item type="str">scores</item><item type="str">Row</item><item type="str">reason_codes</item><item type="str">Row</item><item type="int">0</item><item type="str">reason_description</item></item><item type="list"><item type="str">The input IP address is unknown</item><item type="str">The input IP address is assigned to a different State/Province than the input State/Province</item></item></item><item type="list"><item type="str">change</item><item type="list"><item type="int">12</item><item type="str">scores</item><item type="str">Row</item><item type="str">reason_codes</item><item type="str">Row</item><item type="int">1</item><item type="str">reason_code</item></item><item type="list"><item type="str">SA</item><item type="str">DR</item></item></item><item type="list"><item type="str">change</item><item type="list"><item type="int">12</item><item type="str">scores</item><item type="str">Row</item><item type="str">reason_codes</item><item type="str">Row</item><item type="int">1</item><item type="str">reason_description</item></item><item type="list"><item type="str">SSN not reported at address</item><item type="str">Multiple identities associated with identity components</item></item></item><item type="list"><item type="str">change</item><item type="list"><item type="int">12</item><item type="str">scores</item><item type="str">Row</item><item type="str">reason_codes</item><item type="str">Row</item><item type="int">5</item><item type="str">reason_code</item></item><item type="list"><item type="str">11</item><item type="str">9D</item></item></item><item type="list"><item type="str">change</item><item type="list"><item type="int">12</item><item type="str">scores</item><item type="str">Row</item><item type="str">reason_codes</item><item type="str">Row</item><item type="int">5</item><item type="str">reason_description</item></item><item type="list"><item type="str">The input address may be invalid according to postal specifications</item><item type="str">Change of address frequency</item></item></item><item type="list"><item type="str">change</item><item type="list"><item type="int">13</item><item type="str">accountnumber</item></item><item type="list"><item type="int">17</item><item type="int">14</item></item></item><item type="list"><item type="str">change</item><item type="list"><item type="int">13</item><item type="str">scores</item><item type="str">Row</item><item type="str">i</item></item><item type="list"><item type="str">627</item><item type="str">536</item></item></item><item type="list"><item type="str">change</item><item type="list"><item type="int">13</item><item type="str">scores</item><item type="str">Row</item><item type="str">reason_codes</item><item type="str">Row</item><item type="int">1</item><item type="str">reason_code</item></item><item type="list"><item type="str">DR</item><item type="str">SA</item></item></item><item type="list"><item type="str">change</item><item type="list"><item type="int">13</item><item type="str">scores</item><item type="str">Row</item><item type="str">reason_codes</item><item type="str">Row</item><item type="int">1</item><item type="str">reason_description</item></item><item type="list"><item type="str">Multiple identities associated with identity components</item><item type="str">SSN not reported at address</item></item></item><item type="list"><item type="str">change</item><item type="list"><item type="int">13</item><item type="str">scores</item><item type="str">Row</item><item type="str">reason_codes</item><item type="str">Row</item><item type="int">2</item><item type="str">reason_code</item></item><item type="list"><item type="str">MN</item><item type="str">DR</item></item></item><item type="list"><item type="str">change</item><item type="list"><item type="int">13</item><item type="str">scores</item><item type="str">Row</item><item type="str">reason_codes</item><item type="str">Row</item><item type="int">2</item><item type="str">reason_description</item></item><item type="list"><item type="str">The input SSN was issued within the last seventeen years</item><item type="str">Multiple identities associated with identity components</item></item></item><item type="list"><item type="str">change</item><item type="list"><item type="int">13</item><item type="str">scores</item><item type="str">Row</item><item type="str">reason_codes</item><item type="str">Row</item><item type="int">3</item><item type="str">reason_code</item></item><item type="list"><item type="str">VV</item><item type="str">CB</item></item></item><item type="list"><item type="str">change</item><item type="list"><item type="int">13</item><item type="str">scores</item><item type="str">Row</item><item type="str">reason_codes</item><item type="str">Row</item><item type="int">3</item><item type="str">reason_description</item></item><item type="list"><item type="str">Minor or elderly identity</item><item type="str">Too few sources corroborating SSN, address, and phone</item></item></item><item type="list"><item type="str">change</item><item type="list"><item type="int">13</item><item type="str">scores</item><item type="str">Row</item><item type="str">reason_codes</item><item type="str">Row</item><item type="int">4</item><item type="str">reason_code</item></item><item type="list"><item type="str">9D</item><item type="str">MN</item></item></item><item type="list"><item type="str">change</item><item type="list"><item type="int">13</item><item type="str">scores</item><item type="str">Row</item><item type="str">reason_codes</item><item type="str">Row</item><item type="int">4</item><item type="str">reason_description</item></item><item type="list"><item type="str">Change of address frequency</item><item type="str">The input SSN was issued within the last seventeen years</item></item></item><item type="list"><item type="str">change</item><item type="list"><item type="int">13</item><item type="str">scores</item><item type="str">Row</item><item type="str">reason_codes</item><item type="str">Row</item><item type="int">5</item><item type="str">reason_code</item></item><item type="list"><item type="str">PN</item><item type="str">VV</item></item></item><item type="list"><item type="str">change</item><item type="list"><item type="int">13</item><item type="str">scores</item><item type="str">Row</item><item type="str">reason_codes</item><item type="str">Row</item><item type="int">5</item><item type="str">reason_description</item></item><item type="list"><item type="str">Unable to verify phone number with identity</item><item type="str">Minor or elderly identity</item></item></item><item type="list"><item type="str">change</item><item type="list"><item type="int">14</item><item type="str">accountnumber</item></item><item type="list"><item type="int">18</item><item type="int">15</item></item></item><item type="list"><item type="str">change</item><item type="list"><item type="int">14</item><item type="str">scores</item><item type="str">Row</item><item type="str">i</item></item><item type="list"><item type="str">627</item><item type="str">669</item></item></item><item type="list"><item type="str">change</item><item type="list"><item type="int">14</item><item type="str">scores</item><item type="str">Row</item><item type="str">reason_codes</item><item type="str">Row</item><item type="int">1</item><item type="str">reason_code</item></item><item type="list"><item type="str">SA</item><item type="str">DR</item></item></item><item type="list"><item type="str">change</item><item type="list"><item type="int">14</item><item type="str">scores</item><item type="str">Row</item><item type="str">reason_codes</item><item type="str">Row</item><item type="int">1</item><item type="str">reason_description</item></item><item type="list"><item type="str">SSN not reported at address</item><item type="str">Multiple identities associated with identity components</item></item></item><item type="list"><item type="str">change</item><item type="list"><item type="int">14</item><item type="str">scores</item><item type="str">Row</item><item type="str">reason_codes</item><item type="str">Row</item><item type="int">2</item><item type="str">reason_code</item></item><item type="list"><item type="str">CB</item><item type="str">MN</item></item></item><item type="list"><item type="str">change</item><item type="list"><item type="int">14</item><item type="str">scores</item><item type="str">Row</item><item type="str">reason_codes</item><item type="str">Row</item><item type="int">2</item><item type="str">reason_description</item></item><item type="list"><item type="str">Too few sources corroborating SSN, address, and phone</item><item type="str">The input SSN was issued within the last seventeen years</item></item></item><item type="list"><item type="str">change</item><item type="list"><item type="int">14</item><item type="str">scores</item><item type="str">Row</item><item type="str">reason_codes</item><item type="str">Row</item><item type="int">3</item><item type="str">reason_code</item></item><item type="list"><item type="str">MN</item><item type="str">VV</item></item></item><item type="list"><item type="str">change</item><item type="list"><item type="int">14</item><item type="str">scores</item><item type="str">Row</item><item type="str">reason_codes</item><item type="str">Row</item><item type="int">3</item><item type="str">reason_description</item></item><item type="list"><item type="str">The input SSN was issued within the last seventeen years</item><item type="str">Minor or elderly identity</item></item></item><item type="list"><item type="str">change</item><item type="list"><item type="int">14</item><item type="str">scores</item><item type="str">Row</item><item type="str">reason_codes</item><item type="str">Row</item><item type="int">4</item><item type="str">reason_code</item></item><item type="list"><item type="str">VV</item><item type="str">9D</item></item></item><item type="list"><item type="str">change</item><item type="list"><item type="int">14</item><item type="str">scores</item><item type="str">Row</item><item type="str">reason_codes</item><item type="str">Row</item><item type="int">4</item><item type="str">reason_description</item></item><item type="list"><item type="str">Minor or elderly identity</item><item type="str">Change of address frequency</item></item></item><item type="list"><item type="str">change</item><item type="list"><item type="int">14</item><item type="str">scores</item><item type="str">Row</item><item type="str">reason_codes</item><item type="str">Row</item><item type="int">5</item><item type="str">reason_code</item></item><item type="list"><item type="str">11</item><item type="str">16</item></item></item><item type="list"><item type="str">change</item><item type="list"><item type="int">14</item><item type="str">scores</item><item type="str">Row</item><item type="str">reason_codes</item><item type="str">Row</item><item type="int">5</item><item type="str">reason_description</item></item><item type="list"><item type="str">The input address may be invalid according to postal specifications</item><item type="str">The input phone number and input zip code combination is invalid</item></item></item><item type="list"><item type="str">change</item><item type="list"><item type="int">15</item><item type="str">accountnumber</item></item><item type="list"><item type="int">19</item><item type="int">16</item></item></item><item type="list"><item type="str">change</item><item type="list"><item type="int">15</item><item type="str">scores</item><item type="str">Row</item><item type="str">i</item></item><item type="list"><item type="str">652</item><item type="str">640</item></item></item><item type="list"><item type="str">change</item><item type="list"><item type="int">15</item><item type="str">scores</item><item type="str">Row</item><item type="str">reason_codes</item><item type="str">Row</item><item type="int">0</item><item type="str">reason_code</item></item><item type="list"><item type="str">IA</item><item type="str">II</item></item></item><item type="list"><item type="str">change</item><item type="list"><item type="int">15</item><item type="str">scores</item><item type="str">Row</item><item type="str">reason_codes</item><item type="str">Row</item><item type="int">0</item><item type="str">reason_description</item></item><item type="list"><item type="str">The input IP address is unknown</item><item type="str">The input IP address is assigned to a different State/Province than the input State/Province</item></item></item><item type="list"><item type="str">change</item><item type="list"><item type="int">15</item><item type="str">scores</item><item type="str">Row</item><item type="str">reason_codes</item><item type="str">Row</item><item type="int">1</item><item type="str">reason_code</item></item><item type="list"><item type="str">DR</item><item type="str">SA</item></item></item><item type="list"><item type="str">change</item><item type="list"><item type="int">15</item><item type="str">scores</item><item type="str">Row</item><item type="str">reason_codes</item><item type="str">Row</item><item type="int">1</item><item type="str">reason_description</item></item><item type="list"><item type="str">Multiple identities associated with identity components</item><item type="str">SSN not reported at address</item></item></item><item type="list"><item type="str">change</item><item type="list"><item type="int">15</item><item type="str">scores</item><item type="str">Row</item><item type="str">reason_codes</item><item type="str">Row</item><item type="int">2</item><item type="str">reason_code</item></item><item type="list"><item type="str">MN</item><item type="str">CB</item></item></item><item type="list"><item type="str">change</item><item type="list"><item type="int">15</item><item type="str">scores</item><item type="str">Row</item><item type="str">reason_codes</item><item type="str">Row</item><item type="int">2</item><item type="str">reason_description</item></item><item type="list"><item type="str">The input SSN was issued within the last seventeen years</item><item type="str">Too few sources corroborating SSN, address, and phone</item></item></item><item type="list"><item type="str">change</item><item type="list"><item type="int">15</item><item type="str">scores</item><item type="str">Row</item><item type="str">reason_codes</item><item type="str">Row</item><item type="int">3</item><item type="str">reason_code</item></item><item type="list"><item type="str">VV</item><item type="str">MN</item></item></item><item type="list"><item type="str">change</item><item type="list"><item type="int">15</item><item type="str">scores</item><item type="str">Row</item><item type="str">reason_codes</item><item type="str">Row</item><item type="int">3</item><item type="str">reason_description</item></item><item type="list"><item type="str">Minor or elderly identity</item><item type="str">The input SSN was issued within the last seventeen years</item></item></item><item type="list"><item type="str">change</item><item type="list"><item type="int">15</item><item type="str">scores</item><item type="str">Row</item><item type="str">reason_codes</item><item type="str">Row</item><item type="int">4</item><item type="str">reason_code</item></item><item type="list"><item type="str">PA</item><item type="str">VV</item></item></item><item type="list"><item type="str">change</item><item type="list"><item type="int">15</item><item type="str">scores</item><item type="str">Row</item><item type="str">reason_codes</item><item type="str">Row</item><item type="int">4</item><item type="str">reason_description</item></item><item type="list"><item type="str">Potential address discrepancy - the Input address may be previous address</item><item type="str">Minor or elderly identity</item></item></item><item type="list"><item type="str">change</item><item type="list"><item type="int">15</item><item type="str">scores</item><item type="str">Row</item><item type="str">reason_codes</item><item type="str">Row</item><item type="int">5</item><item type="str">reason_code</item></item><item type="list"><item type="str">PN</item><item type="str">11</item></item></item><item type="list"><item type="str">change</item><item type="list"><item type="int">15</item><item type="str">scores</item><item type="str">Row</item><item type="str">reason_codes</item><item type="str">Row</item><item type="int">5</item><item type="str">reason_description</item></item><item type="list"><item type="str">Unable to verify phone number with identity</item><item type="str">The input address may be invalid according to postal specifications</item></item></item><item type="list"><item type="str">change</item><item type="list"><item type="int">16</item><item type="str">accountnumber</item></item><item type="list"><item type="int">21</item><item type="int">17</item></item></item><item type="list"><item type="str">change</item><item type="list"><item type="int">16</item><item type="str">scores</item><item type="str">Row</item><item type="str">i</item></item><item type="list"><item type="str">558</item><item type="str">568</item></item></item><item type="list"><item type="str">change</item><item type="list"><item type="int">16</item><item type="str">scores</item><item type="str">Row</item><item type="str">reason_codes</item><item type="str">Row</item><item type="int">0</item><item type="str">reason_code</item></item><item type="list"><item type="str">IA</item><item type="str">II</item></item></item><item type="list"><item type="str">change</item><item type="list"><item type="int">16</item><item type="str">scores</item><item type="str">Row</item><item type="str">reason_codes</item><item type="str">Row</item><item type="int">0</item><item type="str">reason_description</item></item><item type="list"><item type="str">The input IP address is unknown</item><item type="str">The input IP address is assigned to a different State/Province than the input State/Province</item></item></item><item type="list"><item type="str">change</item><item type="list"><item type="int">16</item><item type="str">scores</item><item type="str">Row</item><item type="str">reason_codes</item><item type="str">Row</item><item type="int">2</item><item type="str">reason_code</item></item><item type="list"><item type="str">CB</item><item type="str">MN</item></item></item><item type="list"><item type="str">change</item><item type="list"><item type="int">16</item><item type="str">scores</item><item type="str">Row</item><item type="str">reason_codes</item><item type="str">Row</item><item type="int">2</item><item type="str">reason_description</item></item><item type="list"><item type="str">Too few sources corroborating SSN, address, and phone</item><item type="str">The input SSN was issued within the last seventeen years</item></item></item><item type="list"><item type="str">change</item><item type="list"><item type="int">16</item><item type="str">scores</item><item type="str">Row</item><item type="str">reason_codes</item><item type="str">Row</item><item type="int">3</item><item type="str">reason_code</item></item><item type="list"><item type="str">MN</item><item type="str">VV</item></item></item><item type="list"><item type="str">change</item><item type="list"><item type="int">16</item><item type="str">scores</item><item type="str">Row</item><item type="str">reason_codes</item><item type="str">Row</item><item type="int">3</item><item type="str">reason_description</item></item><item type="list"><item type="str">The input SSN was issued within the last seventeen years</item><item type="str">Minor or elderly identity</item></item></item><item type="list"><item type="str">change</item><item type="list"><item type="int">16</item><item type="str">scores</item><item type="str">Row</item><item type="str">reason_codes</item><item type="str">Row</item><item type="int">4</item><item type="str">reason_code</item></item><item type="list"><item type="str">VV</item><item type="str">9D</item></item></item><item type="list"><item type="str">change</item><item type="list"><item type="int">16</item><item type="str">scores</item><item type="str">Row</item><item type="str">reason_codes</item><item type="str">Row</item><item type="int">4</item><item type="str">reason_description</item></item><item type="list"><item type="str">Minor or elderly identity</item><item type="str">Change of address frequency</item></item></item><item type="list"><item type="str">change</item><item type="list"><item type="int">16</item><item type="str">scores</item><item type="str">Row</item><item type="str">reason_codes</item><item type="str">Row</item><item type="int">5</item><item type="str">reason_code</item></item><item type="list"><item type="str">9D</item><item type="str">PN</item></item></item><item type="list"><item type="str">change</item><item type="list"><item type="int">16</item><item type="str">scores</item><item type="str">Row</item><item type="str">reason_codes</item><item type="str">Row</item><item type="int">5</item><item type="str">reason_description</item></item><item type="list"><item type="str">Change of address frequency</item><item type="str">Unable to verify phone number with identity</item></item></item><item type="list"><item type="str">change</item><item type="list"><item type="int">17</item><item type="str">accountnumber</item></item><item type="list"><item type="int">22</item><item type="int">18</item></item></item><item type="list"><item type="str">change</item><item type="list"><item type="int">17</item><item type="str">scores</item><item type="str">Row</item><item type="str">i</item></item><item type="list"><item type="str">584</item><item type="str">616</item></item></item><item type="list"><item type="str">change</item><item type="list"><item type="int">17</item><item type="str">scores</item><item type="str">Row</item><item type="str">reason_codes</item><item type="str">Row</item><item type="int">0</item><item type="str">reason_code</item></item><item type="list"><item type="str">IA</item><item type="str">IJ</item></item></item><item type="list"><item type="str">change</item><item type="list"><item type="int">17</item><item type="str">scores</item><item type="str">Row</item><item type="str">reason_codes</item><item type="str">Row</item><item type="int">0</item><item type="str">reason_description</item></item><item type="list"><item type="str">The input IP address is unknown</item><item type="str">The input IP address is assigned to a different postal code than the input postal code</item></item></item><item type="list"><item type="str">change</item><item type="list"><item type="int">17</item><item type="str">scores</item><item type="str">Row</item><item type="str">reason_codes</item><item type="str">Row</item><item type="int">1</item><item type="str">reason_code</item></item><item type="list"><item type="str">DR</item><item type="str">SA</item></item></item><item type="list"><item type="str">change</item><item type="list"><item type="int">17</item><item type="str">scores</item><item type="str">Row</item><item type="str">reason_codes</item><item type="str">Row</item><item type="int">1</item><item type="str">reason_description</item></item><item type="list"><item type="str">Multiple identities associated with identity components</item><item type="str">SSN not reported at address</item></item></item><item type="list"><item type="str">change</item><item type="list"><item type="int">17</item><item type="str">scores</item><item type="str">Row</item><item type="str">reason_codes</item><item type="str">Row</item><item type="int">5</item><item type="str">reason_code</item></item><item type="list"><item type="str">9D</item><item type="str">11</item></item></item><item type="list"><item type="str">change</item><item type="list"><item type="int">17</item><item type="str">scores</item><item type="str">Row</item><item type="str">reason_codes</item><item type="str">Row</item><item type="int">5</item><item type="str">reason_description</item></item><item type="list"><item type="str">Change of address frequency</item><item type="str">The input address may be invalid according to postal specifications</item></item></item><item type="list"><item type="str">change</item><item type="list"><item type="int">18</item><item type="str">accountnumber</item></item><item type="list"><item type="int">23</item><item type="int">19</item></item></item><item type="list"><item type="str">change</item><item type="list"><item type="int">18</item><item type="str">scores</item><item type="str">Row</item><item type="str">i</item></item><item type="list"><item type="str">662</item><item type="str">640</item></item></item><item type="list"><item type="str">change</item><item type="list"><item type="int">18</item><item type="str">scores</item><item type="str">Row</item><item type="str">reason_codes</item><item type="str">Row</item><item type="int">0</item><item type="str">reason_code</item></item><item type="list"><item type="str">IA</item><item type="str">II</item></item></item><item type="list"><item type="str">change</item><item type="list"><item type="int">18</item><item type="str">scores</item><item type="str">Row</item><item type="str">reason_codes</item><item type="str">Row</item><item type="int">0</item><item type="str">reason_description</item></item><item type="list"><item type="str">The input IP address is unknown</item><item type="str">The input IP address is assigned to a different State/Province than the input State/Province</item></item></item><item type="list"><item type="str">change</item><item type="list"><item type="int">18</item><item type="str">scores</item><item type="str">Row</item><item type="str">reason_codes</item><item type="str">Row</item><item type="int">2</item><item type="str">reason_code</item></item><item type="list"><item type="str">38</item><item type="str">MN</item></item></item><item type="list"><item type="str">change</item><item type="list"><item type="int">18</item><item type="str">scores</item><item type="str">Row</item><item type="str">reason_codes</item><item type="str">Row</item><item type="int">2</item><item type="str">reason_description</item></item><item type="list"><item type="str">The input SSN is associated with multiple last names</item><item type="str">The input SSN was issued within the last seventeen years</item></item></item><item type="list"><item type="str">change</item><item type="list"><item type="int">18</item><item type="str">scores</item><item type="str">Row</item><item type="str">reason_codes</item><item type="str">Row</item><item type="int">3</item><item type="str">reason_code</item></item><item type="list"><item type="str">MN</item><item type="str">VV</item></item></item><item type="list"><item type="str">change</item><item type="list"><item type="int">18</item><item type="str">scores</item><item type="str">Row</item><item type="str">reason_codes</item><item type="str">Row</item><item type="int">3</item><item type="str">reason_description</item></item><item type="list"><item type="str">The input SSN was issued within the last seventeen years</item><item type="str">Minor or elderly identity</item></item></item><item type="list"><item type="str">change</item><item type="list"><item type="int">18</item><item type="str">scores</item><item type="str">Row</item><item type="str">reason_codes</item><item type="str">Row</item><item type="int">4</item><item type="str">reason_code</item></item><item type="list"><item type="str">VV</item><item type="str">PA</item></item></item><item type="list"><item type="str">change</item><item type="list"><item type="int">18</item><item type="str">scores</item><item type="str">Row</item><item type="str">reason_codes</item><item type="str">Row</item><item type="int">4</item><item type="str">reason_description</item></item><item type="list"><item type="str">Minor or elderly identity</item><item type="str">Potential address discrepancy - the Input address may be previous address</item></item></item><item type="list"><item type="str">change</item><item type="list"><item type="int">18</item><item type="str">scores</item><item type="str">Row</item><item type="str">reason_codes</item><item type="str">Row</item><item type="int">5</item><item type="str">reason_code</item></item><item type="list"><item type="str">9D</item><item type="str">PN</item></item></item><item type="list"><item type="str">change</item><item type="list"><item type="int">18</item><item type="str">scores</item><item type="str">Row</item><item type="str">reason_codes</item><item type="str">Row</item><item type="int">5</item><item type="str">reason_description</item></item><item type="list"><item type="str">Change of address frequency</item><item type="str">Unable to verify phone number with identity</item></item></item><item type="list"><item type="str">change</item><item type="list"><item type="int">19</item><item type="str">accountnumber</item></item><item type="list"><item type="int">24</item><item type="int">20</item></item></item><item type="list"><item type="str">change</item><item type="list"><item type="int">19</item><item type="str">scores</item><item type="str">Row</item><item type="str">i</item></item><item type="list"><item type="str">567</item><item type="str">509</item></item></item><item type="list"><item type="str">change</item><item type="list"><item type="int">19</item><item type="str">scores</item><item type="str">Row</item><item type="str">reason_codes</item><item type="str">Row</item><item type="int">0</item><item type="str">reason_code</item></item><item type="list"><item type="str">IA</item><item type="str">IK</item></item></item><item type="list"><item type="str">change</item><item type="list"><item type="int">19</item><item type="str">scores</item><item type="str">Row</item><item type="str">reason_codes</item><item type="str">Row</item><item type="int">0</item><item type="str">reason_description</item></item><item type="list"><item type="str">The input IP address is unknown</item><item type="str">The input IP address is assigned to a different area code than the input phone number</item></item></item><item type="list"><item type="str">change</item><item type="list"><item type="int">19</item><item type="str">scores</item><item type="str">Row</item><item type="str">reason_codes</item><item type="str">Row</item><item type="int">5</item><item type="str">reason_code</item></item><item type="list"><item type="str">9D</item><item type="str">PA</item></item></item><item type="list"><item type="str">change</item><item type="list"><item type="int">19</item><item type="str">scores</item><item type="str">Row</item><item type="str">reason_codes</item><item type="str">Row</item><item type="int">5</item><item type="str">reason_description</item></item><item type="list"><item type="str">Change of address frequency</item><item type="str">Potential address discrepancy - the Input address may be previous address</item></item></item><item type="list"><item type="str">change</item><item type="list"><item type="int">20</item><item type="str">accountnumber</item></item><item type="list"><item type="int">25</item><item type="int">21</item></item></item><item type="list"><item type="str">change</item><item type="list"><item type="int">20</item><item type="str">scores</item><item type="str">Row</item><item type="str">i</item></item><item type="list"><item type="str">713</item><item type="str">558</item></item></item><item type="list"><item type="str">change</item><item type="list"><item type="int">20</item><item type="str">scores</item><item type="str">Row</item><item type="str">reason_codes</item><item type="str">Row</item><item type="int">1</item><item type="str">reason_code</item></item><item type="list"><item type="str">SA</item><item type="str">DR</item></item></item><item type="list"><item type="str">change</item><item type="list"><item type="int">20</item><item type="str">scores</item><item type="str">Row</item><item type="str">reason_codes</item><item type="str">Row</item><item type="int">1</item><item type="str">reason_description</item></item><item type="list"><item type="str">SSN not reported at address</item><item type="str">Multiple identities associated with identity components</item></item></item><item type="list"><item type="str">change</item><item type="list"><item type="int">20</item><item type="str">scores</item><item type="str">Row</item><item type="str">reason_codes</item><item type="str">Row</item><item type="int">5</item><item type="str">reason_code</item></item><item type="list"><item type="str">11</item><item type="str">9D</item></item></item><item type="list"><item type="str">change</item><item type="list"><item type="int">20</item><item type="str">scores</item><item type="str">Row</item><item type="str">reason_codes</item><item type="str">Row</item><item type="int">5</item><item type="str">reason_description</item></item><item type="list"><item type="str">The input address may be invalid according to postal specifications</item><item type="str">Change of address frequency</item></item></item><item type="list"><item type="str">change</item><item type="list"><item type="int">21</item><item type="str">accountnumber</item></item><item type="list"><item type="int">28</item><item type="int">22</item></item></item><item type="list"><item type="str">change</item><item type="list"><item type="int">21</item><item type="str">scores</item><item type="str">Row</item><item type="str">i</item></item><item type="list"><item type="str">548</item><item type="str">584</item></item></item><item type="list"><item type="str">change</item><item type="list"><item type="int">21</item><item type="str">scores</item><item type="str">Row</item><item type="str">reason_codes</item><item type="str">Row</item><item type="int">2</item><item type="str">reason_code</item></item><item type="list"><item type="str">MN</item><item type="str">CB</item></item></item><item type="list"><item type="str">change</item><item type="list"><item type="int">21</item><item type="str">scores</item><item type="str">Row</item><item type="str">reason_codes</item><item type="str">Row</item><item type="int">2</item><item type="str">reason_description</item></item><item type="list"><item type="str">The input SSN was issued within the last seventeen years</item><item type="str">Too few sources corroborating SSN, address, and phone</item></item></item><item type="list"><item type="str">change</item><item type="list"><item type="int">21</item><item type="str">scores</item><item type="str">Row</item><item type="str">reason_codes</item><item type="str">Row</item><item type="int">3</item><item type="str">reason_code</item></item><item type="list"><item type="str">VV</item><item type="str">MN</item></item></item><item type="list"><item type="str">change</item><item type="list"><item type="int">21</item><item type="str">scores</item><item type="str">Row</item><item type="str">reason_codes</item><item type="str">Row</item><item type="int">3</item><item type="str">reason_description</item></item><item type="list"><item type="str">Minor or elderly identity</item><item type="str">The input SSN was issued within the last seventeen years</item></item></item><item type="list"><item type="str">change</item><item type="list"><item type="int">21</item><item type="str">scores</item><item type="str">Row</item><item type="str">reason_codes</item><item type="str">Row</item><item type="int">4</item><item type="str">reason_code</item></item><item type="list"><item type="str">9D</item><item type="str">VV</item></item></item><item type="list"><item type="str">change</item><item type="list"><item type="int">21</item><item type="str">scores</item><item type="str">Row</item><item type="str">reason_codes</item><item type="str">Row</item><item type="int">4</item><item type="str">reason_description</item></item><item type="list"><item type="str">Change of address frequency</item><item type="str">Minor or elderly identity</item></item></item><item type="list"><item type="str">change</item><item type="list"><item type="int">21</item><item type="str">scores</item><item type="str">Row</item><item type="str">reason_codes</item><item type="str">Row</item><item type="int">5</item><item type="str">reason_code</item></item><item type="list"><item type="str">PA</item><item type="str">9D</item></item></item><item type="list"><item type="str">change</item><item type="list"><item type="int">21</item><item type="str">scores</item><item type="str">Row</item><item type="str">reason_codes</item><item type="str">Row</item><item type="int">5</item><item type="str">reason_description</item></item><item type="list"><item type="str">Potential address discrepancy - the Input address may be previous address</item><item type="str">Change of address frequency</item></item></item><item type="list"><item type="str">change</item><item type="list"><item type="int">22</item><item type="str">accountnumber</item></item><item type="list"><item type="int">29</item><item type="int">23</item></item></item><item type="list"><item type="str">change</item><item type="list"><item type="int">22</item><item type="str">scores</item><item type="str">Row</item><item type="str">i</item></item><item type="list"><item type="str">675</item><item type="str">662</item></item></item><item type="list"><item type="str">change</item><item type="list"><item type="int">22</item><item type="str">scores</item><item type="str">Row</item><item type="str">reason_codes</item><item type="str">Row</item><item type="int">2</item><item type="str">reason_code</item></item><item type="list"><item type="str">CB</item><item type="str">38</item></item></item><item type="list"><item type="str">change</item><item type="list"><item type="int">22</item><item type="str">scores</item><item type="str">Row</item><item type="str">reason_codes</item><item type="str">Row</item><item type="int">2</item><item type="str">reason_description</item></item><item type="list"><item type="str">Too few sources corroborating SSN, address, and phone</item><item type="str">The input SSN is associated with multiple last names</item></item></item><item type="list"><item type="str">change</item><item type="list"><item type="int">23</item><item type="str">accountnumber</item></item><item type="list"><item type="int">31</item><item type="int">24</item></item></item><item type="list"><item type="str">change</item><item type="list"><item type="int">23</item><item type="str">scores</item><item type="str">Row</item><item type="str">i</item></item><item type="list"><item type="str">647</item><item type="str">523</item></item></item><item type="list"><item type="str">change</item><item type="list"><item type="int">23</item><item type="str">scores</item><item type="str">Row</item><item type="str">reason_codes</item><item type="str">Row</item><item type="int">0</item><item type="str">reason_code</item></item><item type="list"><item type="str">IA</item><item type="str">IK</item></item></item><item type="list"><item type="str">change</item><item type="list"><item type="int">23</item><item type="str">scores</item><item type="str">Row</item><item type="str">reason_codes</item><item type="str">Row</item><item type="int">0</item><item type="str">reason_description</item></item><item type="list"><item type="str">The input IP address is unknown</item><item type="str">The input IP address is assigned to a different area code than the input phone number</item></item></item><item type="list"><item type="str">change</item><item type="list"><item type="int">24</item><item type="str">accountnumber</item></item><item type="list"><item type="int">32</item><item type="int">25</item></item></item><item type="list"><item type="str">change</item><item type="list"><item type="int">24</item><item type="str">scores</item><item type="str">Row</item><item type="str">i</item></item><item type="list"><item type="str">653</item><item type="str">692</item></item></item><item type="list"><item type="str">change</item><item type="list"><item type="int">24</item><item type="str">scores</item><item type="str">Row</item><item type="str">reason_codes</item><item type="str">Row</item><item type="int">0</item><item type="str">reason_code</item></item><item type="list"><item type="str">IA</item><item type="str">II</item></item></item><item type="list"><item type="str">change</item><item type="list"><item type="int">24</item><item type="str">scores</item><item type="str">Row</item><item type="str">reason_codes</item><item type="str">Row</item><item type="int">0</item><item type="str">reason_description</item></item><item type="list"><item type="str">The input IP address is unknown</item><item type="str">The input IP address is assigned to a different State/Province than the input State/Province</item></item></item><item type="list"><item type="str">change</item><item type="list"><item type="int">24</item><item type="str">scores</item><item type="str">Row</item><item type="str">reason_codes</item><item type="str">Row</item><item type="int">1</item><item type="str">reason_code</item></item><item type="list"><item type="str">MN</item><item type="str">SA</item></item></item><item type="list"><item type="str">change</item><item type="list"><item type="int">24</item><item type="str">scores</item><item type="str">Row</item><item type="str">reason_codes</item><item type="str">Row</item><item type="int">1</item><item type="str">reason_description</item></item><item type="list"><item type="str">The input SSN was issued within the last seventeen years</item><item type="str">SSN not reported at address</item></item></item><item type="list"><item type="str">change</item><item type="list"><item type="int">24</item><item type="str">scores</item><item type="str">Row</item><item type="str">reason_codes</item><item type="str">Row</item><item type="int">2</item><item type="str">reason_code</item></item><item type="list"><item type="str">VV</item><item type="str">CB</item></item></item><item type="list"><item type="str">change</item><item type="list"><item type="int">24</item><item type="str">scores</item><item type="str">Row</item><item type="str">reason_codes</item><item type="str">Row</item><item type="int">2</item><item type="str">reason_description</item></item><item type="list"><item type="str">Minor or elderly identity</item><item type="str">Too few sources corroborating SSN, address, and phone</item></item></item><item type="list"><item type="str">change</item><item type="list"><item type="int">24</item><item type="str">scores</item><item type="str">Row</item><item type="str">reason_codes</item><item type="str">Row</item><item type="int">3</item><item type="str">reason_code</item></item><item type="list"><item type="str">PN</item><item type="str">MN</item></item></item><item type="list"><item type="str">change</item><item type="list"><item type="int">24</item><item type="str">scores</item><item type="str">Row</item><item type="str">reason_codes</item><item type="str">Row</item><item type="int">3</item><item type="str">reason_description</item></item><item type="list"><item type="str">Unable to verify phone number with identity</item><item type="str">The input SSN was issued within the last seventeen years</item></item></item><item type="list"><item type="str">change</item><item type="list"><item type="int">24</item><item type="str">scores</item><item type="str">Row</item><item type="str">reason_codes</item><item type="str">Row</item><item type="int">4</item><item type="str">reason_code</item></item><item type="list"><item type="str">73</item><item type="str">VV</item></item></item><item type="list"><item type="str">change</item><item type="list"><item type="int">24</item><item type="str">scores</item><item type="str">Row</item><item type="str">reason_codes</item><item type="str">Row</item><item type="int">4</item><item type="str">reason_description</item></item><item type="list"><item type="str">The input phone number is not found in the public record</item><item type="str">Minor or elderly identity</item></item></item><item type="list"><item type="str">change</item><item type="list"><item type="int">24</item><item type="str">scores</item><item type="str">Row</item><item type="str">reason_codes</item><item type="str">Row</item><item type="int">5</item><item type="str">reason_code</item></item><item type="list"><item type="str">PH</item><item type="str">11</item></item></item><item type="list"><item type="str">change</item><item type="list"><item type="int">24</item><item type="str">scores</item><item type="str">Row</item><item type="str">reason_codes</item><item type="str">Row</item><item type="int">5</item><item type="str">reason_description</item></item><item type="list"><item type="str">Name, address and phone not linked in reporting sources</item><item type="str">The input address may be invalid according to postal specifications</item></item></item><item type="list"><item type="str">change</item><item type="list"><item type="int">25</item><item type="str">accountnumber</item></item><item type="list"><item type="int">33</item><item type="int">26</item></item></item><item type="list"><item type="str">change</item><item type="list"><item type="int">25</item><item type="str">scores</item><item type="str">Row</item><item type="str">i</item></item><item type="list"><item type="str">741</item><item type="str">587</item></item></item><item type="list"><item type="str">change</item><item type="list"><item type="int">25</item><item type="str">scores</item><item type="str">Row</item><item type="str">reason_codes</item><item type="str">Row</item><item type="int">0</item><item type="str">reason_code</item></item><item type="list"><item type="str">IA</item><item type="str">IK</item></item></item><item type="list"><item type="str">change</item><item type="list"><item type="int">25</item><item type="str">scores</item><item type="str">Row</item><item type="str">reason_codes</item><item type="str">Row</item><item type="int">0</item><item type="str">reason_description</item></item><item type="list"><item type="str">The input IP address is unknown</item><item type="str">The input IP address is assigned to a different area code than the input phone number</item></item></item><item type="list"><item type="str">change</item><item type="list"><item type="int">25</item><item type="str">scores</item><item type="str">Row</item><item type="str">reason_codes</item><item type="str">Row</item><item type="int">1</item><item type="str">reason_code</item></item><item type="list"><item type="str">38</item><item type="str">DR</item></item></item><item type="list"><item type="str">change</item><item type="list"><item type="int">25</item><item type="str">scores</item><item type="str">Row</item><item type="str">reason_codes</item><item type="str">Row</item><item type="int">1</item><item type="str">reason_description</item></item><item type="list"><item type="str">The input SSN is associated with multiple last names</item><item type="str">Multiple identities associated with identity components</item></item></item><item type="list"><item type="str">change</item><item type="list"><item type="int">25</item><item type="str">scores</item><item type="str">Row</item><item type="str">reason_codes</item><item type="str">Row</item><item type="int">2</item><item type="str">reason_code</item></item><item type="list"><item type="str">MN</item><item type="str">CB</item></item></item><item type="list"><item type="str">change</item><item type="list"><item type="int">25</item><item type="str">scores</item><item type="str">Row</item><item type="str">reason_codes</item><item type="str">Row</item><item type="int">2</item><item type="str">reason_description</item></item><item type="list"><item type="str">The input SSN was issued within the last seventeen years</item><item type="str">Too few sources corroborating SSN, address, and phone</item></item></item><item type="list"><item type="str">change</item><item type="list"><item type="int">25</item><item type="str">scores</item><item type="str">Row</item><item type="str">reason_codes</item><item type="str">Row</item><item type="int">3</item><item type="str">reason_code</item></item><item type="list"><item type="str">VV</item><item type="str">MN</item></item></item><item type="list"><item type="str">change</item><item type="list"><item type="int">25</item><item type="str">scores</item><item type="str">Row</item><item type="str">reason_codes</item><item type="str">Row</item><item type="int">3</item><item type="str">reason_description</item></item><item type="list"><item type="str">Minor or elderly identity</item><item type="str">The input SSN was issued within the last seventeen years</item></item></item><item type="list"><item type="str">change</item><item type="list"><item type="int">25</item><item type="str">scores</item><item type="str">Row</item><item type="str">reason_codes</item><item type="str">Row</item><item type="int">4</item><item type="str">reason_code</item></item><item type="list"><item type="str">PN</item><item type="str">VV</item></item></item><item type="list"><item type="str">change</item><item type="list"><item type="int">25</item><item type="str">scores</item><item type="str">Row</item><item type="str">reason_codes</item><item type="str">Row</item><item type="int">4</item><item type="str">reason_description</item></item><item type="list"><item type="str">Unable to verify phone number with identity</item><item type="str">Minor or elderly identity</item></item></item><item type="list"><item type="str">change</item><item type="list"><item type="int">25</item><item type="str">scores</item><item type="str">Row</item><item type="str">reason_codes</item><item type="str">Row</item><item type="int">5</item><item type="str">reason_code</item></item><item type="list"><item type="str">73</item><item type="str">9D</item></item></item><item type="list"><item type="str">change</item><item type="list"><item type="int">25</item><item type="str">scores</item><item type="str">Row</item><item type="str">reason_codes</item><item type="str">Row</item><item type="int">5</item><item type="str">reason_description</item></item><item type="list"><item type="str">The input phone number is not found in the public record</item><item type="str">Change of address frequency</item></item></item><item type="list"><item type="str">change</item><item type="list"><item type="int">26</item><item type="str">accountnumber</item></item><item type="list"><item type="int">35</item><item type="int">27</item></item></item><item type="list"><item type="str">change</item><item type="list"><item type="int">26</item><item type="str">scores</item><item type="str">Row</item><item type="str">i</item></item><item type="list"><item type="str">630</item><item type="str">661</item></item></item><item type="list"><item type="str">change</item><item type="list"><item type="int">26</item><item type="str">scores</item><item type="str">Row</item><item type="str">reason_codes</item><item type="str">Row</item><item type="int">0</item><item type="str">reason_code</item></item><item type="list"><item type="str">IA</item><item type="str">CB</item></item></item><item type="list"><item type="str">change</item><item type="list"><item type="int">26</item><item type="str">scores</item><item type="str">Row</item><item type="str">reason_codes</item><item type="str">Row</item><item type="int">0</item><item type="str">reason_description</item></item><item type="list"><item type="str">The input IP address is unknown</item><item type="str">Too few sources corroborating SSN, address, and phone</item></item></item><item type="list"><item type="str">change</item><item type="list"><item type="int">26</item><item type="str">scores</item><item type="str">Row</item><item type="str">reason_codes</item><item type="str">Row</item><item type="int">1</item><item type="str">reason_code</item></item><item type="list"><item type="str">DR</item><item type="str">38</item></item></item><item type="list"><item type="str">change</item><item type="list"><item type="int">26</item><item type="str">scores</item><item type="str">Row</item><item type="str">reason_codes</item><item type="str">Row</item><item type="int">1</item><item type="str">reason_description</item></item><item type="list"><item type="str">Multiple identities associated with identity components</item><item type="str">The input SSN is associated with multiple last names</item></item></item><item type="list"><item type="str">change</item><item type="list"><item type="int">26</item><item type="str">scores</item><item type="str">Row</item><item type="str">reason_codes</item><item type="str">Row</item><item type="int">2</item><item type="str">reason_code</item></item><item type="list"><item type="str">38</item><item type="str">MN</item></item></item><item type="list"><item type="str">change</item><item type="list"><item type="int">26</item><item type="str">scores</item><item type="str">Row</item><item type="str">reason_codes</item><item type="str">Row</item><item type="int">2</item><item type="str">reason_description</item></item><item type="list"><item type="str">The input SSN is associated with multiple last names</item><item type="str">The input SSN was issued within the last seventeen years</item></item></item><item type="list"><item type="str">change</item><item type="list"><item type="int">26</item><item type="str">scores</item><item type="str">Row</item><item type="str">reason_codes</item><item type="str">Row</item><item type="int">3</item><item type="str">reason_code</item></item><item type="list"><item type="str">MN</item><item type="str">VV</item></item></item><item type="list"><item type="str">change</item><item type="list"><item type="int">26</item><item type="str">scores</item><item type="str">Row</item><item type="str">reason_codes</item><item type="str">Row</item><item type="int">3</item><item type="str">reason_description</item></item><item type="list"><item type="str">The input SSN was issued within the last seventeen years</item><item type="str">Minor or elderly identity</item></item></item><item type="list"><item type="str">change</item><item type="list"><item type="int">26</item><item type="str">scores</item><item type="str">Row</item><item type="str">reason_codes</item><item type="str">Row</item><item type="int">4</item><item type="str">reason_code</item></item><item type="list"><item type="str">VV</item><item type="str">9D</item></item></item><item type="list"><item type="str">change</item><item type="list"><item type="int">26</item><item type="str">scores</item><item type="str">Row</item><item type="str">reason_codes</item><item type="str">Row</item><item type="int">4</item><item type="str">reason_description</item></item><item type="list"><item type="str">Minor or elderly identity</item><item type="str">Change of address frequency</item></item></item><item type="list"><item type="str">change</item><item type="list"><item type="int">27</item><item type="str">accountnumber</item></item><item type="list"><item type="int">36</item><item type="int">28</item></item></item><item type="list"><item type="str">change</item><item type="list"><item type="int">27</item><item type="str">scores</item><item type="str">Row</item><item type="str">i</item></item><item type="list"><item type="str">633</item><item type="str">520</item></item></item><item type="list"><item type="str">change</item><item type="list"><item type="int">27</item><item type="str">scores</item><item type="str">Row</item><item type="str">reason_codes</item><item type="str">Row</item><item type="int">0</item><item type="str">reason_code</item></item><item type="list"><item type="str">IA</item><item type="str">II</item></item></item><item type="list"><item type="str">change</item><item type="list"><item type="int">27</item><item type="str">scores</item><item type="str">Row</item><item type="str">reason_codes</item><item type="str">Row</item><item type="int">0</item><item type="str">reason_description</item></item><item type="list"><item type="str">The input IP address is unknown</item><item type="str">The input IP address is assigned to a different State/Province than the input State/Province</item></item></item><item type="list"><item type="str">change</item><item type="list"><item type="int">27</item><item type="str">scores</item><item type="str">Row</item><item type="str">reason_codes</item><item type="str">Row</item><item type="int">1</item><item type="str">reason_code</item></item><item type="list"><item type="str">SA</item><item type="str">DR</item></item></item><item type="list"><item type="str">change</item><item type="list"><item type="int">27</item><item type="str">scores</item><item type="str">Row</item><item type="str">reason_codes</item><item type="str">Row</item><item type="int">1</item><item type="str">reason_description</item></item><item type="list"><item type="str">SSN not reported at address</item><item type="str">Multiple identities associated with identity components</item></item></item><item type="list"><item type="str">change</item><item type="list"><item type="int">27</item><item type="str">scores</item><item type="str">Row</item><item type="str">reason_codes</item><item type="str">Row</item><item type="int">2</item><item type="str">reason_code</item></item><item type="list"><item type="str">CB</item><item type="str">MN</item></item></item><item type="list"><item type="str">change</item><item type="list"><item type="int">27</item><item type="str">scores</item><item type="str">Row</item><item type="str">reason_codes</item><item type="str">Row</item><item type="int">2</item><item type="str">reason_description</item></item><item type="list"><item type="str">Too few sources corroborating SSN, address, and phone</item><item type="str">The input SSN was issued within the last seventeen years</item></item></item><item type="list"><item type="str">change</item><item type="list"><item type="int">27</item><item type="str">scores</item><item type="str">Row</item><item type="str">reason_codes</item><item type="str">Row</item><item type="int">3</item><item type="str">reason_code</item></item><item type="list"><item type="str">MN</item><item type="str">VV</item></item></item><item type="list"><item type="str">change</item><item type="list"><item type="int">27</item><item type="str">scores</item><item type="str">Row</item><item type="str">reason_codes</item><item type="str">Row</item><item type="int">3</item><item type="str">reason_description</item></item><item type="list"><item type="str">The input SSN was issued within the last seventeen years</item><item type="str">Minor or elderly identity</item></item></item><item type="list"><item type="str">change</item><item type="list"><item type="int">27</item><item type="str">scores</item><item type="str">Row</item><item type="str">reason_codes</item><item type="str">Row</item><item type="int">4</item><item type="str">reason_code</item></item><item type="list"><item type="str">VV</item><item type="str">9D</item></item></item><item type="list"><item type="str">change</item><item type="list"><item type="int">27</item><item type="str">scores</item><item type="str">Row</item><item type="str">reason_codes</item><item type="str">Row</item><item type="int">4</item><item type="str">reason_description</item></item><item type="list"><item type="str">Minor or elderly identity</item><item type="str">Change of address frequency</item></item></item><item type="list"><item type="str">change</item><item type="list"><item type="int">27</item><item type="str">scores</item><item type="str">Row</item><item type="str">reason_codes</item><item type="str">Row</item><item type="int">5</item><item type="str">reason_code</item></item><item type="list"><item type="str">9D</item><item type="str">PA</item></item></item><item type="list"><item type="str">change</item><item type="list"><item type="int">27</item><item type="str">scores</item><item type="str">Row</item><item type="str">reason_codes</item><item type="str">Row</item><item type="int">5</item><item type="str">reason_description</item></item><item type="list"><item type="str">Change of address frequency</item><item type="str">Potential address discrepancy - the Input address may be previous address</item></item></item><item type="list"><item type="str">change</item><item type="list"><item type="int">28</item><item type="str">accountnumber</item></item><item type="list"><item type="int">37</item><item type="int">29</item></item></item><item type="list"><item type="str">change</item><item type="list"><item type="int">28</item><item type="str">scores</item><item type="str">Row</item><item type="str">i</item></item><item type="list"><item type="str">596</item><item type="str">675</item></item></item><item type="list"><item type="str">change</item><item type="list"><item type="int">28</item><item type="str">scores</item><item type="str">Row</item><item type="str">reason_codes</item><item type="str">Row</item><item type="int">2</item><item type="str">reason_code</item></item><item type="list"><item type="str">38</item><item type="str">CB</item></item></item><item type="list"><item type="str">change</item><item type="list"><item type="int">28</item><item type="str">scores</item><item type="str">Row</item><item type="str">reason_codes</item><item type="str">Row</item><item type="int">2</item><item type="str">reason_description</item></item><item type="list"><item type="str">The input SSN is associated with multiple last names</item><item type="str">Too few sources corroborating SSN, address, and phone</item></item></item><item type="list"><item type="str">change</item><item type="list"><item type="int">29</item><item type="str">accountnumber</item></item><item type="list"><item type="int">39</item><item type="int">30</item></item></item><item type="list"><item type="str">change</item><item type="list"><item type="int">29</item><item type="str">scores</item><item type="str">Row</item><item type="str">i</item></item><item type="list"><item type="str">594</item><item type="str">618</item></item></item><item type="list"><item type="str">change</item><item type="list"><item type="int">29</item><item type="str">scores</item><item type="str">Row</item><item type="str">reason_codes</item><item type="str">Row</item><item type="int">1</item><item type="str">reason_code</item></item><item type="list"><item type="str">SA</item><item type="str">DR</item></item></item><item type="list"><item type="str">change</item><item type="list"><item type="int">29</item><item type="str">scores</item><item type="str">Row</item><item type="str">reason_codes</item><item type="str">Row</item><item type="int">1</item><item type="str">reason_description</item></item><item type="list"><item type="str">SSN not reported at address</item><item type="str">Multiple identities associated with identity components</item></item></item><item type="list"><item type="str">change</item><item type="list"><item type="int">29</item><item type="str">scores</item><item type="str">Row</item><item type="str">reason_codes</item><item type="str">Row</item><item type="int">2</item><item type="str">reason_code</item></item><item type="list"><item type="str">CB</item><item type="str">MN</item></item></item><item type="list"><item type="str">change</item><item type="list"><item type="int">29</item><item type="str">scores</item><item type="str">Row</item><item type="str">reason_codes</item><item type="str">Row</item><item type="int">2</item><item type="str">reason_description</item></item><item type="list"><item type="str">Too few sources corroborating SSN, address, and phone</item><item type="str">The input SSN was issued within the last seventeen years</item></item></item><item type="list"><item type="str">change</item><item type="list"><item type="int">29</item><item type="str">scores</item><item type="str">Row</item><item type="str">reason_codes</item><item type="str">Row</item><item type="int">3</item><item type="str">reason_code</item></item><item type="list"><item type="str">38</item><item type="str">VV</item></item></item><item type="list"><item type="str">change</item><item type="list"><item type="int">29</item><item type="str">scores</item><item type="str">Row</item><item type="str">reason_codes</item><item type="str">Row</item><item type="int">3</item><item type="str">reason_description</item></item><item type="list"><item type="str">The input SSN is associated with multiple last names</item><item type="str">Minor or elderly identity</item></item></item><item type="list"><item type="str">change</item><item type="list"><item type="int">29</item><item type="str">scores</item><item type="str">Row</item><item type="str">reason_codes</item><item type="str">Row</item><item type="int">4</item><item type="str">reason_code</item></item><item type="list"><item type="str">MN</item><item type="str">PA</item></item></item><item type="list"><item type="str">change</item><item type="list"><item type="int">29</item><item type="str">scores</item><item type="str">Row</item><item type="str">reason_codes</item><item type="str">Row</item><item type="int">4</item><item type="str">reason_description</item></item><item type="list"><item type="str">The input SSN was issued within the last seventeen years</item><item type="str">Potential address discrepancy - the Input address may be previous address</item></item></item><item type="list"><item type="str">change</item><item type="list"><item type="int">29</item><item type="str">scores</item><item type="str">Row</item><item type="str">reason_codes</item><item type="str">Row</item><item type="int">5</item><item type="str">reason_code</item></item><item type="list"><item type="str">BO</item><item type="str">PN</item></item></item><item type="list"><item type="str">change</item><item type="list"><item type="int">29</item><item type="str">scores</item><item type="str">Row</item><item type="str">reason_codes</item><item type="str">Row</item><item type="int">5</item><item type="str">reason_description</item></item><item type="list"><item type="str">Identity sourced only by national credit bureaus</item><item type="str">Unable to verify phone number with identity</item></item></item><item type="list"><item type="str">change</item><item type="list"><item type="int">30</item><item type="str">accountnumber</item></item><item type="list"><item type="int">40</item><item type="int">31</item></item></item><item type="list"><item type="str">change</item><item type="list"><item type="int">30</item><item type="str">scores</item><item type="str">Row</item><item type="str">i</item></item><item type="list"><item type="str">663</item><item type="str">596</item></item></item><item type="list"><item type="str">change</item><item type="list"><item type="int">30</item><item type="str">scores</item><item type="str">Row</item><item type="str">reason_codes</item><item type="str">Row</item><item type="int">0</item><item type="str">reason_code</item></item><item type="list"><item type="str">IA</item><item type="str">IK</item></item></item><item type="list"><item type="str">change</item><item type="list"><item type="int">30</item><item type="str">scores</item><item type="str">Row</item><item type="str">reason_codes</item><item type="str">Row</item><item type="int">0</item><item type="str">reason_description</item></item><item type="list"><item type="str">The input IP address is unknown</item><item type="str">The input IP address is assigned to a different area code than the input phone number</item></item></item><item type="list"><item type="str">change</item><item type="list"><item type="int">30</item><item type="str">scores</item><item type="str">Row</item><item type="str">reason_codes</item><item type="str">Row</item><item type="int">2</item><item type="str">reason_code</item></item><item type="list"><item type="str">MN</item><item type="str">CB</item></item></item><item type="list"><item type="str">change</item><item type="list"><item type="int">30</item><item type="str">scores</item><item type="str">Row</item><item type="str">reason_codes</item><item type="str">Row</item><item type="int">2</item><item type="str">reason_description</item></item><item type="list"><item type="str">The input SSN was issued within the last seventeen years</item><item type="str">Too few sources corroborating SSN, address, and phone</item></item></item><item type="list"><item type="str">change</item><item type="list"><item type="int">30</item><item type="str">scores</item><item type="str">Row</item><item type="str">reason_codes</item><item type="str">Row</item><item type="int">3</item><item type="str">reason_code</item></item><item type="list"><item type="str">VV</item><item type="str">MN</item></item></item><item type="list"><item type="str">change</item><item type="list"><item type="int">30</item><item type="str">scores</item><item type="str">Row</item><item type="str">reason_codes</item><item type="str">Row</item><item type="int">3</item><item type="str">reason_description</item></item><item type="list"><item type="str">Minor or elderly identity</item><item type="str">The input SSN was issued within the last seventeen years</item></item></item><item type="list"><item type="str">change</item><item type="list"><item type="int">30</item><item type="str">scores</item><item type="str">Row</item><item type="str">reason_codes</item><item type="str">Row</item><item type="int">4</item><item type="str">reason_code</item></item><item type="list"><item type="str">PN</item><item type="str">VV</item></item></item><item type="list"><item type="str">change</item><item type="list"><item type="int">30</item><item type="str">scores</item><item type="str">Row</item><item type="str">reason_codes</item><item type="str">Row</item><item type="int">4</item><item type="str">reason_description</item></item><item type="list"><item type="str">Unable to verify phone number with identity</item><item type="str">Minor or elderly identity</item></item></item><item type="list"><item type="str">change</item><item type="list"><item type="int">30</item><item type="str">scores</item><item type="str">Row</item><item type="str">reason_codes</item><item type="str">Row</item><item type="int">5</item><item type="str">reason_code</item></item><item type="list"><item type="str">73</item><item type="str">9D</item></item></item><item type="list"><item type="str">change</item><item type="list"><item type="int">30</item><item type="str">scores</item><item type="str">Row</item><item type="str">reason_codes</item><item type="str">Row</item><item type="int">5</item><item type="str">reason_description</item></item><item type="list"><item type="str">The input phone number is not found in the public record</item><item type="str">Change of address frequency</item></item></item><item type="list"><item type="str">change</item><item type="list"><item type="int">31</item><item type="str">accountnumber</item></item><item type="list"><item type="int">42</item><item type="int">32</item></item></item><item type="list"><item type="str">change</item><item type="list"><item type="int">31</item><item type="str">scores</item><item type="str">Row</item><item type="str">i</item></item><item type="list"><item type="str">512</item><item type="str">621</item></item></item><item type="list"><item type="str">change</item><item type="list"><item type="int">31</item><item type="str">scores</item><item type="str">Row</item><item type="str">reason_codes</item><item type="str">Row</item><item type="int">0</item><item type="str">reason_code</item></item><item type="list"><item type="str">IA</item><item type="str">IJ</item></item></item><item type="list"><item type="str">change</item><item type="list"><item type="int">31</item><item type="str">scores</item><item type="str">Row</item><item type="str">reason_codes</item><item type="str">Row</item><item type="int">0</item><item type="str">reason_description</item></item><item type="list"><item type="str">The input IP address is unknown</item><item type="str">The input IP address is assigned to a different postal code than the input postal code</item></item></item><item type="list"><item type="str">change</item><item type="list"><item type="int">31</item><item type="str">scores</item><item type="str">Row</item><item type="str">reason_codes</item><item type="str">Row</item><item type="int">1</item><item type="str">reason_code</item></item><item type="list"><item type="str">DR</item><item type="str">MN</item></item></item><item type="list"><item type="str">change</item><item type="list"><item type="int">31</item><item type="str">scores</item><item type="str">Row</item><item type="str">reason_codes</item><item type="str">Row</item><item type="int">1</item><item type="str">reason_description</item></item><item type="list"><item type="str">Multiple identities associated with identity components</item><item type="str">The input SSN was issued within the last seventeen years</item></item></item><item type="list"><item type="str">change</item><item type="list"><item type="int">31</item><item type="str">scores</item><item type="str">Row</item><item type="str">reason_codes</item><item type="str">Row</item><item type="int">2</item><item type="str">reason_code</item></item><item type="list"><item type="str">CB</item><item type="str">VV</item></item></item><item type="list"><item type="str">change</item><item type="list"><item type="int">31</item><item type="str">scores</item><item type="str">Row</item><item type="str">reason_codes</item><item type="str">Row</item><item type="int">2</item><item type="str">reason_description</item></item><item type="list"><item type="str">Too few sources corroborating SSN, address, and phone</item><item type="str">Minor or elderly identity</item></item></item><item type="list"><item type="str">change</item><item type="list"><item type="int">31</item><item type="str">scores</item><item type="str">Row</item><item type="str">reason_codes</item><item type="str">Row</item><item type="int">3</item><item type="str">reason_code</item></item><item type="list"><item type="str">MN</item><item type="str">PN</item></item></item><item type="list"><item type="str">change</item><item type="list"><item type="int">31</item><item type="str">scores</item><item type="str">Row</item><item type="str">reason_codes</item><item type="str">Row</item><item type="int">3</item><item type="str">reason_description</item></item><item type="list"><item type="str">The input SSN was issued within the last seventeen years</item><item type="str">Unable to verify phone number with identity</item></item></item><item type="list"><item type="str">change</item><item type="list"><item type="int">31</item><item type="str">scores</item><item type="str">Row</item><item type="str">reason_codes</item><item type="str">Row</item><item type="int">4</item><item type="str">reason_code</item></item><item type="list"><item type="str">VV</item><item type="str">73</item></item></item><item type="list"><item type="str">change</item><item type="list"><item type="int">31</item><item type="str">scores</item><item type="str">Row</item><item type="str">reason_codes</item><item type="str">Row</item><item type="int">4</item><item type="str">reason_description</item></item><item type="list"><item type="str">Minor or elderly identity</item><item type="str">The input phone number is not found in the public record</item></item></item><item type="list"><item type="str">change</item><item type="list"><item type="int">31</item><item type="str">scores</item><item type="str">Row</item><item type="str">reason_codes</item><item type="str">Row</item><item type="int">5</item><item type="str">reason_code</item></item><item type="list"><item type="str">PA</item><item type="str">PH</item></item></item><item type="list"><item type="str">change</item><item type="list"><item type="int">31</item><item type="str">scores</item><item type="str">Row</item><item type="str">reason_codes</item><item type="str">Row</item><item type="int">5</item><item type="str">reason_description</item></item><item type="list"><item type="str">Potential address discrepancy - the Input address may be previous address</item><item type="str">Name, address and phone not linked in reporting sources</item></item></item><item type="list"><item type="str">change</item><item type="list"><item type="int">32</item><item type="str">accountnumber</item></item><item type="list"><item type="int">43</item><item type="int">33</item></item></item><item type="list"><item type="str">change</item><item type="list"><item type="int">32</item><item type="str">scores</item><item type="str">Row</item><item type="str">i</item></item><item type="list"><item type="str">642</item><item type="str">597</item></item></item><item type="list"><item type="str">change</item><item type="list"><item type="int">32</item><item type="str">scores</item><item type="str">Row</item><item type="str">reason_codes</item><item type="str">Row</item><item type="int">0</item><item type="str">reason_code</item></item><item type="list"><item type="str">IA</item><item type="str">IF</item></item></item><item type="list"><item type="str">change</item><item type="list"><item type="int">32</item><item type="str">scores</item><item type="str">Row</item><item type="str">reason_codes</item><item type="str">Row</item><item type="int">0</item><item type="str">reason_description</item></item><item type="list"><item type="str">The input IP address is unknown</item><item type="str">The input IP address is not assigned to the United States</item></item></item><item type="list"><item type="str">change</item><item type="list"><item type="int">32</item><item type="str">scores</item><item type="str">Row</item><item type="str">reason_codes</item><item type="str">Row</item><item type="int">1</item><item type="str">reason_code</item></item><item type="list"><item type="str">MN</item><item type="str">38</item></item></item><item type="list"><item type="str">change</item><item type="list"><item type="int">32</item><item type="str">scores</item><item type="str">Row</item><item type="str">reason_codes</item><item type="str">Row</item><item type="int">1</item><item type="str">reason_description</item></item><item type="list"><item type="str">The input SSN was issued within the last seventeen years</item><item type="str">The input SSN is associated with multiple last names</item></item></item><item type="list"><item type="str">change</item><item type="list"><item type="int">32</item><item type="str">scores</item><item type="str">Row</item><item type="str">reason_codes</item><item type="str">Row</item><item type="int">2</item><item type="str">reason_code</item></item><item type="list"><item type="str">VV</item><item type="str">MN</item></item></item><item type="list"><item type="str">change</item><item type="list"><item type="int">32</item><item type="str">scores</item><item type="str">Row</item><item type="str">reason_codes</item><item type="str">Row</item><item type="int">2</item><item type="str">reason_description</item></item><item type="list"><item type="str">Minor or elderly identity</item><item type="str">The input SSN was issued within the last seventeen years</item></item></item><item type="list"><item type="str">change</item><item type="list"><item type="int">32</item><item type="str">scores</item><item type="str">Row</item><item type="str">reason_codes</item><item type="str">Row</item><item type="int">3</item><item type="str">reason_code</item></item><item type="list"><item type="str">9D</item><item type="str">VV</item></item></item><item type="list"><item type="str">change</item><item type="list"><item type="int">32</item><item type="str">scores</item><item type="str">Row</item><item type="str">reason_codes</item><item type="str">Row</item><item type="int">3</item><item type="str">reason_description</item></item><item type="list"><item type="str">Change of address frequency</item><item type="str">Minor or elderly identity</item></item></item><item type="list"><item type="str">change</item><item type="list"><item type="int">32</item><item type="str">scores</item><item type="str">Row</item><item type="str">reason_codes</item><item type="str">Row</item><item type="int">4</item><item type="str">reason_code</item></item><item type="list"><item type="str">9K</item><item type="str">PN</item></item></item><item type="list"><item type="str">change</item><item type="list"><item type="int">32</item><item type="str">scores</item><item type="str">Row</item><item type="str">reason_codes</item><item type="str">Row</item><item type="int">4</item><item type="str">reason_description</item></item><item type="list"><item type="str">Address dwelling type</item><item type="str">Unable to verify phone number with identity</item></item></item><item type="list"><item type="str">change</item><item type="list"><item type="int">32</item><item type="str">scores</item><item type="str">Row</item><item type="str">reason_codes</item><item type="str">Row</item><item type="int">5</item><item type="str">reason_code</item></item><item type="list"><item type="str">PN</item><item type="str">73</item></item></item><item type="list"><item type="str">change</item><item type="list"><item type="int">32</item><item type="str">scores</item><item type="str">Row</item><item type="str">reason_codes</item><item type="str">Row</item><item type="int">5</item><item type="str">reason_description</item></item><item type="list"><item type="str">Unable to verify phone number with identity</item><item type="str">The input phone number is not found in the public record</item></item></item><item type="list"><item type="str">change</item><item type="list"><item type="int">33</item><item type="str">accountnumber</item></item><item type="list"><item type="int">44</item><item type="int">34</item></item></item><item type="list"><item type="str">change</item><item type="list"><item type="int">33</item><item type="str">scores</item><item type="str">Row</item><item type="str">i</item></item><item type="list"><item type="str">625</item><item type="str">561</item></item></item><item type="list"><item type="str">change</item><item type="list"><item type="int">33</item><item type="str">scores</item><item type="str">Row</item><item type="str">reason_codes</item><item type="str">Row</item><item type="int">1</item><item type="str">reason_code</item></item><item type="list"><item type="str">DR</item><item type="str">MI</item></item></item><item type="list"><item type="str">change</item><item type="list"><item type="int">33</item><item type="str">scores</item><item type="str">Row</item><item type="str">reason_codes</item><item type="str">Row</item><item type="int">1</item><item type="str">reason_description</item></item><item type="list"><item type="str">Multiple identities associated with identity components</item><item type="str">Multiple identities associated with the input SSN</item></item></item><item type="list"><item type="str">change</item><item type="list"><item type="int">33</item><item type="str">scores</item><item type="str">Row</item><item type="str">reason_codes</item><item type="str">Row</item><item type="int">2</item><item type="str">reason_code</item></item><item type="list"><item type="str">CB</item><item type="str">DR</item></item></item><item type="list"><item type="str">change</item><item type="list"><item type="int">33</item><item type="str">scores</item><item type="str">Row</item><item type="str">reason_codes</item><item type="str">Row</item><item type="int">2</item><item type="str">reason_description</item></item><item type="list"><item type="str">Too few sources corroborating SSN, address, and phone</item><item type="str">Multiple identities associated with identity components</item></item></item><item type="list"><item type="str">change</item><item type="list"><item type="int">33</item><item type="str">scores</item><item type="str">Row</item><item type="str">reason_codes</item><item type="str">Row</item><item type="int">3</item><item type="str">reason_code</item></item><item type="list"><item type="str">MN</item><item type="str">38</item></item></item><item type="list"><item type="str">change</item><item type="list"><item type="int">33</item><item type="str">scores</item><item type="str">Row</item><item type="str">reason_codes</item><item type="str">Row</item><item type="int">3</item><item type="str">reason_description</item></item><item type="list"><item type="str">The input SSN was issued within the last seventeen years</item><item type="str">The input SSN is associated with multiple last names</item></item></item><item type="list"><item type="str">change</item><item type="list"><item type="int">33</item><item type="str">scores</item><item type="str">Row</item><item type="str">reason_codes</item><item type="str">Row</item><item type="int">4</item><item type="str">reason_code</item></item><item type="list"><item type="str">VV</item><item type="str">MN</item></item></item><item type="list"><item type="str">change</item><item type="list"><item type="int">33</item><item type="str">scores</item><item type="str">Row</item><item type="str">reason_codes</item><item type="str">Row</item><item type="int">4</item><item type="str">reason_description</item></item><item type="list"><item type="str">Minor or elderly identity</item><item type="str">The input SSN was issued within the last seventeen years</item></item></item><item type="list"><item type="str">change</item><item type="list"><item type="int">33</item><item type="str">scores</item><item type="str">Row</item><item type="str">reason_codes</item><item type="str">Row</item><item type="int">5</item><item type="str">reason_code</item></item><item type="list"><item type="str">9K</item><item type="str">VV</item></item></item><item type="list"><item type="str">change</item><item type="list"><item type="int">33</item><item type="str">scores</item><item type="str">Row</item><item type="str">reason_codes</item><item type="str">Row</item><item type="int">5</item><item type="str">reason_description</item></item><item type="list"><item type="str">Address dwelling type</item><item type="str">Minor or elderly identity</item></item></item><item type="list"><item type="str">change</item><item type="list"><item type="int">34</item><item type="str">accountnumber</item></item><item type="list"><item type="int">45</item><item type="int">35</item></item></item><item type="list"><item type="str">change</item><item type="list"><item type="int">34</item><item type="str">scores</item><item type="str">Row</item><item type="str">i</item></item><item type="list"><item type="str">574</item><item type="str">608</item></item></item><item type="list"><item type="str">change</item><item type="list"><item type="int">34</item><item type="str">scores</item><item type="str">Row</item><item type="str">reason_codes</item><item type="str">Row</item><item type="int">0</item><item type="str">reason_code</item></item><item type="list"><item type="str">IA</item><item type="str">IJ</item></item></item><item type="list"><item type="str">change</item><item type="list"><item type="int">34</item><item type="str">scores</item><item type="str">Row</item><item type="str">reason_codes</item><item type="str">Row</item><item type="int">0</item><item type="str">reason_description</item></item><item type="list"><item type="str">The input IP address is unknown</item><item type="str">The input IP address is assigned to a different postal code than the input postal code</item></item></item><item type="list"><item type="str">change</item><item type="list"><item type="int">34</item><item type="str">scores</item><item type="str">Row</item><item type="str">reason_codes</item><item type="str">Row</item><item type="int">2</item><item type="str">reason_code</item></item><item type="list"><item type="str">CB</item><item type="str">38</item></item></item><item type="list"><item type="str">change</item><item type="list"><item type="int">34</item><item type="str">scores</item><item type="str">Row</item><item type="str">reason_codes</item><item type="str">Row</item><item type="int">2</item><item type="str">reason_description</item></item><item type="list"><item type="str">Too few sources corroborating SSN, address, and phone</item><item type="str">The input SSN is associated with multiple last names</item></item></item><item type="list"><item type="str">change</item><item type="list"><item type="int">34</item><item type="str">scores</item><item type="str">Row</item><item type="str">reason_codes</item><item type="str">Row</item><item type="int">5</item><item type="str">reason_code</item></item><item type="list"><item type="str">9D</item><item type="str">PN</item></item></item><item type="list"><item type="str">change</item><item type="list"><item type="int">34</item><item type="str">scores</item><item type="str">Row</item><item type="str">reason_codes</item><item type="str">Row</item><item type="int">5</item><item type="str">reason_description</item></item><item type="list"><item type="str">Change of address frequency</item><item type="str">Unable to verify phone number with identity</item></item></item><item type="list"><item type="str">change</item><item type="list"><item type="int">35</item><item type="str">accountnumber</item></item><item type="list"><item type="int">46</item><item type="int">36</item></item></item><item type="list"><item type="str">change</item><item type="list"><item type="int">35</item><item type="str">scores</item><item type="str">Row</item><item type="str">i</item></item><item type="list"><item type="str">659</item><item type="str">622</item></item></item><item type="list"><item type="str">change</item><item type="list"><item type="int">35</item><item type="str">scores</item><item type="str">Row</item><item type="str">reason_codes</item><item type="str">Row</item><item type="int">0</item><item type="str">reason_code</item></item><item type="list"><item type="str">IA</item><item type="str">IJ</item></item></item><item type="list"><item type="str">change</item><item type="list"><item type="int">35</item><item type="str">scores</item><item type="str">Row</item><item type="str">reason_codes</item><item type="str">Row</item><item type="int">0</item><item type="str">reason_description</item></item><item type="list"><item type="str">The input IP address is unknown</item><item type="str">The input IP address is assigned to a different postal code than the input postal code</item></item></item><item type="list"><item type="str">change</item><item type="list"><item type="int">35</item><item type="str">scores</item><item type="str">Row</item><item type="str">reason_codes</item><item type="str">Row</item><item type="int">1</item><item type="str">reason_code</item></item><item type="list"><item type="str">DR</item><item type="str">SA</item></item></item><item type="list"><item type="str">change</item><item type="list"><item type="int">35</item><item type="str">scores</item><item type="str">Row</item><item type="str">reason_codes</item><item type="str">Row</item><item type="int">1</item><item type="str">reason_description</item></item><item type="list"><item type="str">Multiple identities associated with identity components</item><item type="str">SSN not reported at address</item></item></item><item type="list"><item type="str">change</item><item type="list"><item type="int">35</item><item type="str">scores</item><item type="str">Row</item><item type="str">reason_codes</item><item type="str">Row</item><item type="int">2</item><item type="str">reason_code</item></item><item type="list"><item type="str">MN</item><item type="str">CB</item></item></item><item type="list"><item type="str">change</item><item type="list"><item type="int">35</item><item type="str">scores</item><item type="str">Row</item><item type="str">reason_codes</item><item type="str">Row</item><item type="int">2</item><item type="str">reason_description</item></item><item type="list"><item type="str">The input SSN was issued within the last seventeen years</item><item type="str">Too few sources corroborating SSN, address, and phone</item></item></item><item type="list"><item type="str">change</item><item type="list"><item type="int">35</item><item type="str">scores</item><item type="str">Row</item><item type="str">reason_codes</item><item type="str">Row</item><item type="int">3</item><item type="str">reason_code</item></item><item type="list"><item type="str">VV</item><item type="str">MN</item></item></item><item type="list"><item type="str">change</item><item type="list"><item type="int">35</item><item type="str">scores</item><item type="str">Row</item><item type="str">reason_codes</item><item type="str">Row</item><item type="int">3</item><item type="str">reason_description</item></item><item type="list"><item type="str">Minor or elderly identity</item><item type="str">The input SSN was issued within the last seventeen years</item></item></item><item type="list"><item type="str">change</item><item type="list"><item type="int">35</item><item type="str">scores</item><item type="str">Row</item><item type="str">reason_codes</item><item type="str">Row</item><item type="int">4</item><item type="str">reason_code</item></item><item type="list"><item type="str">9D</item><item type="str">VV</item></item></item><item type="list"><item type="str">change</item><item type="list"><item type="int">35</item><item type="str">scores</item><item type="str">Row</item><item type="str">reason_codes</item><item type="str">Row</item><item type="int">4</item><item type="str">reason_description</item></item><item type="list"><item type="str">Change of address frequency</item><item type="str">Minor or elderly identity</item></item></item><item type="list"><item type="str">change</item><item type="list"><item type="int">35</item><item type="str">scores</item><item type="str">Row</item><item type="str">reason_codes</item><item type="str">Row</item><item type="int">5</item><item type="str">reason_code</item></item><item type="list"><item type="str">PN</item><item type="str">9D</item></item></item><item type="list"><item type="str">change</item><item type="list"><item type="int">35</item><item type="str">scores</item><item type="str">Row</item><item type="str">reason_codes</item><item type="str">Row</item><item type="int">5</item><item type="str">reason_description</item></item><item type="list"><item type="str">Unable to verify phone number with identity</item><item type="str">Change of address frequency</item></item></item><item type="list"><item type="str">change</item><item type="list"><item type="int">36</item><item type="str">accountnumber</item></item><item type="list"><item type="int">47</item><item type="int">37</item></item></item><item type="list"><item type="str">change</item><item type="list"><item type="int">36</item><item type="str">scores</item><item type="str">Row</item><item type="str">i</item></item><item type="list"><item type="str">612</item><item type="str">535</item></item></item><item type="list"><item type="str">change</item><item type="list"><item type="int">36</item><item type="str">scores</item><item type="str">Row</item><item type="str">reason_codes</item><item type="str">Row</item><item type="int">0</item><item type="str">reason_code</item></item><item type="list"><item type="str">IA</item><item type="str">IK</item></item></item><item type="list"><item type="str">change</item><item type="list"><item type="int">36</item><item type="str">scores</item><item type="str">Row</item><item type="str">reason_codes</item><item type="str">Row</item><item type="int">0</item><item type="str">reason_description</item></item><item type="list"><item type="str">The input IP address is unknown</item><item type="str">The input IP address is assigned to a different area code than the input phone number</item></item></item><item type="list"><item type="str">change</item><item type="list"><item type="int">36</item><item type="str">scores</item><item type="str">Row</item><item type="str">reason_codes</item><item type="str">Row</item><item type="int">2</item><item type="str">reason_code</item></item><item type="list"><item type="str">CB</item><item type="str">38</item></item></item><item type="list"><item type="str">change</item><item type="list"><item type="int">36</item><item type="str">scores</item><item type="str">Row</item><item type="str">reason_codes</item><item type="str">Row</item><item type="int">2</item><item type="str">reason_description</item></item><item type="list"><item type="str">Too few sources corroborating SSN, address, and phone</item><item type="str">The input SSN is associated with multiple last names</item></item></item><item type="list"><item type="str">change</item><item type="list"><item type="int">36</item><item type="str">scores</item><item type="str">Row</item><item type="str">reason_codes</item><item type="str">Row</item><item type="int">5</item><item type="str">reason_code</item></item><item type="list"><item type="str">PN</item><item type="str">9D</item></item></item><item type="list"><item type="str">change</item><item type="list"><item type="int">36</item><item type="str">scores</item><item type="str">Row</item><item type="str">reason_codes</item><item type="str">Row</item><item type="int">5</item><item type="str">reason_description</item></item><item type="list"><item type="str">Unable to verify phone number with identity</item><item type="str">Change of address frequency</item></item></item><item type="list"><item type="str">change</item><item type="list"><item type="int">37</item><item type="str">accountnumber</item></item><item type="list"><item type="int">48</item><item type="int">38</item></item></item><item type="list"><item type="str">change</item><item type="list"><item type="int">37</item><item type="str">scores</item><item type="str">Row</item><item type="str">i</item></item><item type="list"><item type="str">658</item><item type="str">545</item></item></item><item type="list"><item type="str">change</item><item type="list"><item type="int">37</item><item type="str">scores</item><item type="str">Row</item><item type="str">reason_codes</item><item type="str">Row</item><item type="int">0</item><item type="str">reason_code</item></item><item type="list"><item type="str">IA</item><item type="str">IK</item></item></item><item type="list"><item type="str">change</item><item type="list"><item type="int">37</item><item type="str">scores</item><item type="str">Row</item><item type="str">reason_codes</item><item type="str">Row</item><item type="int">0</item><item type="str">reason_description</item></item><item type="list"><item type="str">The input IP address is unknown</item><item type="str">The input IP address is assigned to a different area code than the input phone number</item></item></item><item type="list"><item type="str">change</item><item type="list"><item type="int">37</item><item type="str">scores</item><item type="str">Row</item><item type="str">reason_codes</item><item type="str">Row</item><item type="int">2</item><item type="str">reason_code</item></item><item type="list"><item type="str">CB</item><item type="str">MN</item></item></item><item type="list"><item type="str">change</item><item type="list"><item type="int">37</item><item type="str">scores</item><item type="str">Row</item><item type="str">reason_codes</item><item type="str">Row</item><item type="int">2</item><item type="str">reason_description</item></item><item type="list"><item type="str">Too few sources corroborating SSN, address, and phone</item><item type="str">The input SSN was issued within the last seventeen years</item></item></item><item type="list"><item type="str">change</item><item type="list"><item type="int">37</item><item type="str">scores</item><item type="str">Row</item><item type="str">reason_codes</item><item type="str">Row</item><item type="int">3</item><item type="str">reason_code</item></item><item type="list"><item type="str">MN</item><item type="str">VV</item></item></item><item type="list"><item type="str">change</item><item type="list"><item type="int">37</item><item type="str">scores</item><item type="str">Row</item><item type="str">reason_codes</item><item type="str">Row</item><item type="int">3</item><item type="str">reason_description</item></item><item type="list"><item type="str">The input SSN was issued within the last seventeen years</item><item type="str">Minor or elderly identity</item></item></item><item type="list"><item type="str">change</item><item type="list"><item type="int">37</item><item type="str">scores</item><item type="str">Row</item><item type="str">reason_codes</item><item type="str">Row</item><item type="int">4</item><item type="str">reason_code</item></item><item type="list"><item type="str">VV</item><item type="str">9D</item></item></item><item type="list"><item type="str">change</item><item type="list"><item type="int">37</item><item type="str">scores</item><item type="str">Row</item><item type="str">reason_codes</item><item type="str">Row</item><item type="int">4</item><item type="str">reason_description</item></item><item type="list"><item type="str">Minor or elderly identity</item><item type="str">Change of address frequency</item></item></item><item type="list"><item type="str">change</item><item type="list"><item type="int">37</item><item type="str">scores</item><item type="str">Row</item><item type="str">reason_codes</item><item type="str">Row</item><item type="int">5</item><item type="str">reason_code</item></item><item type="list"><item type="str">9D</item><item type="str">PA</item></item></item><item type="list"><item type="str">change</item><item type="list"><item type="int">37</item><item type="str">scores</item><item type="str">Row</item><item type="str">reason_codes</item><item type="str">Row</item><item type="int">5</item><item type="str">reason_description</item></item><item type="list"><item type="str">Change of address frequency</item><item type="str">Potential address discrepancy - the Input address may be previous address</item></item></item><item type="list"><item type="str">change</item><item type="list"><item type="int">38</item><item type="str">accountnumber</item></item><item type="list"><item type="int">50</item><item type="int">39</item></item></item><item type="list"><item type="str">change</item><item type="list"><item type="int">38</item><item type="str">scores</item><item type="str">Row</item><item type="str">i</item></item><item type="list"><item type="str">479</item><item type="str">594</item></item></item><item type="list"><item type="str">change</item><item type="list"><item type="int">38</item><item type="str">scores</item><item type="str">Row</item><item type="str">reason_codes</item><item type="str">Row</item><item type="int">1</item><item type="str">reason_code</item></item><item type="list"><item type="str">DR</item><item type="str">SA</item></item></item><item type="list"><item type="str">change</item><item type="list"><item type="int">38</item><item type="str">scores</item><item type="str">Row</item><item type="str">reason_codes</item><item type="str">Row</item><item type="int">1</item><item type="str">reason_description</item></item><item type="list"><item type="str">Multiple identities associated with identity components</item><item type="str">SSN not reported at address</item></item></item><item type="list"><item type="str">change</item><item type="list"><item type="int">38</item><item type="str">scores</item><item type="str">Row</item><item type="str">reason_codes</item><item type="str">Row</item><item type="int">3</item><item type="str">reason_code</item></item><item type="list"><item type="str">MN</item><item type="str">38</item></item></item><item type="list"><item type="str">change</item><item type="list"><item type="int">38</item><item type="str">scores</item><item type="str">Row</item><item type="str">reason_codes</item><item type="str">Row</item><item type="int">3</item><item type="str">reason_description</item></item><item type="list"><item type="str">The input SSN was issued within the last seventeen years</item><item type="str">The input SSN is associated with multiple last names</item></item></item><item type="list"><item type="str">change</item><item type="list"><item type="int">38</item><item type="str">scores</item><item type="str">Row</item><item type="str">reason_codes</item><item type="str">Row</item><item type="int">4</item><item type="str">reason_code</item></item><item type="list"><item type="str">VV</item><item type="str">MN</item></item></item><item type="list"><item type="str">change</item><item type="list"><item type="int">38</item><item type="str">scores</item><item type="str">Row</item><item type="str">reason_codes</item><item type="str">Row</item><item type="int">4</item><item type="str">reason_description</item></item><item type="list"><item type="str">Minor or elderly identity</item><item type="str">The input SSN was issued within the last seventeen years</item></item></item><item type="list"><item type="str">change</item><item type="list"><item type="int">38</item><item type="str">scores</item><item type="str">Row</item><item type="str">reason_codes</item><item type="str">Row</item><item type="int">5</item><item type="str">reason_code</item></item><item type="list"><item type="str">9K</item><item type="str">BO</item></item></item><item type="list"><item type="str">change</item><item type="list"><item type="int">38</item><item type="str">scores</item><item type="str">Row</item><item type="str">reason_codes</item><item type="str">Row</item><item type="int">5</item><item type="str">reason_description</item></item><item type="list"><item type="str">Address dwelling type</item><item type="str">Identity sourced only by national credit bureaus</item></item></item><item type="list"><item type="str">change</item><item type="list"><item type="int">39</item><item type="str">accountnumber</item></item><item type="list"><item type="int">51</item><item type="int">40</item></item></item><item type="list"><item type="str">change</item><item type="list"><item type="int">39</item><item type="str">scores</item><item type="str">Row</item><item type="str">i</item></item><item type="list"><item type="str">657</item><item type="str">663</item></item></item><item type="list"><item type="str">change</item><item type="list"><item type="int">40</item><item type="str">accountnumber</item></item><item type="list"><item type="int">53</item><item type="int">41</item></item></item><item type="list"><item type="str">change</item><item type="list"><item type="int">40</item><item type="str">scores</item><item type="str">Row</item><item type="str">i</item></item><item type="list"><item type="str">720</item><item type="str">617</item></item></item><item type="list"><item type="str">change</item><item type="list"><item type="int">40</item><item type="str">scores</item><item type="str">Row</item><item type="str">reason_codes</item><item type="str">Row</item><item type="int">0</item><item type="str">reason_code</item></item><item type="list"><item type="str">IA</item><item type="str">IJ</item></item></item><item type="list"><item type="str">change</item><item type="list"><item type="int">40</item><item type="str">scores</item><item type="str">Row</item><item type="str">reason_codes</item><item type="str">Row</item><item type="int">0</item><item type="str">reason_description</item></item><item type="list"><item type="str">The input IP address is unknown</item><item type="str">The input IP address is assigned to a different postal code than the input postal code</item></item></item><item type="list"><item type="str">change</item><item type="list"><item type="int">40</item><item type="str">scores</item><item type="str">Row</item><item type="str">reason_codes</item><item type="str">Row</item><item type="int">4</item><item type="str">reason_code</item></item><item type="list"><item type="str">PN</item><item type="str">9D</item></item></item><item type="list"><item type="str">change</item><item type="list"><item type="int">40</item><item type="str">scores</item><item type="str">Row</item><item type="str">reason_codes</item><item type="str">Row</item><item type="int">4</item><item type="str">reason_description</item></item><item type="list"><item type="str">Unable to verify phone number with identity</item><item type="str">Change of address frequency</item></item></item><item type="list"><item type="str">change</item><item type="list"><item type="int">40</item><item type="str">scores</item><item type="str">Row</item><item type="str">reason_codes</item><item type="str">Row</item><item type="int">5</item><item type="str">reason_code</item></item><item type="list"><item type="str">73</item><item type="str">PN</item></item></item><item type="list"><item type="str">change</item><item type="list"><item type="int">40</item><item type="str">scores</item><item type="str">Row</item><item type="str">reason_codes</item><item type="str">Row</item><item type="int">5</item><item type="str">reason_description</item></item><item type="list"><item type="str">The input phone number is not found in the public record</item><item type="str">Unable to verify phone number with identity</item></item></item><item type="list"><item type="str">change</item><item type="list"><item type="int">41</item><item type="str">accountnumber</item></item><item type="list"><item type="int">54</item><item type="int">42</item></item></item><item type="list"><item type="str">change</item><item type="list"><item type="int">41</item><item type="str">scores</item><item type="str">Row</item><item type="str">i</item></item><item type="list"><item type="str">625</item><item type="str">487</item></item></item><item type="list"><item type="str">change</item><item type="list"><item type="int">41</item><item type="str">scores</item><item type="str">Row</item><item type="str">reason_codes</item><item type="str">Row</item><item type="int">0</item><item type="str">reason_code</item></item><item type="list"><item type="str">IA</item><item type="str">IJ</item></item></item><item type="list"><item type="str">change</item><item type="list"><item type="int">41</item><item type="str">scores</item><item type="str">Row</item><item type="str">reason_codes</item><item type="str">Row</item><item type="int">0</item><item type="str">reason_description</item></item><item type="list"><item type="str">The input IP address is unknown</item><item type="str">The input IP address is assigned to a different postal code than the input postal code</item></item></item><item type="list"><item type="str">change</item><item type="list"><item type="int">41</item><item type="str">scores</item><item type="str">Row</item><item type="str">reason_codes</item><item type="str">Row</item><item type="int">2</item><item type="str">reason_code</item></item><item type="list"><item type="str">MN</item><item type="str">CB</item></item></item><item type="list"><item type="str">change</item><item type="list"><item type="int">41</item><item type="str">scores</item><item type="str">Row</item><item type="str">reason_codes</item><item type="str">Row</item><item type="int">2</item><item type="str">reason_description</item></item><item type="list"><item type="str">The input SSN was issued within the last seventeen years</item><item type="str">Too few sources corroborating SSN, address, and phone</item></item></item><item type="list"><item type="str">change</item><item type="list"><item type="int">41</item><item type="str">scores</item><item type="str">Row</item><item type="str">reason_codes</item><item type="str">Row</item><item type="int">3</item><item type="str">reason_code</item></item><item type="list"><item type="str">VV</item><item type="str">MN</item></item></item><item type="list"><item type="str">change</item><item type="list"><item type="int">41</item><item type="str">scores</item><item type="str">Row</item><item type="str">reason_codes</item><item type="str">Row</item><item type="int">3</item><item type="str">reason_description</item></item><item type="list"><item type="str">Minor or elderly identity</item><item type="str">The input SSN was issued within the last seventeen years</item></item></item><item type="list"><item type="str">change</item><item type="list"><item type="int">41</item><item type="str">scores</item><item type="str">Row</item><item type="str">reason_codes</item><item type="str">Row</item><item type="int">4</item><item type="str">reason_code</item></item><item type="list"><item type="str">9K</item><item type="str">VV</item></item></item><item type="list"><item type="str">change</item><item type="list"><item type="int">41</item><item type="str">scores</item><item type="str">Row</item><item type="str">reason_codes</item><item type="str">Row</item><item type="int">4</item><item type="str">reason_description</item></item><item type="list"><item type="str">Address dwelling type</item><item type="str">Minor or elderly identity</item></item></item><item type="list"><item type="str">change</item><item type="list"><item type="int">42</item><item type="str">accountnumber</item></item><item type="list"><item type="int">55</item><item type="int">43</item></item></item><item type="list"><item type="str">change</item><item type="list"><item type="int">42</item><item type="str">scores</item><item type="str">Row</item><item type="str">i</item></item><item type="list"><item type="str">656</item><item type="str">624</item></item></item><item type="list"><item type="str">change</item><item type="list"><item type="int">42</item><item type="str">scores</item><item type="str">Row</item><item type="str">reason_codes</item><item type="str">Row</item><item type="int">0</item><item type="str">reason_code</item></item><item type="list"><item type="str">IA</item><item type="str">IJ</item></item></item><item type="list"><item type="str">change</item><item type="list"><item type="int">42</item><item type="str">scores</item><item type="str">Row</item><item type="str">reason_codes</item><item type="str">Row</item><item type="int">0</item><item type="str">reason_description</item></item><item type="list"><item type="str">The input IP address is unknown</item><item type="str">The input IP address is assigned to a different postal code than the input postal code</item></item></item><item type="list"><item type="str">change</item><item type="list"><item type="int">42</item><item type="str">scores</item><item type="str">Row</item><item type="str">reason_codes</item><item type="str">Row</item><item type="int">1</item><item type="str">reason_code</item></item><item type="list"><item type="str">DR</item><item type="str">MN</item></item></item><item type="list"><item type="str">change</item><item type="list"><item type="int">42</item><item type="str">scores</item><item type="str">Row</item><item type="str">reason_codes</item><item type="str">Row</item><item type="int">1</item><item type="str">reason_description</item></item><item type="list"><item type="str">Multiple identities associated with identity components</item><item type="str">The input SSN was issued within the last seventeen years</item></item></item><item type="list"><item type="str">change</item><item type="list"><item type="int">42</item><item type="str">scores</item><item type="str">Row</item><item type="str">reason_codes</item><item type="str">Row</item><item type="int">2</item><item type="str">reason_code</item></item><item type="list"><item type="str">MN</item><item type="str">VV</item></item></item><item type="list"><item type="str">change</item><item type="list"><item type="int">42</item><item type="str">scores</item><item type="str">Row</item><item type="str">reason_codes</item><item type="str">Row</item><item type="int">2</item><item type="str">reason_description</item></item><item type="list"><item type="str">The input SSN was issued within the last seventeen years</item><item type="str">Minor or elderly identity</item></item></item><item type="list"><item type="str">change</item><item type="list"><item type="int">42</item><item type="str">scores</item><item type="str">Row</item><item type="str">reason_codes</item><item type="str">Row</item><item type="int">3</item><item type="str">reason_code</item></item><item type="list"><item type="str">VV</item><item type="str">9D</item></item></item><item type="list"><item type="str">change</item><item type="list"><item type="int">42</item><item type="str">scores</item><item type="str">Row</item><item type="str">reason_codes</item><item type="str">Row</item><item type="int">3</item><item type="str">reason_description</item></item><item type="list"><item type="str">Minor or elderly identity</item><item type="str">Change of address frequency</item></item></item><item type="list"><item type="str">change</item><item type="list"><item type="int">42</item><item type="str">scores</item><item type="str">Row</item><item type="str">reason_codes</item><item type="str">Row</item><item type="int">4</item><item type="str">reason_code</item></item><item type="list"><item type="str">9D</item><item type="str">9K</item></item></item><item type="list"><item type="str">change</item><item type="list"><item type="int">42</item><item type="str">scores</item><item type="str">Row</item><item type="str">reason_codes</item><item type="str">Row</item><item type="int">4</item><item type="str">reason_description</item></item><item type="list"><item type="str">Change of address frequency</item><item type="str">Address dwelling type</item></item></item><item type="list"><item type="str">change</item><item type="list"><item type="int">43</item><item type="str">accountnumber</item></item><item type="list"><item type="int">56</item><item type="int">44</item></item></item><item type="list"><item type="str">change</item><item type="list"><item type="int">43</item><item type="str">scores</item><item type="str">Row</item><item type="str">i</item></item><item type="list"><item type="str">623</item><item type="str">603</item></item></item><item type="list"><item type="str">change</item><item type="list"><item type="int">43</item><item type="str">scores</item><item type="str">Row</item><item type="str">reason_codes</item><item type="str">Row</item><item type="int">0</item><item type="str">reason_code</item></item><item type="list"><item type="str">IA</item><item type="str">IJ</item></item></item><item type="list"><item type="str">change</item><item type="list"><item type="int">43</item><item type="str">scores</item><item type="str">Row</item><item type="str">reason_codes</item><item type="str">Row</item><item type="int">0</item><item type="str">reason_description</item></item><item type="list"><item type="str">The input IP address is unknown</item><item type="str">The input IP address is assigned to a different postal code than the input postal code</item></item></item><item type="list"><item type="str">change</item><item type="list"><item type="int">43</item><item type="str">scores</item><item type="str">Row</item><item type="str">reason_codes</item><item type="str">Row</item><item type="int">1</item><item type="str">reason_code</item></item><item type="list"><item type="str">CB</item><item type="str">DR</item></item></item><item type="list"><item type="str">change</item><item type="list"><item type="int">43</item><item type="str">scores</item><item type="str">Row</item><item type="str">reason_codes</item><item type="str">Row</item><item type="int">1</item><item type="str">reason_description</item></item><item type="list"><item type="str">Too few sources corroborating SSN, address, and phone</item><item type="str">Multiple identities associated with identity components</item></item></item><item type="list"><item type="str">change</item><item type="list"><item type="int">43</item><item type="str">scores</item><item type="str">Row</item><item type="str">reason_codes</item><item type="str">Row</item><item type="int">2</item><item type="str">reason_code</item></item><item type="list"><item type="str">MN</item><item type="str">CB</item></item></item><item type="list"><item type="str">change</item><item type="list"><item type="int">43</item><item type="str">scores</item><item type="str">Row</item><item type="str">reason_codes</item><item type="str">Row</item><item type="int">2</item><item type="str">reason_description</item></item><item type="list"><item type="str">The input SSN was issued within the last seventeen years</item><item type="str">Too few sources corroborating SSN, address, and phone</item></item></item><item type="list"><item type="str">change</item><item type="list"><item type="int">43</item><item type="str">scores</item><item type="str">Row</item><item type="str">reason_codes</item><item type="str">Row</item><item type="int">3</item><item type="str">reason_code</item></item><item type="list"><item type="str">VV</item><item type="str">MN</item></item></item><item type="list"><item type="str">change</item><item type="list"><item type="int">43</item><item type="str">scores</item><item type="str">Row</item><item type="str">reason_codes</item><item type="str">Row</item><item type="int">3</item><item type="str">reason_description</item></item><item type="list"><item type="str">Minor or elderly identity</item><item type="str">The input SSN was issued within the last seventeen years</item></item></item><item type="list"><item type="str">change</item><item type="list"><item type="int">43</item><item type="str">scores</item><item type="str">Row</item><item type="str">reason_codes</item><item type="str">Row</item><item type="int">4</item><item type="str">reason_code</item></item><item type="list"><item type="str">PN</item><item type="str">VV</item></item></item><item type="list"><item type="str">change</item><item type="list"><item type="int">43</item><item type="str">scores</item><item type="str">Row</item><item type="str">reason_codes</item><item type="str">Row</item><item type="int">4</item><item type="str">reason_description</item></item><item type="list"><item type="str">Unable to verify phone number with identity</item><item type="str">Minor or elderly identity</item></item></item><item type="list"><item type="str">change</item><item type="list"><item type="int">43</item><item type="str">scores</item><item type="str">Row</item><item type="str">reason_codes</item><item type="str">Row</item><item type="int">5</item><item type="str">reason_code</item></item><item type="list"><item type="str">73</item><item type="str">9K</item></item></item><item type="list"><item type="str">change</item><item type="list"><item type="int">43</item><item type="str">scores</item><item type="str">Row</item><item type="str">reason_codes</item><item type="str">Row</item><item type="int">5</item><item type="str">reason_description</item></item><item type="list"><item type="str">The input phone number is not found in the public record</item><item type="str">Address dwelling type</item></item></item><item type="list"><item type="str">change</item><item type="list"><item type="int">44</item><item type="str">accountnumber</item></item><item type="list"><item type="int">57</item><item type="int">45</item></item></item><item type="list"><item type="str">change</item><item type="list"><item type="int">44</item><item type="str">scores</item><item type="str">Row</item><item type="str">i</item></item><item type="list"><item type="str">660</item><item type="str">398</item></item></item><item type="list"><item type="str">change</item><item type="list"><item type="int">44</item><item type="str">scores</item><item type="str">Row</item><item type="str">reason_codes</item><item type="str">Row</item><item type="int">0</item><item type="str">reason_code</item></item><item type="list"><item type="str">IA</item><item type="str">II</item></item></item><item type="list"><item type="str">change</item><item type="list"><item type="int">44</item><item type="str">scores</item><item type="str">Row</item><item type="str">reason_codes</item><item type="str">Row</item><item type="int">0</item><item type="str">reason_description</item></item><item type="list"><item type="str">The input IP address is unknown</item><item type="str">The input IP address is assigned to a different State/Province than the input State/Province</item></item></item><item type="list"><item type="str">change</item><item type="list"><item type="int">44</item><item type="str">scores</item><item type="str">Row</item><item type="str">reason_codes</item><item type="str">Row</item><item type="int">2</item><item type="str">reason_code</item></item><item type="list"><item type="str">MN</item><item type="str">CB</item></item></item><item type="list"><item type="str">change</item><item type="list"><item type="int">44</item><item type="str">scores</item><item type="str">Row</item><item type="str">reason_codes</item><item type="str">Row</item><item type="int">2</item><item type="str">reason_description</item></item><item type="list"><item type="str">The input SSN was issued within the last seventeen years</item><item type="str">Too few sources corroborating SSN, address, and phone</item></item></item><item type="list"><item type="str">change</item><item type="list"><item type="int">44</item><item type="str">scores</item><item type="str">Row</item><item type="str">reason_codes</item><item type="str">Row</item><item type="int">3</item><item type="str">reason_code</item></item><item type="list"><item type="str">VV</item><item type="str">MN</item></item></item><item type="list"><item type="str">change</item><item type="list"><item type="int">44</item><item type="str">scores</item><item type="str">Row</item><item type="str">reason_codes</item><item type="str">Row</item><item type="int">3</item><item type="str">reason_description</item></item><item type="list"><item type="str">Minor or elderly identity</item><item type="str">The input SSN was issued within the last seventeen years</item></item></item><item type="list"><item type="str">change</item><item type="list"><item type="int">44</item><item type="str">scores</item><item type="str">Row</item><item type="str">reason_codes</item><item type="str">Row</item><item type="int">4</item><item type="str">reason_code</item></item><item type="list"><item type="str">PN</item><item type="str">VV</item></item></item><item type="list"><item type="str">change</item><item type="list"><item type="int">44</item><item type="str">scores</item><item type="str">Row</item><item type="str">reason_codes</item><item type="str">Row</item><item type="int">4</item><item type="str">reason_description</item></item><item type="list"><item type="str">Unable to verify phone number with identity</item><item type="str">Minor or elderly identity</item></item></item><item type="list"><item type="str">change</item><item type="list"><item type="int">44</item><item type="str">scores</item><item type="str">Row</item><item type="str">reason_codes</item><item type="str">Row</item><item type="int">5</item><item type="str">reason_code</item></item><item type="list"><item type="str">73</item><item type="str">9D</item></item></item><item type="list"><item type="str">change</item><item type="list"><item type="int">44</item><item type="str">scores</item><item type="str">Row</item><item type="str">reason_codes</item><item type="str">Row</item><item type="int">5</item><item type="str">reason_description</item></item><item type="list"><item type="str">The input phone number is not found in the public record</item><item type="str">Change of address frequency</item></item></item><item type="list"><item type="str">change</item><item type="list"><item type="int">45</item><item type="str">accountnumber</item></item><item type="list"><item type="int">58</item><item type="int">46</item></item></item><item type="list"><item type="str">change</item><item type="list"><item type="int">45</item><item type="str">scores</item><item type="str">Row</item><item type="str">i</item></item><item type="list"><item type="str">655</item><item type="str">659</item></item></item><item type="list"><item type="str">change</item><item type="list"><item type="int">45</item><item type="str">scores</item><item type="str">Row</item><item type="str">reason_codes</item><item type="str">Row</item><item type="int">4</item><item type="str">reason_code</item></item><item type="list"><item type="str">9K</item><item type="str">9D</item></item></item><item type="list"><item type="str">change</item><item type="list"><item type="int">45</item><item type="str">scores</item><item type="str">Row</item><item type="str">reason_codes</item><item type="str">Row</item><item type="int">4</item><item type="str">reason_description</item></item><item type="list"><item type="str">Address dwelling type</item><item type="str">Change of address frequency</item></item></item><item type="list"><item type="str">change</item><item type="list"><item type="int">45</item><item type="str">scores</item><item type="str">Row</item><item type="str">reason_codes</item><item type="str">Row</item><item type="int">5</item><item type="str">reason_code</item></item><item type="list"><item type="str">PA</item><item type="str">PN</item></item></item><item type="list"><item type="str">change</item><item type="list"><item type="int">45</item><item type="str">scores</item><item type="str">Row</item><item type="str">reason_codes</item><item type="str">Row</item><item type="int">5</item><item type="str">reason_description</item></item><item type="list"><item type="str">Potential address discrepancy - the Input address may be previous address</item><item type="str">Unable to verify phone number with identity</item></item></item><item type="list"><item type="str">change</item><item type="list"><item type="int">46</item><item type="str">accountnumber</item></item><item type="list"><item type="int">59</item><item type="int">47</item></item></item><item type="list"><item type="str">change</item><item type="list"><item type="int">46</item><item type="str">scores</item><item type="str">Row</item><item type="str">i</item></item><item type="list"><item type="str">596</item><item type="str">592</item></item></item><item type="list"><item type="str">change</item><item type="list"><item type="int">46</item><item type="str">scores</item><item type="str">Row</item><item type="str">reason_codes</item><item type="str">Row</item><item type="int">0</item><item type="str">reason_code</item></item><item type="list"><item type="str">IA</item><item type="str">IJ</item></item></item><item type="list"><item type="str">change</item><item type="list"><item type="int">46</item><item type="str">scores</item><item type="str">Row</item><item type="str">reason_codes</item><item type="str">Row</item><item type="int">0</item><item type="str">reason_description</item></item><item type="list"><item type="str">The input IP address is unknown</item><item type="str">The input IP address is assigned to a different postal code than the input postal code</item></item></item><item type="list"><item type="str">change</item><item type="list"><item type="int">46</item><item type="str">scores</item><item type="str">Row</item><item type="str">reason_codes</item><item type="str">Row</item><item type="int">2</item><item type="str">reason_code</item></item><item type="list"><item type="str">MN</item><item type="str">CB</item></item></item><item type="list"><item type="str">change</item><item type="list"><item type="int">46</item><item type="str">scores</item><item type="str">Row</item><item type="str">reason_codes</item><item type="str">Row</item><item type="int">2</item><item type="str">reason_description</item></item><item type="list"><item type="str">The input SSN was issued within the last seventeen years</item><item type="str">Too few sources corroborating SSN, address, and phone</item></item></item><item type="list"><item type="str">change</item><item type="list"><item type="int">46</item><item type="str">scores</item><item type="str">Row</item><item type="str">reason_codes</item><item type="str">Row</item><item type="int">3</item><item type="str">reason_code</item></item><item type="list"><item type="str">VV</item><item type="str">MN</item></item></item><item type="list"><item type="str">change</item><item type="list"><item type="int">46</item><item type="str">scores</item><item type="str">Row</item><item type="str">reason_codes</item><item type="str">Row</item><item type="int">3</item><item type="str">reason_description</item></item><item type="list"><item type="str">Minor or elderly identity</item><item type="str">The input SSN was issued within the last seventeen years</item></item></item><item type="list"><item type="str">change</item><item type="list"><item type="int">46</item><item type="str">scores</item><item type="str">Row</item><item type="str">reason_codes</item><item type="str">Row</item><item type="int">4</item><item type="str">reason_code</item></item><item type="list"><item type="str">9D</item><item type="str">VV</item></item></item><item type="list"><item type="str">change</item><item type="list"><item type="int">46</item><item type="str">scores</item><item type="str">Row</item><item type="str">reason_codes</item><item type="str">Row</item><item type="int">4</item><item type="str">reason_description</item></item><item type="list"><item type="str">Change of address frequency</item><item type="str">Minor or elderly identity</item></item></item><item type="list"><item type="str">change</item><item type="list"><item type="int">46</item><item type="str">scores</item><item type="str">Row</item><item type="str">reason_codes</item><item type="str">Row</item><item type="int">5</item><item type="str">reason_code</item></item><item type="list"><item type="str">9K</item><item type="str">PN</item></item></item><item type="list"><item type="str">change</item><item type="list"><item type="int">46</item><item type="str">scores</item><item type="str">Row</item><item type="str">reason_codes</item><item type="str">Row</item><item type="int">5</item><item type="str">reason_description</item></item><item type="list"><item type="str">Address dwelling type</item><item type="str">Unable to verify phone number with identity</item></item></item><item type="list"><item type="str">change</item><item type="list"><item type="int">47</item><item type="str">accountnumber</item></item><item type="list"><item type="int">60</item><item type="int">48</item></item></item><item type="list"><item type="str">change</item><item type="list"><item type="int">47</item><item type="str">scores</item><item type="str">Row</item><item type="str">i</item></item><item type="list"><item type="str">509</item><item type="str">614</item></item></item><item type="list"><item type="str">change</item><item type="list"><item type="int">47</item><item type="str">scores</item><item type="str">Row</item><item type="str">reason_codes</item><item type="str">Row</item><item type="int">0</item><item type="str">reason_code</item></item><item type="list"><item type="str">IA</item><item type="str">IK</item></item></item><item type="list"><item type="str">change</item><item type="list"><item type="int">47</item><item type="str">scores</item><item type="str">Row</item><item type="str">reason_codes</item><item type="str">Row</item><item type="int">0</item><item type="str">reason_description</item></item><item type="list"><item type="str">The input IP address is unknown</item><item type="str">The input IP address is assigned to a different area code than the input phone number</item></item></item><item type="list"><item type="str">change</item><item type="list"><item type="int">47</item><item type="str">scores</item><item type="str">Row</item><item type="str">reason_codes</item><item type="str">Row</item><item type="int">2</item><item type="str">reason_code</item></item><item type="list"><item type="str">MN</item><item type="str">CB</item></item></item><item type="list"><item type="str">change</item><item type="list"><item type="int">47</item><item type="str">scores</item><item type="str">Row</item><item type="str">reason_codes</item><item type="str">Row</item><item type="int">2</item><item type="str">reason_description</item></item><item type="list"><item type="str">The input SSN was issued within the last seventeen years</item><item type="str">Too few sources corroborating SSN, address, and phone</item></item></item><item type="list"><item type="str">change</item><item type="list"><item type="int">47</item><item type="str">scores</item><item type="str">Row</item><item type="str">reason_codes</item><item type="str">Row</item><item type="int">3</item><item type="str">reason_code</item></item><item type="list"><item type="str">VV</item><item type="str">MN</item></item></item><item type="list"><item type="str">change</item><item type="list"><item type="int">47</item><item type="str">scores</item><item type="str">Row</item><item type="str">reason_codes</item><item type="str">Row</item><item type="int">3</item><item type="str">reason_description</item></item><item type="list"><item type="str">Minor or elderly identity</item><item type="str">The input SSN was issued within the last seventeen years</item></item></item><item type="list"><item type="str">change</item><item type="list"><item type="int">47</item><item type="str">scores</item><item type="str">Row</item><item type="str">reason_codes</item><item type="str">Row</item><item type="int">4</item><item type="str">reason_code</item></item><item type="list"><item type="str">PA</item><item type="str">VV</item></item></item><item type="list"><item type="str">change</item><item type="list"><item type="int">47</item><item type="str">scores</item><item type="str">Row</item><item type="str">reason_codes</item><item type="str">Row</item><item type="int">4</item><item type="str">reason_description</item></item><item type="list"><item type="str">Potential address discrepancy - the Input address may be previous address</item><item type="str">Minor or elderly identity</item></item></item><item type="list"><item type="str">change</item><item type="list"><item type="int">47</item><item type="str">scores</item><item type="str">Row</item><item type="str">reason_codes</item><item type="str">Row</item><item type="int">5</item><item type="str">reason_code</item></item><item type="list"><item type="str">PN</item><item type="str">9D</item></item></item><item type="list"><item type="str">change</item><item type="list"><item type="int">47</item><item type="str">scores</item><item type="str">Row</item><item type="str">reason_codes</item><item type="str">Row</item><item type="int">5</item><item type="str">reason_description</item></item><item type="list"><item type="str">Unable to verify phone number with identity</item><item type="str">Change of address frequency</item></item></item><item type="list"><item type="str">change</item><item type="list"><item type="int">48</item><item type="str">accountnumber</item></item><item type="list"><item type="int">62</item><item type="int">49</item></item></item><item type="list"><item type="str">change</item><item type="list"><item type="int">48</item><item type="str">scores</item><item type="str">Row</item><item type="str">i</item></item><item type="list"><item type="str">557</item><item type="str">578</item></item></item><item type="list"><item type="str">change</item><item type="list"><item type="int">48</item><item type="str">scores</item><item type="str">Row</item><item type="str">reason_codes</item><item type="str">Row</item><item type="int">1</item><item type="str">reason_code</item></item><item type="list"><item type="str">SN</item><item type="str">DR</item></item></item><item type="list"><item type="str">change</item><item type="list"><item type="int">48</item><item type="str">scores</item><item type="str">Row</item><item type="str">reason_codes</item><item type="str">Row</item><item type="int">1</item><item type="str">reason_description</item></item><item type="list"><item type="str">Mismatch of first and last names reported with SSN</item><item type="str">Multiple identities associated with identity components</item></item></item><item type="list"><item type="str">change</item><item type="list"><item type="int">48</item><item type="str">scores</item><item type="str">Row</item><item type="str">reason_codes</item><item type="str">Row</item><item type="int">2</item><item type="str">reason_code</item></item><item type="list"><item type="str">VR</item><item type="str">MN</item></item></item><item type="list"><item type="str">change</item><item type="list"><item type="int">48</item><item type="str">scores</item><item type="str">Row</item><item type="str">reason_codes</item><item type="str">Row</item><item type="int">2</item><item type="str">reason_description</item></item><item type="list"><item type="str">Unable to verify key identity components</item><item type="str">The input SSN was issued within the last seventeen years</item></item></item><item type="list"><item type="str">change</item><item type="list"><item type="int">48</item><item type="str">scores</item><item type="str">Row</item><item type="str">reason_codes</item><item type="str">Row</item><item type="int">3</item><item type="str">reason_code</item></item><item type="list"><item type="str">DR</item><item type="str">VV</item></item></item><item type="list"><item type="str">change</item><item type="list"><item type="int">48</item><item type="str">scores</item><item type="str">Row</item><item type="str">reason_codes</item><item type="str">Row</item><item type="int">3</item><item type="str">reason_description</item></item><item type="list"><item type="str">Multiple identities associated with identity components</item><item type="str">Minor or elderly identity</item></item></item><item type="list"><item type="str">change</item><item type="list"><item type="int">48</item><item type="str">scores</item><item type="str">Row</item><item type="str">reason_codes</item><item type="str">Row</item><item type="int">4</item><item type="str">reason_code</item></item><item type="list"><item type="str">MN</item><item type="str">PN</item></item></item><item type="list"><item type="str">change</item><item type="list"><item type="int">48</item><item type="str">scores</item><item type="str">Row</item><item type="str">reason_codes</item><item type="str">Row</item><item type="int">4</item><item type="str">reason_description</item></item><item type="list"><item type="str">The input SSN was issued within the last seventeen years</item><item type="str">Unable to verify phone number with identity</item></item></item><item type="list"><item type="str">change</item><item type="list"><item type="int">48</item><item type="str">scores</item><item type="str">Row</item><item type="str">reason_codes</item><item type="str">Row</item><item type="int">5</item><item type="str">reason_code</item></item><item type="list"><item type="str">VV</item><item type="str">73</item></item></item><item type="list"><item type="str">change</item><item type="list"><item type="int">48</item><item type="str">scores</item><item type="str">Row</item><item type="str">reason_codes</item><item type="str">Row</item><item type="int">5</item><item type="str">reason_description</item></item><item type="list"><item type="str">Minor or elderly identity</item><item type="str">The input phone number is not found in the public record</item></item></item><item type="list"><item type="str">change</item><item type="list"><item type="int">49</item><item type="str">accountnumber</item></item><item type="list"><item type="int">63</item><item type="int">50</item></item></item><item type="list"><item type="str">change</item><item type="list"><item type="int">49</item><item type="str">scores</item><item type="str">Row</item><item type="str">i</item></item><item type="list"><item type="str">591</item><item type="str">407</item></item></item><item type="list"><item type="str">change</item><item type="list"><item type="int">49</item><item type="str">scores</item><item type="str">Row</item><item type="str">reason_codes</item><item type="str">Row</item><item type="int">0</item><item type="str">reason_code</item></item><item type="list"><item type="str">IA</item><item type="str">IK</item></item></item><item type="list"><item type="str">change</item><item type="list"><item type="int">49</item><item type="str">scores</item><item type="str">Row</item><item type="str">reason_codes</item><item type="str">Row</item><item type="int">0</item><item type="str">reason_description</item></item><item type="list"><item type="str">The input IP address is unknown</item><item type="str">The input IP address is assigned to a different area code than the input phone number</item></item></item><item type="list"><item type="str">change</item><item type="list"><item type="int">49</item><item type="str">scores</item><item type="str">Row</item><item type="str">reason_codes</item><item type="str">Row</item><item type="int">1</item><item type="str">reason_code</item></item><item type="list"><item type="str">SA</item><item type="str">DR</item></item></item><item type="list"><item type="str">change</item><item type="list"><item type="int">49</item><item type="str">scores</item><item type="str">Row</item><item type="str">reason_codes</item><item type="str">Row</item><item type="int">1</item><item type="str">reason_description</item></item><item type="list"><item type="str">SSN not reported at address</item><item type="str">Multiple identities associated with identity components</item></item></item><item type="list"><item type="str">change</item><item type="list"><item type="int">49</item><item type="str">scores</item><item type="str">Row</item><item type="str">reason_codes</item><item type="str">Row</item><item type="int">2</item><item type="str">reason_code</item></item><item type="list"><item type="str">SN</item><item type="str">CB</item></item></item><item type="list"><item type="str">change</item><item type="list"><item type="int">49</item><item type="str">scores</item><item type="str">Row</item><item type="str">reason_codes</item><item type="str">Row</item><item type="int">2</item><item type="str">reason_description</item></item><item type="list"><item type="str">Mismatch of first and last names reported with SSN</item><item type="str">Too few sources corroborating SSN, address, and phone</item></item></item><item type="list"><item type="str">change</item><item type="list"><item type="int">49</item><item type="str">scores</item><item type="str">Row</item><item type="str">reason_codes</item><item type="str">Row</item><item type="int">3</item><item type="str">reason_code</item></item><item type="list"><item type="str">VR</item><item type="str">MN</item></item></item><item type="list"><item type="str">change</item><item type="list"><item type="int">49</item><item type="str">scores</item><item type="str">Row</item><item type="str">reason_codes</item><item type="str">Row</item><item type="int">3</item><item type="str">reason_description</item></item><item type="list"><item type="str">Unable to verify key identity components</item><item type="str">The input SSN was issued within the last seventeen years</item></item></item><item type="list"><item type="str">change</item><item type="list"><item type="int">49</item><item type="str">scores</item><item type="str">Row</item><item type="str">reason_codes</item><item type="str">Row</item><item type="int">4</item><item type="str">reason_code</item></item><item type="list"><item type="str">DR</item><item type="str">VV</item></item></item><item type="list"><item type="str">change</item><item type="list"><item type="int">49</item><item type="str">scores</item><item type="str">Row</item><item type="str">reason_codes</item><item type="str">Row</item><item type="int">4</item><item type="str">reason_description</item></item><item type="list"><item type="str">Multiple identities associated with identity components</item><item type="str">Minor or elderly identity</item></item></item><item type="list"><item type="str">change</item><item type="list"><item type="int">49</item><item type="str">scores</item><item type="str">Row</item><item type="str">reason_codes</item><item type="str">Row</item><item type="int">5</item><item type="str">reason_code</item></item><item type="list"><item type="str">CB</item><item type="str">9K</item></item></item><item type="list"><item type="str">change</item><item type="list"><item type="int">49</item><item type="str">scores</item><item type="str">Row</item><item type="str">reason_codes</item><item type="str">Row</item><item type="int">5</item><item type="str">reason_description</item></item><item type="list"><item type="str">Too few sources corroborating SSN, address, and phone</item><item type="str">Address dwelling type</item></item></item><item type="list"><item type="str">change</item><item type="list"><item type="int">50</item><item type="str">accountnumber</item></item><item type="list"><item type="int">64</item><item type="int">51</item></item></item><item type="list"><item type="str">change</item><item type="list"><item type="int">50</item><item type="str">scores</item><item type="str">Row</item><item type="str">i</item></item><item type="list"><item type="str">681</item><item type="str">636</item></item></item><item type="list"><item type="str">change</item><item type="list"><item type="int">50</item><item type="str">scores</item><item type="str">Row</item><item type="str">reason_codes</item><item type="str">Row</item><item type="int">0</item><item type="str">reason_code</item></item><item type="list"><item type="str">IA</item><item type="str">IK</item></item></item><item type="list"><item type="str">change</item><item type="list"><item type="int">50</item><item type="str">scores</item><item type="str">Row</item><item type="str">reason_codes</item><item type="str">Row</item><item type="int">0</item><item type="str">reason_description</item></item><item type="list"><item type="str">The input IP address is unknown</item><item type="str">The input IP address is assigned to a different area code than the input phone number</item></item></item><item type="list"><item type="str">change</item><item type="list"><item type="int">50</item><item type="str">scores</item><item type="str">Row</item><item type="str">reason_codes</item><item type="str">Row</item><item type="int">4</item><item type="str">reason_code</item></item><item type="list"><item type="str">PA</item><item type="str">PN</item></item></item><item type="list"><item type="str">change</item><item type="list"><item type="int">50</item><item type="str">scores</item><item type="str">Row</item><item type="str">reason_codes</item><item type="str">Row</item><item type="int">4</item><item type="str">reason_description</item></item><item type="list"><item type="str">Potential address discrepancy - the Input address may be previous address</item><item type="str">Unable to verify phone number with identity</item></item></item><item type="list"><item type="str">change</item><item type="list"><item type="int">50</item><item type="str">scores</item><item type="str">Row</item><item type="str">reason_codes</item><item type="str">Row</item><item type="int">5</item><item type="str">reason_code</item></item><item type="list"><item type="str">PN</item><item type="str">73</item></item></item><item type="list"><item type="str">change</item><item type="list"><item type="int">50</item><item type="str">scores</item><item type="str">Row</item><item type="str">reason_codes</item><item type="str">Row</item><item type="int">5</item><item type="str">reason_description</item></item><item type="list"><item type="str">Unable to verify phone number with identity</item><item type="str">The input phone number is not found in the public record</item></item></item><item type="list"><item type="str">change</item><item type="list"><item type="int">51</item><item type="str">accountnumber</item></item><item type="list"><item type="int">65</item><item type="int">52</item></item></item><item type="list"><item type="str">change</item><item type="list"><item type="int">51</item><item type="str">scores</item><item type="str">Row</item><item type="str">i</item></item><item type="list"><item type="str">544</item><item type="str">606</item></item></item><item type="list"><item type="str">change</item><item type="list"><item type="int">51</item><item type="str">scores</item><item type="str">Row</item><item type="str">reason_codes</item><item type="str">Row</item><item type="int">2</item><item type="str">reason_code</item></item><item type="list"><item type="str">MN</item><item type="str">CB</item></item></item><item type="list"><item type="str">change</item><item type="list"><item type="int">51</item><item type="str">scores</item><item type="str">Row</item><item type="str">reason_codes</item><item type="str">Row</item><item type="int">2</item><item type="str">reason_description</item></item><item type="list"><item type="str">The input SSN was issued within the last seventeen years</item><item type="str">Too few sources corroborating SSN, address, and phone</item></item></item><item type="list"><item type="str">change</item><item type="list"><item type="int">51</item><item type="str">scores</item><item type="str">Row</item><item type="str">reason_codes</item><item type="str">Row</item><item type="int">3</item><item type="str">reason_code</item></item><item type="list"><item type="str">VV</item><item type="str">MN</item></item></item><item type="list"><item type="str">change</item><item type="list"><item type="int">51</item><item type="str">scores</item><item type="str">Row</item><item type="str">reason_codes</item><item type="str">Row</item><item type="int">3</item><item type="str">reason_description</item></item><item type="list"><item type="str">Minor or elderly identity</item><item type="str">The input SSN was issued within the last seventeen years</item></item></item><item type="list"><item type="str">change</item><item type="list"><item type="int">51</item><item type="str">scores</item><item type="str">Row</item><item type="str">reason_codes</item><item type="str">Row</item><item type="int">4</item><item type="str">reason_code</item></item><item type="list"><item type="str">PN</item><item type="str">BO</item></item></item><item type="list"><item type="str">change</item><item type="list"><item type="int">51</item><item type="str">scores</item><item type="str">Row</item><item type="str">reason_codes</item><item type="str">Row</item><item type="int">4</item><item type="str">reason_description</item></item><item type="list"><item type="str">Unable to verify phone number with identity</item><item type="str">Identity sourced only by national credit bureaus</item></item></item><item type="list"><item type="str">change</item><item type="list"><item type="int">51</item><item type="str">scores</item><item type="str">Row</item><item type="str">reason_codes</item><item type="str">Row</item><item type="int">5</item><item type="str">reason_code</item></item><item type="list"><item type="str">73</item><item type="str">VV</item></item></item><item type="list"><item type="str">change</item><item type="list"><item type="int">51</item><item type="str">scores</item><item type="str">Row</item><item type="str">reason_codes</item><item type="str">Row</item><item type="int">5</item><item type="str">reason_description</item></item><item type="list"><item type="str">The input phone number is not found in the public record</item><item type="str">Minor or elderly identity</item></item></item><item type="list"><item type="str">change</item><item type="list"><item type="int">52</item><item type="str">accountnumber</item></item><item type="list"><item type="int">66</item><item type="int">53</item></item></item><item type="list"><item type="str">change</item><item type="list"><item type="int">52</item><item type="str">scores</item><item type="str">Row</item><item type="str">i</item></item><item type="list"><item type="str">679</item><item type="str">697</item></item></item><item type="list"><item type="str">change</item><item type="list"><item type="int">52</item><item type="str">scores</item><item type="str">Row</item><item type="str">reason_codes</item><item type="str">Row</item><item type="int">0</item><item type="str">reason_code</item></item><item type="list"><item type="str">IA</item><item type="str">DR</item></item></item><item type="list"><item type="str">change</item><item type="list"><item type="int">52</item><item type="str">scores</item><item type="str">Row</item><item type="str">reason_codes</item><item type="str">Row</item><item type="int">0</item><item type="str">reason_description</item></item><item type="list"><item type="str">The input IP address is unknown</item><item type="str">Multiple identities associated with identity components</item></item></item><item type="list"><item type="str">change</item><item type="list"><item type="int">52</item><item type="str">scores</item><item type="str">Row</item><item type="str">reason_codes</item><item type="str">Row</item><item type="int">1</item><item type="str">reason_code</item></item><item type="list"><item type="str">DR</item><item type="str">MN</item></item></item><item type="list"><item type="str">change</item><item type="list"><item type="int">52</item><item type="str">scores</item><item type="str">Row</item><item type="str">reason_codes</item><item type="str">Row</item><item type="int">1</item><item type="str">reason_description</item></item><item type="list"><item type="str">Multiple identities associated with identity components</item><item type="str">The input SSN was issued within the last seventeen years</item></item></item><item type="list"><item type="str">change</item><item type="list"><item type="int">52</item><item type="str">scores</item><item type="str">Row</item><item type="str">reason_codes</item><item type="str">Row</item><item type="int">2</item><item type="str">reason_code</item></item><item type="list"><item type="str">CB</item><item type="str">VV</item></item></item><item type="list"><item type="str">change</item><item type="list"><item type="int">52</item><item type="str">scores</item><item type="str">Row</item><item type="str">reason_codes</item><item type="str">Row</item><item type="int">2</item><item type="str">reason_description</item></item><item type="list"><item type="str">Too few sources corroborating SSN, address, and phone</item><item type="str">Minor or elderly identity</item></item></item><item type="list"><item type="str">change</item><item type="list"><item type="int">52</item><item type="str">scores</item><item type="str">Row</item><item type="str">reason_codes</item><item type="str">Row</item><item type="int">3</item><item type="str">reason_code</item></item><item type="list"><item type="str">MN</item><item type="str">PN</item></item></item><item type="list"><item type="str">change</item><item type="list"><item type="int">52</item><item type="str">scores</item><item type="str">Row</item><item type="str">reason_codes</item><item type="str">Row</item><item type="int">3</item><item type="str">reason_description</item></item><item type="list"><item type="str">The input SSN was issued within the last seventeen years</item><item type="str">Unable to verify phone number with identity</item></item></item><item type="list"><item type="str">change</item><item type="list"><item type="int">52</item><item type="str">scores</item><item type="str">Row</item><item type="str">reason_codes</item><item type="str">Row</item><item type="int">4</item><item type="str">reason_code</item></item><item type="list"><item type="str">VV</item><item type="str">73</item></item></item><item type="list"><item type="str">change</item><item type="list"><item type="int">52</item><item type="str">scores</item><item type="str">Row</item><item type="str">reason_codes</item><item type="str">Row</item><item type="int">4</item><item type="str">reason_description</item></item><item type="list"><item type="str">Minor or elderly identity</item><item type="str">The input phone number is not found in the public record</item></item></item><item type="list"><item type="str">change</item><item type="list"><item type="int">52</item><item type="str">scores</item><item type="str">Row</item><item type="str">reason_codes</item><item type="str">Row</item><item type="int">5</item><item type="str">reason_code</item></item><item type="list"><item type="str">9D</item><item type="str">PH</item></item></item><item type="list"><item type="str">change</item><item type="list"><item type="int">52</item><item type="str">scores</item><item type="str">Row</item><item type="str">reason_codes</item><item type="str">Row</item><item type="int">5</item><item type="str">reason_description</item></item><item type="list"><item type="str">Change of address frequency</item><item type="str">Name, address and phone not linked in reporting sources</item></item></item><item type="list"><item type="str">change</item><item type="list"><item type="int">53</item><item type="str">accountnumber</item></item><item type="list"><item type="int">67</item><item type="int">54</item></item></item><item type="list"><item type="str">change</item><item type="list"><item type="int">53</item><item type="str">scores</item><item type="str">Row</item><item type="str">i</item></item><item type="list"><item type="str">670</item><item type="str">625</item></item></item><item type="list"><item type="str">change</item><item type="list"><item type="int">53</item><item type="str">scores</item><item type="str">Row</item><item type="str">reason_codes</item><item type="str">Row</item><item type="int">4</item><item type="str">reason_code</item></item><item type="list"><item type="str">PA</item><item type="str">9K</item></item></item><item type="list"><item type="str">change</item><item type="list"><item type="int">53</item><item type="str">scores</item><item type="str">Row</item><item type="str">reason_codes</item><item type="str">Row</item><item type="int">4</item><item type="str">reason_description</item></item><item type="list"><item type="str">Potential address discrepancy - the Input address may be previous address</item><item type="str">Address dwelling type</item></item></item><item type="list"><item type="str">change</item><item type="list"><item type="int">53</item><item type="str">scores</item><item type="str">Row</item><item type="str">reason_codes</item><item type="str">Row</item><item type="int">5</item><item type="str">reason_code</item></item><item type="list"><item type="str">PN</item><item type="str">PA</item></item></item><item type="list"><item type="str">change</item><item type="list"><item type="int">53</item><item type="str">scores</item><item type="str">Row</item><item type="str">reason_codes</item><item type="str">Row</item><item type="int">5</item><item type="str">reason_description</item></item><item type="list"><item type="str">Unable to verify phone number with identity</item><item type="str">Potential address discrepancy - the Input address may be previous address</item></item></item><item type="list"><item type="str">change</item><item type="list"><item type="int">54</item><item type="str">accountnumber</item></item><item type="list"><item type="int">68</item><item type="int">55</item></item></item><item type="list"><item type="str">change</item><item type="list"><item type="int">54</item><item type="str">scores</item><item type="str">Row</item><item type="str">i</item></item><item type="list"><item type="str">685</item><item type="str">596</item></item></item><item type="list"><item type="str">change</item><item type="list"><item type="int">54</item><item type="str">scores</item><item type="str">Row</item><item type="str">reason_codes</item><item type="str">Row</item><item type="int">0</item><item type="str">reason_code</item></item><item type="list"><item type="str">IA</item><item type="str">II</item></item></item><item type="list"><item type="str">change</item><item type="list"><item type="int">54</item><item type="str">scores</item><item type="str">Row</item><item type="str">reason_codes</item><item type="str">Row</item><item type="int">0</item><item type="str">reason_description</item></item><item type="list"><item type="str">The input IP address is unknown</item><item type="str">The input IP address is assigned to a different State/Province than the input State/Province</item></item></item><item type="list"><item type="str">change</item><item type="list"><item type="int">54</item><item type="str">scores</item><item type="str">Row</item><item type="str">reason_codes</item><item type="str">Row</item><item type="int">1</item><item type="str">reason_code</item></item><item type="list"><item type="str">MN</item><item type="str">DR</item></item></item><item type="list"><item type="str">change</item><item type="list"><item type="int">54</item><item type="str">scores</item><item type="str">Row</item><item type="str">reason_codes</item><item type="str">Row</item><item type="int">1</item><item type="str">reason_description</item></item><item type="list"><item type="str">The input SSN was issued within the last seventeen years</item><item type="str">Multiple identities associated with identity components</item></item></item><item type="list"><item type="str">change</item><item type="list"><item type="int">54</item><item type="str">scores</item><item type="str">Row</item><item type="str">reason_codes</item><item type="str">Row</item><item type="int">2</item><item type="str">reason_code</item></item><item type="list"><item type="str">VV</item><item type="str">MN</item></item></item><item type="list"><item type="str">change</item><item type="list"><item type="int">54</item><item type="str">scores</item><item type="str">Row</item><item type="str">reason_codes</item><item type="str">Row</item><item type="int">2</item><item type="str">reason_description</item></item><item type="list"><item type="str">Minor or elderly identity</item><item type="str">The input SSN was issued within the last seventeen years</item></item></item><item type="list"><item type="str">change</item><item type="list"><item type="int">54</item><item type="str">scores</item><item type="str">Row</item><item type="str">reason_codes</item><item type="str">Row</item><item type="int">3</item><item type="str">reason_code</item></item><item type="list"><item type="str">9D</item><item type="str">VV</item></item></item><item type="list"><item type="str">change</item><item type="list"><item type="int">54</item><item type="str">scores</item><item type="str">Row</item><item type="str">reason_codes</item><item type="str">Row</item><item type="int">3</item><item type="str">reason_description</item></item><item type="list"><item type="str">Change of address frequency</item><item type="str">Minor or elderly identity</item></item></item><item type="list"><item type="str">change</item><item type="list"><item type="int">54</item><item type="str">scores</item><item type="str">Row</item><item type="str">reason_codes</item><item type="str">Row</item><item type="int">4</item><item type="str">reason_code</item></item><item type="list"><item type="str">PN</item><item type="str">9D</item></item></item><item type="list"><item type="str">change</item><item type="list"><item type="int">54</item><item type="str">scores</item><item type="str">Row</item><item type="str">reason_codes</item><item type="str">Row</item><item type="int">4</item><item type="str">reason_description</item></item><item type="list"><item type="str">Unable to verify phone number with identity</item><item type="str">Change of address frequency</item></item></item><item type="list"><item type="str">change</item><item type="list"><item type="int">54</item><item type="str">scores</item><item type="str">Row</item><item type="str">reason_codes</item><item type="str">Row</item><item type="int">5</item><item type="str">reason_code</item></item><item type="list"><item type="str">73</item><item type="str">PN</item></item></item><item type="list"><item type="str">change</item><item type="list"><item type="int">54</item><item type="str">scores</item><item type="str">Row</item><item type="str">reason_codes</item><item type="str">Row</item><item type="int">5</item><item type="str">reason_description</item></item><item type="list"><item type="str">The input phone number is not found in the public record</item><item type="str">Unable to verify phone number with identity</item></item></item><item type="list"><item type="str">change</item><item type="list"><item type="int">55</item><item type="str">accountnumber</item></item><item type="list"><item type="int">69</item><item type="int">56</item></item></item><item type="list"><item type="str">change</item><item type="list"><item type="int">55</item><item type="str">scores</item><item type="str">Row</item><item type="str">i</item></item><item type="list"><item type="str">610</item><item type="str">623</item></item></item><item type="list"><item type="str">change</item><item type="list"><item type="int">55</item><item type="str">scores</item><item type="str">Row</item><item type="str">reason_codes</item><item type="str">Row</item><item type="int">1</item><item type="str">reason_code</item></item><item type="list"><item type="str">DR</item><item type="str">CB</item></item></item><item type="list"><item type="str">change</item><item type="list"><item type="int">55</item><item type="str">scores</item><item type="str">Row</item><item type="str">reason_codes</item><item type="str">Row</item><item type="int">1</item><item type="str">reason_description</item></item><item type="list"><item type="str">Multiple identities associated with identity components</item><item type="str">Too few sources corroborating SSN, address, and phone</item></item></item><item type="list"><item type="str">change</item><item type="list"><item type="int">55</item><item type="str">scores</item><item type="str">Row</item><item type="str">reason_codes</item><item type="str">Row</item><item type="int">4</item><item type="str">reason_code</item></item><item type="list"><item type="str">9D</item><item type="str">PN</item></item></item><item type="list"><item type="str">change</item><item type="list"><item type="int">55</item><item type="str">scores</item><item type="str">Row</item><item type="str">reason_codes</item><item type="str">Row</item><item type="int">4</item><item type="str">reason_description</item></item><item type="list"><item type="str">Change of address frequency</item><item type="str">Unable to verify phone number with identity</item></item></item><item type="list"><item type="str">change</item><item type="list"><item type="int">55</item><item type="str">scores</item><item type="str">Row</item><item type="str">reason_codes</item><item type="str">Row</item><item type="int">5</item><item type="str">reason_code</item></item><item type="list"><item type="str">PA</item><item type="str">73</item></item></item><item type="list"><item type="str">change</item><item type="list"><item type="int">55</item><item type="str">scores</item><item type="str">Row</item><item type="str">reason_codes</item><item type="str">Row</item><item type="int">5</item><item type="str">reason_description</item></item><item type="list"><item type="str">Potential address discrepancy - the Input address may be previous address</item><item type="str">The input phone number is not found in the public record</item></item></item><item type="list"><item type="str">change</item><item type="list"><item type="int">56</item><item type="str">accountnumber</item></item><item type="list"><item type="int">71</item><item type="int">57</item></item></item><item type="list"><item type="str">change</item><item type="list"><item type="int">56</item><item type="str">scores</item><item type="str">Row</item><item type="str">i</item></item><item type="list"><item type="str">574</item><item type="str">660</item></item></item><item type="list"><item type="str">change</item><item type="list"><item type="int">56</item><item type="str">scores</item><item type="str">Row</item><item type="str">reason_codes</item><item type="str">Row</item><item type="int">2</item><item type="str">reason_code</item></item><item type="list"><item type="str">CB</item><item type="str">MN</item></item></item><item type="list"><item type="str">change</item><item type="list"><item type="int">56</item><item type="str">scores</item><item type="str">Row</item><item type="str">reason_codes</item><item type="str">Row</item><item type="int">2</item><item type="str">reason_description</item></item><item type="list"><item type="str">Too few sources corroborating SSN, address, and phone</item><item type="str">The input SSN was issued within the last seventeen years</item></item></item><item type="list"><item type="str">change</item><item type="list"><item type="int">56</item><item type="str">scores</item><item type="str">Row</item><item type="str">reason_codes</item><item type="str">Row</item><item type="int">3</item><item type="str">reason_code</item></item><item type="list"><item type="str">90</item><item type="str">VV</item></item></item><item type="list"><item type="str">change</item><item type="list"><item type="int">56</item><item type="str">scores</item><item type="str">Row</item><item type="str">reason_codes</item><item type="str">Row</item><item type="int">3</item><item type="str">reason_description</item></item><item type="list"><item type="str">The input SSN was issued after age five (post-1990)</item><item type="str">Minor or elderly identity</item></item></item><item type="list"><item type="str">change</item><item type="list"><item type="int">56</item><item type="str">scores</item><item type="str">Row</item><item type="str">reason_codes</item><item type="str">Row</item><item type="int">4</item><item type="str">reason_code</item></item><item type="list"><item type="str">BO</item><item type="str">PN</item></item></item><item type="list"><item type="str">change</item><item type="list"><item type="int">56</item><item type="str">scores</item><item type="str">Row</item><item type="str">reason_codes</item><item type="str">Row</item><item type="int">4</item><item type="str">reason_description</item></item><item type="list"><item type="str">Identity sourced only by national credit bureaus</item><item type="str">Unable to verify phone number with identity</item></item></item><item type="list"><item type="str">change</item><item type="list"><item type="int">56</item><item type="str">scores</item><item type="str">Row</item><item type="str">reason_codes</item><item type="str">Row</item><item type="int">5</item><item type="str">reason_code</item></item><item type="list"><item type="str">VV</item><item type="str">73</item></item></item><item type="list"><item type="str">change</item><item type="list"><item type="int">56</item><item type="str">scores</item><item type="str">Row</item><item type="str">reason_codes</item><item type="str">Row</item><item type="int">5</item><item type="str">reason_description</item></item><item type="list"><item type="str">Minor or elderly identity</item><item type="str">The input phone number is not found in the public record</item></item></item><item type="list"><item type="str">change</item><item type="list"><item type="int">57</item><item type="str">accountnumber</item></item><item type="list"><item type="int">72</item><item type="int">58</item></item></item><item type="list"><item type="str">change</item><item type="list"><item type="int">57</item><item type="str">scores</item><item type="str">Row</item><item type="str">i</item></item><item type="list"><item type="str">599</item><item type="str">655</item></item></item><item type="list"><item type="str">change</item><item type="list"><item type="int">57</item><item type="str">scores</item><item type="str">Row</item><item type="str">reason_codes</item><item type="str">Row</item><item type="int">4</item><item type="str">reason_code</item></item><item type="list"><item type="str">9D</item><item type="str">9K</item></item></item><item type="list"><item type="str">change</item><item type="list"><item type="int">57</item><item type="str">scores</item><item type="str">Row</item><item type="str">reason_codes</item><item type="str">Row</item><item type="int">4</item><item type="str">reason_description</item></item><item type="list"><item type="str">Change of address frequency</item><item type="str">Address dwelling type</item></item></item><item type="list"><item type="str">change</item><item type="list"><item type="int">58</item><item type="str">accountnumber</item></item><item type="list"><item type="int">73</item><item type="int">59</item></item></item><item type="list"><item type="str">change</item><item type="list"><item type="int">58</item><item type="str">scores</item><item type="str">Row</item><item type="str">i</item></item><item type="list"><item type="str">730</item><item type="str">545</item></item></item><item type="list"><item type="str">change</item><item type="list"><item type="int">58</item><item type="str">scores</item><item type="str">Row</item><item type="str">reason_codes</item><item type="str">Row</item><item type="int">0</item><item type="str">reason_code</item></item><item type="list"><item type="str">IA</item><item type="str">II</item></item></item><item type="list"><item type="str">change</item><item type="list"><item type="int">58</item><item type="str">scores</item><item type="str">Row</item><item type="str">reason_codes</item><item type="str">Row</item><item type="int">0</item><item type="str">reason_description</item></item><item type="list"><item type="str">The input IP address is unknown</item><item type="str">The input IP address is assigned to a different State/Province than the input State/Province</item></item></item><item type="list"><item type="str">change</item><item type="list"><item type="int">58</item><item type="str">scores</item><item type="str">Row</item><item type="str">reason_codes</item><item type="str">Row</item><item type="int">1</item><item type="str">reason_code</item></item><item type="list"><item type="str">MN</item><item type="str">DR</item></item></item><item type="list"><item type="str">change</item><item type="list"><item type="int">58</item><item type="str">scores</item><item type="str">Row</item><item type="str">reason_codes</item><item type="str">Row</item><item type="int">1</item><item type="str">reason_description</item></item><item type="list"><item type="str">The input SSN was issued within the last seventeen years</item><item type="str">Multiple identities associated with identity components</item></item></item><item type="list"><item type="str">change</item><item type="list"><item type="int">58</item><item type="str">scores</item><item type="str">Row</item><item type="str">reason_codes</item><item type="str">Row</item><item type="int">2</item><item type="str">reason_code</item></item><item type="list"><item type="str">VV</item><item type="str">MN</item></item></item><item type="list"><item type="str">change</item><item type="list"><item type="int">58</item><item type="str">scores</item><item type="str">Row</item><item type="str">reason_codes</item><item type="str">Row</item><item type="int">2</item><item type="str">reason_description</item></item><item type="list"><item type="str">Minor or elderly identity</item><item type="str">The input SSN was issued within the last seventeen years</item></item></item><item type="list"><item type="str">change</item><item type="list"><item type="int">58</item><item type="str">scores</item><item type="str">Row</item><item type="str">reason_codes</item><item type="str">Row</item><item type="int">3</item><item type="str">reason_code</item></item><item type="list"><item type="str">9D</item><item type="str">VV</item></item></item><item type="list"><item type="str">change</item><item type="list"><item type="int">58</item><item type="str">scores</item><item type="str">Row</item><item type="str">reason_codes</item><item type="str">Row</item><item type="int">3</item><item type="str">reason_description</item></item><item type="list"><item type="str">Change of address frequency</item><item type="str">Minor or elderly identity</item></item></item><item type="list"><item type="str">change</item><item type="list"><item type="int">58</item><item type="str">scores</item><item type="str">Row</item><item type="str">reason_codes</item><item type="str">Row</item><item type="int">4</item><item type="str">reason_code</item></item><item type="list"><item type="str">PN</item><item type="str">9D</item></item></item><item type="list"><item type="str">change</item><item type="list"><item type="int">58</item><item type="str">scores</item><item type="str">Row</item><item type="str">reason_codes</item><item type="str">Row</item><item type="int">4</item><item type="str">reason_description</item></item><item type="list"><item type="str">Unable to verify phone number with identity</item><item type="str">Change of address frequency</item></item></item><item type="list"><item type="str">change</item><item type="list"><item type="int">58</item><item type="str">scores</item><item type="str">Row</item><item type="str">reason_codes</item><item type="str">Row</item><item type="int">5</item><item type="str">reason_code</item></item><item type="list"><item type="str">73</item><item type="str">9K</item></item></item><item type="list"><item type="str">change</item><item type="list"><item type="int">58</item><item type="str">scores</item><item type="str">Row</item><item type="str">reason_codes</item><item type="str">Row</item><item type="int">5</item><item type="str">reason_description</item></item><item type="list"><item type="str">The input phone number is not found in the public record</item><item type="str">Address dwelling type</item></item></item><item type="list"><item type="str">change</item><item type="list"><item type="int">59</item><item type="str">accountnumber</item></item><item type="list"><item type="int">74</item><item type="int">60</item></item></item><item type="list"><item type="str">change</item><item type="list"><item type="int">59</item><item type="str">scores</item><item type="str">Row</item><item type="str">i</item></item><item type="list"><item type="str">623</item><item type="str">509</item></item></item><item type="list"><item type="str">change</item><item type="list"><item type="int">59</item><item type="str">scores</item><item type="str">Row</item><item type="str">reason_codes</item><item type="str">Row</item><item type="int">2</item><item type="str">reason_code</item></item><item type="list"><item type="str">CB</item><item type="str">MN</item></item></item><item type="list"><item type="str">change</item><item type="list"><item type="int">59</item><item type="str">scores</item><item type="str">Row</item><item type="str">reason_codes</item><item type="str">Row</item><item type="int">2</item><item type="str">reason_description</item></item><item type="list"><item type="str">Too few sources corroborating SSN, address, and phone</item><item type="str">The input SSN was issued within the last seventeen years</item></item></item><item type="list"><item type="str">change</item><item type="list"><item type="int">59</item><item type="str">scores</item><item type="str">Row</item><item type="str">reason_codes</item><item type="str">Row</item><item type="int">3</item><item type="str">reason_code</item></item><item type="list"><item type="str">MN</item><item type="str">VV</item></item></item><item type="list"><item type="str">change</item><item type="list"><item type="int">59</item><item type="str">scores</item><item type="str">Row</item><item type="str">reason_codes</item><item type="str">Row</item><item type="int">3</item><item type="str">reason_description</item></item><item type="list"><item type="str">The input SSN was issued within the last seventeen years</item><item type="str">Minor or elderly identity</item></item></item><item type="list"><item type="str">change</item><item type="list"><item type="int">59</item><item type="str">scores</item><item type="str">Row</item><item type="str">reason_codes</item><item type="str">Row</item><item type="int">4</item><item type="str">reason_code</item></item><item type="list"><item type="str">VV</item><item type="str">PA</item></item></item><item type="list"><item type="str">change</item><item type="list"><item type="int">59</item><item type="str">scores</item><item type="str">Row</item><item type="str">reason_codes</item><item type="str">Row</item><item type="int">4</item><item type="str">reason_description</item></item><item type="list"><item type="str">Minor or elderly identity</item><item type="str">Potential address discrepancy - the Input address may be previous address</item></item></item><item type="list"><item type="str">change</item><item type="list"><item type="int">60</item><item type="str">accountnumber</item></item><item type="list"><item type="int">75</item><item type="int">61</item></item></item><item type="list"><item type="str">change</item><item type="list"><item type="int">60</item><item type="str">scores</item><item type="str">Row</item><item type="str">i</item></item><item type="list"><item type="str">684</item><item type="str">605</item></item></item><item type="list"><item type="str">change</item><item type="list"><item type="int">60</item><item type="str">scores</item><item type="str">Row</item><item type="str">reason_codes</item><item type="str">Row</item><item type="int">0</item><item type="str">reason_code</item></item><item type="list"><item type="str">IA</item><item type="str">IE</item></item></item><item type="list"><item type="str">change</item><item type="list"><item type="int">60</item><item type="str">scores</item><item type="str">Row</item><item type="str">reason_codes</item><item type="str">Row</item><item type="int">0</item><item type="str">reason_description</item></item><item type="list"><item type="str">The input IP address is unknown</item><item type="str">The input IP address second-level domain is unknown</item></item></item><item type="list"><item type="str">change</item><item type="list"><item type="int">60</item><item type="str">scores</item><item type="str">Row</item><item type="str">reason_codes</item><item type="str">Row</item><item type="int">1</item><item type="str">reason_code</item></item><item type="list"><item type="str">SA</item><item type="str">DR</item></item></item><item type="list"><item type="str">change</item><item type="list"><item type="int">60</item><item type="str">scores</item><item type="str">Row</item><item type="str">reason_codes</item><item type="str">Row</item><item type="int">1</item><item type="str">reason_description</item></item><item type="list"><item type="str">SSN not reported at address</item><item type="str">Multiple identities associated with identity components</item></item></item><item type="list"><item type="str">change</item><item type="list"><item type="int">60</item><item type="str">scores</item><item type="str">Row</item><item type="str">reason_codes</item><item type="str">Row</item><item type="int">2</item><item type="str">reason_code</item></item><item type="list"><item type="str">CB</item><item type="str">38</item></item></item><item type="list"><item type="str">change</item><item type="list"><item type="int">60</item><item type="str">scores</item><item type="str">Row</item><item type="str">reason_codes</item><item type="str">Row</item><item type="int">2</item><item type="str">reason_description</item></item><item type="list"><item type="str">Too few sources corroborating SSN, address, and phone</item><item type="str">The input SSN is associated with multiple last names</item></item></item><item type="list"><item type="str">change</item><item type="list"><item type="int">60</item><item type="str">scores</item><item type="str">Row</item><item type="str">reason_codes</item><item type="str">Row</item><item type="int">3</item><item type="str">reason_code</item></item><item type="list"><item type="str">38</item><item type="str">MN</item></item></item><item type="list"><item type="str">change</item><item type="list"><item type="int">60</item><item type="str">scores</item><item type="str">Row</item><item type="str">reason_codes</item><item type="str">Row</item><item type="int">3</item><item type="str">reason_description</item></item><item type="list"><item type="str">The input SSN is associated with multiple last names</item><item type="str">The input SSN was issued within the last seventeen years</item></item></item><item type="list"><item type="str">change</item><item type="list"><item type="int">60</item><item type="str">scores</item><item type="str">Row</item><item type="str">reason_codes</item><item type="str">Row</item><item type="int">4</item><item type="str">reason_code</item></item><item type="list"><item type="str">MN</item><item type="str">VV</item></item></item><item type="list"><item type="str">change</item><item type="list"><item type="int">60</item><item type="str">scores</item><item type="str">Row</item><item type="str">reason_codes</item><item type="str">Row</item><item type="int">4</item><item type="str">reason_description</item></item><item type="list"><item type="str">The input SSN was issued within the last seventeen years</item><item type="str">Minor or elderly identity</item></item></item><item type="list"><item type="str">change</item><item type="list"><item type="int">60</item><item type="str">scores</item><item type="str">Row</item><item type="str">reason_codes</item><item type="str">Row</item><item type="int">5</item><item type="str">reason_code</item></item><item type="list"><item type="str">VV</item><item type="str">PN</item></item></item><item type="list"><item type="str">change</item><item type="list"><item type="int">60</item><item type="str">scores</item><item type="str">Row</item><item type="str">reason_codes</item><item type="str">Row</item><item type="int">5</item><item type="str">reason_description</item></item><item type="list"><item type="str">Minor or elderly identity</item><item type="str">Unable to verify phone number with identity</item></item></item><item type="list"><item type="str">change</item><item type="list"><item type="int">61</item><item type="str">accountnumber</item></item><item type="list"><item type="int">77</item><item type="int">62</item></item></item><item type="list"><item type="str">change</item><item type="list"><item type="int">61</item><item type="str">scores</item><item type="str">Row</item><item type="str">i</item></item><item type="list"><item type="str">525</item><item type="str">521</item></item></item><item type="list"><item type="str">change</item><item type="list"><item type="int">61</item><item type="str">scores</item><item type="str">Row</item><item type="str">reason_codes</item><item type="str">Row</item><item type="int">0</item><item type="str">reason_code</item></item><item type="list"><item type="str">IA</item><item type="str">IK</item></item></item><item type="list"><item type="str">change</item><item type="list"><item type="int">61</item><item type="str">scores</item><item type="str">Row</item><item type="str">reason_codes</item><item type="str">Row</item><item type="int">0</item><item type="str">reason_description</item></item><item type="list"><item type="str">The input IP address is unknown</item><item type="str">The input IP address is assigned to a different area code than the input phone number</item></item></item><item type="list"><item type="str">change</item><item type="list"><item type="int">61</item><item type="str">scores</item><item type="str">Row</item><item type="str">reason_codes</item><item type="str">Row</item><item type="int">1</item><item type="str">reason_code</item></item><item type="list"><item type="str">DR</item><item type="str">SN</item></item></item><item type="list"><item type="str">change</item><item type="list"><item type="int">61</item><item type="str">scores</item><item type="str">Row</item><item type="str">reason_codes</item><item type="str">Row</item><item type="int">1</item><item type="str">reason_description</item></item><item type="list"><item type="str">Multiple identities associated with identity components</item><item type="str">Mismatch of first and last names reported with SSN</item></item></item><item type="list"><item type="str">change</item><item type="list"><item type="int">61</item><item type="str">scores</item><item type="str">Row</item><item type="str">reason_codes</item><item type="str">Row</item><item type="int">2</item><item type="str">reason_code</item></item><item type="list"><item type="str">MN</item><item type="str">VR</item></item></item><item type="list"><item type="str">change</item><item type="list"><item type="int">61</item><item type="str">scores</item><item type="str">Row</item><item type="str">reason_codes</item><item type="str">Row</item><item type="int">2</item><item type="str">reason_description</item></item><item type="list"><item type="str">The input SSN was issued within the last seventeen years</item><item type="str">Unable to verify key identity components</item></item></item><item type="list"><item type="str">change</item><item type="list"><item type="int">61</item><item type="str">scores</item><item type="str">Row</item><item type="str">reason_codes</item><item type="str">Row</item><item type="int">3</item><item type="str">reason_code</item></item><item type="list"><item type="str">VV</item><item type="str">DR</item></item></item><item type="list"><item type="str">change</item><item type="list"><item type="int">61</item><item type="str">scores</item><item type="str">Row</item><item type="str">reason_codes</item><item type="str">Row</item><item type="int">3</item><item type="str">reason_description</item></item><item type="list"><item type="str">Minor or elderly identity</item><item type="str">Multiple identities associated with identity components</item></item></item><item type="list"><item type="str">change</item><item type="list"><item type="int">61</item><item type="str">scores</item><item type="str">Row</item><item type="str">reason_codes</item><item type="str">Row</item><item type="int">4</item><item type="str">reason_code</item></item><item type="list"><item type="str">PA</item><item type="str">MN</item></item></item><item type="list"><item type="str">change</item><item type="list"><item type="int">61</item><item type="str">scores</item><item type="str">Row</item><item type="str">reason_codes</item><item type="str">Row</item><item type="int">4</item><item type="str">reason_description</item></item><item type="list"><item type="str">Potential address discrepancy - the Input address may be previous address</item><item type="str">The input SSN was issued within the last seventeen years</item></item></item><item type="list"><item type="str">change</item><item type="list"><item type="int">61</item><item type="str">scores</item><item type="str">Row</item><item type="str">reason_codes</item><item type="str">Row</item><item type="int">5</item><item type="str">reason_code</item></item><item type="list"><item type="str">PN</item><item type="str">VV</item></item></item><item type="list"><item type="str">change</item><item type="list"><item type="int">61</item><item type="str">scores</item><item type="str">Row</item><item type="str">reason_codes</item><item type="str">Row</item><item type="int">5</item><item type="str">reason_description</item></item><item type="list"><item type="str">Unable to verify phone number with identity</item><item type="str">Minor or elderly identity</item></item></item><item type="list"><item type="str">change</item><item type="list"><item type="int">62</item><item type="str">accountnumber</item></item><item type="list"><item type="int">79</item><item type="int">63</item></item></item><item type="list"><item type="str">change</item><item type="list"><item type="int">62</item><item type="str">scores</item><item type="str">Row</item><item type="str">i</item></item><item type="list"><item type="str">626</item><item type="str">542</item></item></item><item type="list"><item type="str">change</item><item type="list"><item type="int">62</item><item type="str">scores</item><item type="str">Row</item><item type="str">reason_codes</item><item type="str">Row</item><item type="int">0</item><item type="str">reason_code</item></item><item type="list"><item type="str">IA</item><item type="str">IJ</item></item></item><item type="list"><item type="str">change</item><item type="list"><item type="int">62</item><item type="str">scores</item><item type="str">Row</item><item type="str">reason_codes</item><item type="str">Row</item><item type="int">0</item><item type="str">reason_description</item></item><item type="list"><item type="str">The input IP address is unknown</item><item type="str">The input IP address is assigned to a different postal code than the input postal code</item></item></item><item type="list"><item type="str">change</item><item type="list"><item type="int">62</item><item type="str">scores</item><item type="str">Row</item><item type="str">reason_codes</item><item type="str">Row</item><item type="int">1</item><item type="str">reason_code</item></item><item type="list"><item type="str">DR</item><item type="str">SA</item></item></item><item type="list"><item type="str">change</item><item type="list"><item type="int">62</item><item type="str">scores</item><item type="str">Row</item><item type="str">reason_codes</item><item type="str">Row</item><item type="int">1</item><item type="str">reason_description</item></item><item type="list"><item type="str">Multiple identities associated with identity components</item><item type="str">SSN not reported at address</item></item></item><item type="list"><item type="str">change</item><item type="list"><item type="int">62</item><item type="str">scores</item><item type="str">Row</item><item type="str">reason_codes</item><item type="str">Row</item><item type="int">2</item><item type="str">reason_code</item></item><item type="list"><item type="str">CB</item><item type="str">SN</item></item></item><item type="list"><item type="str">change</item><item type="list"><item type="int">62</item><item type="str">scores</item><item type="str">Row</item><item type="str">reason_codes</item><item type="str">Row</item><item type="int">2</item><item type="str">reason_description</item></item><item type="list"><item type="str">Too few sources corroborating SSN, address, and phone</item><item type="str">Mismatch of first and last names reported with SSN</item></item></item><item type="list"><item type="str">change</item><item type="list"><item type="int">62</item><item type="str">scores</item><item type="str">Row</item><item type="str">reason_codes</item><item type="str">Row</item><item type="int">3</item><item type="str">reason_code</item></item><item type="list"><item type="str">MN</item><item type="str">VR</item></item></item><item type="list"><item type="str">change</item><item type="list"><item type="int">62</item><item type="str">scores</item><item type="str">Row</item><item type="str">reason_codes</item><item type="str">Row</item><item type="int">3</item><item type="str">reason_description</item></item><item type="list"><item type="str">The input SSN was issued within the last seventeen years</item><item type="str">Unable to verify key identity components</item></item></item><item type="list"><item type="str">change</item><item type="list"><item type="int">62</item><item type="str">scores</item><item type="str">Row</item><item type="str">reason_codes</item><item type="str">Row</item><item type="int">4</item><item type="str">reason_code</item></item><item type="list"><item type="str">VV</item><item type="str">DR</item></item></item><item type="list"><item type="str">change</item><item type="list"><item type="int">62</item><item type="str">scores</item><item type="str">Row</item><item type="str">reason_codes</item><item type="str">Row</item><item type="int">4</item><item type="str">reason_description</item></item><item type="list"><item type="str">Minor or elderly identity</item><item type="str">Multiple identities associated with identity components</item></item></item><item type="list"><item type="str">change</item><item type="list"><item type="int">62</item><item type="str">scores</item><item type="str">Row</item><item type="str">reason_codes</item><item type="str">Row</item><item type="int">5</item><item type="str">reason_code</item></item><item type="list"><item type="str">9D</item><item type="str">CB</item></item></item><item type="list"><item type="str">change</item><item type="list"><item type="int">62</item><item type="str">scores</item><item type="str">Row</item><item type="str">reason_codes</item><item type="str">Row</item><item type="int">5</item><item type="str">reason_description</item></item><item type="list"><item type="str">Change of address frequency</item><item type="str">Too few sources corroborating SSN, address, and phone</item></item></item><item type="list"><item type="str">change</item><item type="list"><item type="int">63</item><item type="str">accountnumber</item></item><item type="list"><item type="int">80</item><item type="int">64</item></item></item><item type="list"><item type="str">change</item><item type="list"><item type="int">63</item><item type="str">scores</item><item type="str">Row</item><item type="str">i</item></item><item type="list"><item type="str">607</item><item type="str">661</item></item></item><item type="list"><item type="str">change</item><item type="list"><item type="int">63</item><item type="str">scores</item><item type="str">Row</item><item type="str">reason_codes</item><item type="str">Row</item><item type="int">0</item><item type="str">reason_code</item></item><item type="list"><item type="str">IA</item><item type="str">II</item></item></item><item type="list"><item type="str">change</item><item type="list"><item type="int">63</item><item type="str">scores</item><item type="str">Row</item><item type="str">reason_codes</item><item type="str">Row</item><item type="int">0</item><item type="str">reason_description</item></item><item type="list"><item type="str">The input IP address is unknown</item><item type="str">The input IP address is assigned to a different State/Province than the input State/Province</item></item></item><item type="list"><item type="str">change</item><item type="list"><item type="int">64</item><item type="str">accountnumber</item></item><item type="list"><item type="int">81</item><item type="int">65</item></item></item><item type="list"><item type="str">change</item><item type="list"><item type="int">64</item><item type="str">scores</item><item type="str">Row</item><item type="str">i</item></item><item type="list"><item type="str">625</item><item type="str">544</item></item></item><item type="list"><item type="str">change</item><item type="list"><item type="int">64</item><item type="str">scores</item><item type="str">Row</item><item type="str">reason_codes</item><item type="str">Row</item><item type="int">4</item><item type="str">reason_code</item></item><item type="list"><item type="str">PA</item><item type="str">PN</item></item></item><item type="list"><item type="str">change</item><item type="list"><item type="int">64</item><item type="str">scores</item><item type="str">Row</item><item type="str">reason_codes</item><item type="str">Row</item><item type="int">4</item><item type="str">reason_description</item></item><item type="list"><item type="str">Potential address discrepancy - the Input address may be previous address</item><item type="str">Unable to verify phone number with identity</item></item></item><item type="list"><item type="str">change</item><item type="list"><item type="int">64</item><item type="str">scores</item><item type="str">Row</item><item type="str">reason_codes</item><item type="str">Row</item><item type="int">5</item><item type="str">reason_code</item></item><item type="list"><item type="str">PN</item><item type="str">73</item></item></item><item type="list"><item type="str">change</item><item type="list"><item type="int">64</item><item type="str">scores</item><item type="str">Row</item><item type="str">reason_codes</item><item type="str">Row</item><item type="int">5</item><item type="str">reason_description</item></item><item type="list"><item type="str">Unable to verify phone number with identity</item><item type="str">The input phone number is not found in the public record</item></item></item><item type="list"><item type="str">change</item><item type="list"><item type="int">65</item><item type="str">accountnumber</item></item><item type="list"><item type="int">82</item><item type="int">66</item></item></item><item type="list"><item type="str">change</item><item type="list"><item type="int">65</item><item type="str">scores</item><item type="str">Row</item><item type="str">i</item></item><item type="list"><item type="str">739</item><item type="str">675</item></item></item><item type="list"><item type="str">change</item><item type="list"><item type="int">65</item><item type="str">scores</item><item type="str">Row</item><item type="str">reason_codes</item><item type="str">Row</item><item type="int">0</item><item type="str">reason_code</item></item><item type="list"><item type="str">IA</item><item type="str">IK</item></item></item><item type="list"><item type="str">change</item><item type="list"><item type="int">65</item><item type="str">scores</item><item type="str">Row</item><item type="str">reason_codes</item><item type="str">Row</item><item type="int">0</item><item type="str">reason_description</item></item><item type="list"><item type="str">The input IP address is unknown</item><item type="str">The input IP address is assigned to a different area code than the input phone number</item></item></item><item type="list"><item type="str">change</item><item type="list"><item type="int">65</item><item type="str">scores</item><item type="str">Row</item><item type="str">reason_codes</item><item type="str">Row</item><item type="int">2</item><item type="str">reason_code</item></item><item type="list"><item type="str">MN</item><item type="str">CB</item></item></item><item type="list"><item type="str">change</item><item type="list"><item type="int">65</item><item type="str">scores</item><item type="str">Row</item><item type="str">reason_codes</item><item type="str">Row</item><item type="int">2</item><item type="str">reason_description</item></item><item type="list"><item type="str">The input SSN was issued within the last seventeen years</item><item type="str">Too few sources corroborating SSN, address, and phone</item></item></item><item type="list"><item type="str">change</item><item type="list"><item type="int">65</item><item type="str">scores</item><item type="str">Row</item><item type="str">reason_codes</item><item type="str">Row</item><item type="int">3</item><item type="str">reason_code</item></item><item type="list"><item type="str">VV</item><item type="str">MN</item></item></item><item type="list"><item type="str">change</item><item type="list"><item type="int">65</item><item type="str">scores</item><item type="str">Row</item><item type="str">reason_codes</item><item type="str">Row</item><item type="int">3</item><item type="str">reason_description</item></item><item type="list"><item type="str">Minor or elderly identity</item><item type="str">The input SSN was issued within the last seventeen years</item></item></item><item type="list"><item type="str">change</item><item type="list"><item type="int">65</item><item type="str">scores</item><item type="str">Row</item><item type="str">reason_codes</item><item type="str">Row</item><item type="int">4</item><item type="str">reason_code</item></item><item type="list"><item type="str">PN</item><item type="str">VV</item></item></item><item type="list"><item type="str">change</item><item type="list"><item type="int">65</item><item type="str">scores</item><item type="str">Row</item><item type="str">reason_codes</item><item type="str">Row</item><item type="int">4</item><item type="str">reason_description</item></item><item type="list"><item type="str">Unable to verify phone number with identity</item><item type="str">Minor or elderly identity</item></item></item><item type="list"><item type="str">change</item><item type="list"><item type="int">65</item><item type="str">scores</item><item type="str">Row</item><item type="str">reason_codes</item><item type="str">Row</item><item type="int">5</item><item type="str">reason_code</item></item><item type="list"><item type="str">73</item><item type="str">9D</item></item></item><item type="list"><item type="str">change</item><item type="list"><item type="int">65</item><item type="str">scores</item><item type="str">Row</item><item type="str">reason_codes</item><item type="str">Row</item><item type="int">5</item><item type="str">reason_description</item></item><item type="list"><item type="str">The input phone number is not found in the public record</item><item type="str">Change of address frequency</item></item></item><item type="list"><item type="str">change</item><item type="list"><item type="int">66</item><item type="str">accountnumber</item></item><item type="list"><item type="int">86</item><item type="int">67</item></item></item><item type="list"><item type="str">change</item><item type="list"><item type="int">66</item><item type="str">scores</item><item type="str">Row</item><item type="str">i</item></item><item type="list"><item type="str">626</item><item type="str">625</item></item></item><item type="list"><item type="str">change</item><item type="list"><item type="int">66</item><item type="str">scores</item><item type="str">Row</item><item type="str">reason_codes</item><item type="str">Row</item><item type="int">0</item><item type="str">reason_code</item></item><item type="list"><item type="str">IA</item><item type="str">DR</item></item></item><item type="list"><item type="str">change</item><item type="list"><item type="int">66</item><item type="str">scores</item><item type="str">Row</item><item type="str">reason_codes</item><item type="str">Row</item><item type="int">0</item><item type="str">reason_description</item></item><item type="list"><item type="str">The input IP address is unknown</item><item type="str">Multiple identities associated with identity components</item></item></item><item type="list"><item type="str">change</item><item type="list"><item type="int">66</item><item type="str">scores</item><item type="str">Row</item><item type="str">reason_codes</item><item type="str">Row</item><item type="int">1</item><item type="str">reason_code</item></item><item type="list"><item type="str">DR</item><item type="str">MN</item></item></item><item type="list"><item type="str">change</item><item type="list"><item type="int">66</item><item type="str">scores</item><item type="str">Row</item><item type="str">reason_codes</item><item type="str">Row</item><item type="int">1</item><item type="str">reason_description</item></item><item type="list"><item type="str">Multiple identities associated with identity components</item><item type="str">The input SSN was issued within the last seventeen years</item></item></item><item type="list"><item type="str">change</item><item type="list"><item type="int">66</item><item type="str">scores</item><item type="str">Row</item><item type="str">reason_codes</item><item type="str">Row</item><item type="int">2</item><item type="str">reason_code</item></item><item type="list"><item type="str">MN</item><item type="str">VV</item></item></item><item type="list"><item type="str">change</item><item type="list"><item type="int">66</item><item type="str">scores</item><item type="str">Row</item><item type="str">reason_codes</item><item type="str">Row</item><item type="int">2</item><item type="str">reason_description</item></item><item type="list"><item type="str">The input SSN was issued within the last seventeen years</item><item type="str">Minor or elderly identity</item></item></item><item type="list"><item type="str">change</item><item type="list"><item type="int">66</item><item type="str">scores</item><item type="str">Row</item><item type="str">reason_codes</item><item type="str">Row</item><item type="int">3</item><item type="str">reason_code</item></item><item type="list"><item type="str">VV</item><item type="str">PA</item></item></item><item type="list"><item type="str">change</item><item type="list"><item type="int">66</item><item type="str">scores</item><item type="str">Row</item><item type="str">reason_codes</item><item type="str">Row</item><item type="int">3</item><item type="str">reason_description</item></item><item type="list"><item type="str">Minor or elderly identity</item><item type="str">Potential address discrepancy - the Input address may be previous address</item></item></item><item type="list"><item type="str">change</item><item type="list"><item type="int">66</item><item type="str">scores</item><item type="str">Row</item><item type="str">reason_codes</item><item type="str">Row</item><item type="int">4</item><item type="str">reason_code</item></item><item type="list"><item type="str">PA</item><item type="str">PN</item></item></item><item type="list"><item type="str">change</item><item type="list"><item type="int">66</item><item type="str">scores</item><item type="str">Row</item><item type="str">reason_codes</item><item type="str">Row</item><item type="int">4</item><item type="str">reason_description</item></item><item type="list"><item type="str">Potential address discrepancy - the Input address may be previous address</item><item type="str">Unable to verify phone number with identity</item></item></item><item type="list"><item type="str">change</item><item type="list"><item type="int">66</item><item type="str">scores</item><item type="str">Row</item><item type="str">reason_codes</item><item type="str">Row</item><item type="int">5</item><item type="str">reason_code</item></item><item type="list"><item type="str">PN</item><item type="str">73</item></item></item><item type="list"><item type="str">change</item><item type="list"><item type="int">66</item><item type="str">scores</item><item type="str">Row</item><item type="str">reason_codes</item><item type="str">Row</item><item type="int">5</item><item type="str">reason_description</item></item><item type="list"><item type="str">Unable to verify phone number with identity</item><item type="str">The input phone number is not found in the public record</item></item></item><item type="list"><item type="str">change</item><item type="list"><item type="int">67</item><item type="str">accountnumber</item></item><item type="list"><item type="int">87</item><item type="int">68</item></item></item><item type="list"><item type="str">change</item><item type="list"><item type="int">67</item><item type="str">scores</item><item type="str">Row</item><item type="str">i</item></item><item type="list"><item type="str">590</item><item type="str">626</item></item></item><item type="list"><item type="str">change</item><item type="list"><item type="int">67</item><item type="str">scores</item><item type="str">Row</item><item type="str">reason_codes</item><item type="str">Row</item><item type="int">0</item><item type="str">reason_code</item></item><item type="list"><item type="str">IA</item><item type="str">IK</item></item></item><item type="list"><item type="str">change</item><item type="list"><item type="int">67</item><item type="str">scores</item><item type="str">Row</item><item type="str">reason_codes</item><item type="str">Row</item><item type="int">0</item><item type="str">reason_description</item></item><item type="list"><item type="str">The input IP address is unknown</item><item type="str">The input IP address is assigned to a different area code than the input phone number</item></item></item><item type="list"><item type="str">change</item><item type="list"><item type="int">67</item><item type="str">scores</item><item type="str">Row</item><item type="str">reason_codes</item><item type="str">Row</item><item type="int">1</item><item type="str">reason_code</item></item><item type="list"><item type="str">DR</item><item type="str">MN</item></item></item><item type="list"><item type="str">change</item><item type="list"><item type="int">67</item><item type="str">scores</item><item type="str">Row</item><item type="str">reason_codes</item><item type="str">Row</item><item type="int">1</item><item type="str">reason_description</item></item><item type="list"><item type="str">Multiple identities associated with identity components</item><item type="str">The input SSN was issued within the last seventeen years</item></item></item><item type="list"><item type="str">change</item><item type="list"><item type="int">67</item><item type="str">scores</item><item type="str">Row</item><item type="str">reason_codes</item><item type="str">Row</item><item type="int">2</item><item type="str">reason_code</item></item><item type="list"><item type="str">38</item><item type="str">VV</item></item></item><item type="list"><item type="str">change</item><item type="list"><item type="int">67</item><item type="str">scores</item><item type="str">Row</item><item type="str">reason_codes</item><item type="str">Row</item><item type="int">2</item><item type="str">reason_description</item></item><item type="list"><item type="str">The input SSN is associated with multiple last names</item><item type="str">Minor or elderly identity</item></item></item><item type="list"><item type="str">change</item><item type="list"><item type="int">67</item><item type="str">scores</item><item type="str">Row</item><item type="str">reason_codes</item><item type="str">Row</item><item type="int">3</item><item type="str">reason_code</item></item><item type="list"><item type="str">MN</item><item type="str">9D</item></item></item><item type="list"><item type="str">change</item><item type="list"><item type="int">67</item><item type="str">scores</item><item type="str">Row</item><item type="str">reason_codes</item><item type="str">Row</item><item type="int">3</item><item type="str">reason_description</item></item><item type="list"><item type="str">The input SSN was issued within the last seventeen years</item><item type="str">Change of address frequency</item></item></item><item type="list"><item type="str">change</item><item type="list"><item type="int">67</item><item type="str">scores</item><item type="str">Row</item><item type="str">reason_codes</item><item type="str">Row</item><item type="int">4</item><item type="str">reason_code</item></item><item type="list"><item type="str">VV</item><item type="str">PN</item></item></item><item type="list"><item type="str">change</item><item type="list"><item type="int">67</item><item type="str">scores</item><item type="str">Row</item><item type="str">reason_codes</item><item type="str">Row</item><item type="int">4</item><item type="str">reason_description</item></item><item type="list"><item type="str">Minor or elderly identity</item><item type="str">Unable to verify phone number with identity</item></item></item><item type="list"><item type="str">change</item><item type="list"><item type="int">67</item><item type="str">scores</item><item type="str">Row</item><item type="str">reason_codes</item><item type="str">Row</item><item type="int">5</item><item type="str">reason_code</item></item><item type="list"><item type="str">9D</item><item type="str">73</item></item></item><item type="list"><item type="str">change</item><item type="list"><item type="int">67</item><item type="str">scores</item><item type="str">Row</item><item type="str">reason_codes</item><item type="str">Row</item><item type="int">5</item><item type="str">reason_description</item></item><item type="list"><item type="str">Change of address frequency</item><item type="str">The input phone number is not found in the public record</item></item></item><item type="list"><item type="str">change</item><item type="list"><item type="int">68</item><item type="str">accountnumber</item></item><item type="list"><item type="int">89</item><item type="int">69</item></item></item><item type="list"><item type="str">change</item><item type="list"><item type="int">68</item><item type="str">scores</item><item type="str">Row</item><item type="str">i</item></item><item type="list"><item type="str">627</item><item type="str">569</item></item></item><item type="list"><item type="str">change</item><item type="list"><item type="int">68</item><item type="str">scores</item><item type="str">Row</item><item type="str">reason_codes</item><item type="str">Row</item><item type="int">0</item><item type="str">reason_code</item></item><item type="list"><item type="str">IA</item><item type="str">IK</item></item></item><item type="list"><item type="str">change</item><item type="list"><item type="int">68</item><item type="str">scores</item><item type="str">Row</item><item type="str">reason_codes</item><item type="str">Row</item><item type="int">0</item><item type="str">reason_description</item></item><item type="list"><item type="str">The input IP address is unknown</item><item type="str">The input IP address is assigned to a different area code than the input phone number</item></item></item><item type="list"><item type="str">change</item><item type="list"><item type="int">68</item><item type="str">scores</item><item type="str">Row</item><item type="str">reason_codes</item><item type="str">Row</item><item type="int">2</item><item type="str">reason_code</item></item><item type="list"><item type="str">CB</item><item type="str">MN</item></item></item><item type="list"><item type="str">change</item><item type="list"><item type="int">68</item><item type="str">scores</item><item type="str">Row</item><item type="str">reason_codes</item><item type="str">Row</item><item type="int">2</item><item type="str">reason_description</item></item><item type="list"><item type="str">Too few sources corroborating SSN, address, and phone</item><item type="str">The input SSN was issued within the last seventeen years</item></item></item><item type="list"><item type="str">change</item><item type="list"><item type="int">68</item><item type="str">scores</item><item type="str">Row</item><item type="str">reason_codes</item><item type="str">Row</item><item type="int">3</item><item type="str">reason_code</item></item><item type="list"><item type="str">MN</item><item type="str">VV</item></item></item><item type="list"><item type="str">change</item><item type="list"><item type="int">68</item><item type="str">scores</item><item type="str">Row</item><item type="str">reason_codes</item><item type="str">Row</item><item type="int">3</item><item type="str">reason_description</item></item><item type="list"><item type="str">The input SSN was issued within the last seventeen years</item><item type="str">Minor or elderly identity</item></item></item><item type="list"><item type="str">change</item><item type="list"><item type="int">68</item><item type="str">scores</item><item type="str">Row</item><item type="str">reason_codes</item><item type="str">Row</item><item type="int">4</item><item type="str">reason_code</item></item><item type="list"><item type="str">VV</item><item type="str">9D</item></item></item><item type="list"><item type="str">change</item><item type="list"><item type="int">68</item><item type="str">scores</item><item type="str">Row</item><item type="str">reason_codes</item><item type="str">Row</item><item type="int">4</item><item type="str">reason_description</item></item><item type="list"><item type="str">Minor or elderly identity</item><item type="str">Change of address frequency</item></item></item><item type="list"><item type="str">change</item><item type="list"><item type="int">68</item><item type="str">scores</item><item type="str">Row</item><item type="str">reason_codes</item><item type="str">Row</item><item type="int">5</item><item type="str">reason_code</item></item><item type="list"><item type="str">9D</item><item type="str">PA</item></item></item><item type="list"><item type="str">change</item><item type="list"><item type="int">68</item><item type="str">scores</item><item type="str">Row</item><item type="str">reason_codes</item><item type="str">Row</item><item type="int">5</item><item type="str">reason_description</item></item><item type="list"><item type="str">Change of address frequency</item><item type="str">Potential address discrepancy - the Input address may be previous address</item></item></item><item type="list"><item type="str">change</item><item type="list"><item type="int">69</item><item type="str">accountnumber</item></item><item type="list"><item type="int">90</item><item type="int">70</item></item></item><item type="list"><item type="str">change</item><item type="list"><item type="int">69</item><item type="str">scores</item><item type="str">Row</item><item type="str">i</item></item><item type="list"><item type="str">648</item><item type="str">728</item></item></item><item type="list"><item type="str">change</item><item type="list"><item type="int">69</item><item type="str">scores</item><item type="str">Row</item><item type="str">reason_codes</item><item type="str">Row</item><item type="int">0</item><item type="str">reason_code</item></item><item type="list"><item type="str">IA</item><item type="str">IJ</item></item></item><item type="list"><item type="str">change</item><item type="list"><item type="int">69</item><item type="str">scores</item><item type="str">Row</item><item type="str">reason_codes</item><item type="str">Row</item><item type="int">0</item><item type="str">reason_description</item></item><item type="list"><item type="str">The input IP address is unknown</item><item type="str">The input IP address is assigned to a different postal code than the input postal code</item></item></item><item type="list"><item type="str">change</item><item type="list"><item type="int">70</item><item type="str">accountnumber</item></item><item type="list"><item type="int">91</item><item type="int">71</item></item></item><item type="list"><item type="str">change</item><item type="list"><item type="int">70</item><item type="str">scores</item><item type="str">Row</item><item type="str">i</item></item><item type="list"><item type="str">607</item><item type="str">511</item></item></item><item type="list"><item type="str">change</item><item type="list"><item type="int">70</item><item type="str">scores</item><item type="str">Row</item><item type="str">reason_codes</item><item type="str">Row</item><item type="int">0</item><item type="str">reason_code</item></item><item type="list"><item type="str">IA</item><item type="str">II</item></item></item><item type="list"><item type="str">change</item><item type="list"><item type="int">70</item><item type="str">scores</item><item type="str">Row</item><item type="str">reason_codes</item><item type="str">Row</item><item type="int">0</item><item type="str">reason_description</item></item><item type="list"><item type="str">The input IP address is unknown</item><item type="str">The input IP address is assigned to a different State/Province than the input State/Province</item></item></item><item type="list"><item type="str">change</item><item type="list"><item type="int">70</item><item type="str">scores</item><item type="str">Row</item><item type="str">reason_codes</item><item type="str">Row</item><item type="int">2</item><item type="str">reason_code</item></item><item type="list"><item type="str">MN</item><item type="str">CB</item></item></item><item type="list"><item type="str">change</item><item type="list"><item type="int">70</item><item type="str">scores</item><item type="str">Row</item><item type="str">reason_codes</item><item type="str">Row</item><item type="int">2</item><item type="str">reason_description</item></item><item type="list"><item type="str">The input SSN was issued within the last seventeen years</item><item type="str">Too few sources corroborating SSN, address, and phone</item></item></item><item type="list"><item type="str">change</item><item type="list"><item type="int">70</item><item type="str">scores</item><item type="str">Row</item><item type="str">reason_codes</item><item type="str">Row</item><item type="int">3</item><item type="str">reason_code</item></item><item type="list"><item type="str">VV</item><item type="str">90</item></item></item><item type="list"><item type="str">change</item><item type="list"><item type="int">70</item><item type="str">scores</item><item type="str">Row</item><item type="str">reason_codes</item><item type="str">Row</item><item type="int">3</item><item type="str">reason_description</item></item><item type="list"><item type="str">Minor or elderly identity</item><item type="str">The input SSN was issued after age five (post-1990)</item></item></item><item type="list"><item type="str">change</item><item type="list"><item type="int">70</item><item type="str">scores</item><item type="str">Row</item><item type="str">reason_codes</item><item type="str">Row</item><item type="int">4</item><item type="str">reason_code</item></item><item type="list"><item type="str">PN</item><item type="str">BO</item></item></item><item type="list"><item type="str">change</item><item type="list"><item type="int">70</item><item type="str">scores</item><item type="str">Row</item><item type="str">reason_codes</item><item type="str">Row</item><item type="int">4</item><item type="str">reason_description</item></item><item type="list"><item type="str">Unable to verify phone number with identity</item><item type="str">Identity sourced only by national credit bureaus</item></item></item><item type="list"><item type="str">change</item><item type="list"><item type="int">70</item><item type="str">scores</item><item type="str">Row</item><item type="str">reason_codes</item><item type="str">Row</item><item type="int">5</item><item type="str">reason_code</item></item><item type="list"><item type="str">73</item><item type="str">VV</item></item></item><item type="list"><item type="str">change</item><item type="list"><item type="int">70</item><item type="str">scores</item><item type="str">Row</item><item type="str">reason_codes</item><item type="str">Row</item><item type="int">5</item><item type="str">reason_description</item></item><item type="list"><item type="str">The input phone number is not found in the public record</item><item type="str">Minor or elderly identity</item></item></item><item type="list"><item type="str">change</item><item type="list"><item type="int">71</item><item type="str">accountnumber</item></item><item type="list"><item type="int">92</item><item type="int">72</item></item></item><item type="list"><item type="str">change</item><item type="list"><item type="int">71</item><item type="str">scores</item><item type="str">Row</item><item type="str">i</item></item><item type="list"><item type="str">633</item><item type="str">567</item></item></item><item type="list"><item type="str">change</item><item type="list"><item type="int">71</item><item type="str">scores</item><item type="str">Row</item><item type="str">reason_codes</item><item type="str">Row</item><item type="int">0</item><item type="str">reason_code</item></item><item type="list"><item type="str">IA</item><item type="str">DR</item></item></item><item type="list"><item type="str">change</item><item type="list"><item type="int">71</item><item type="str">scores</item><item type="str">Row</item><item type="str">reason_codes</item><item type="str">Row</item><item type="int">0</item><item type="str">reason_description</item></item><item type="list"><item type="str">The input IP address is unknown</item><item type="str">Multiple identities associated with identity components</item></item></item><item type="list"><item type="str">change</item><item type="list"><item type="int">71</item><item type="str">scores</item><item type="str">Row</item><item type="str">reason_codes</item><item type="str">Row</item><item type="int">1</item><item type="str">reason_code</item></item><item type="list"><item type="str">38</item><item type="str">MN</item></item></item><item type="list"><item type="str">change</item><item type="list"><item type="int">71</item><item type="str">scores</item><item type="str">Row</item><item type="str">reason_codes</item><item type="str">Row</item><item type="int">1</item><item type="str">reason_description</item></item><item type="list"><item type="str">The input SSN is associated with multiple last names</item><item type="str">The input SSN was issued within the last seventeen years</item></item></item><item type="list"><item type="str">change</item><item type="list"><item type="int">71</item><item type="str">scores</item><item type="str">Row</item><item type="str">reason_codes</item><item type="str">Row</item><item type="int">2</item><item type="str">reason_code</item></item><item type="list"><item type="str">MN</item><item type="str">VV</item></item></item><item type="list"><item type="str">change</item><item type="list"><item type="int">71</item><item type="str">scores</item><item type="str">Row</item><item type="str">reason_codes</item><item type="str">Row</item><item type="int">2</item><item type="str">reason_description</item></item><item type="list"><item type="str">The input SSN was issued within the last seventeen years</item><item type="str">Minor or elderly identity</item></item></item><item type="list"><item type="str">change</item><item type="list"><item type="int">71</item><item type="str">scores</item><item type="str">Row</item><item type="str">reason_codes</item><item type="str">Row</item><item type="int">3</item><item type="str">reason_code</item></item><item type="list"><item type="str">BO</item><item type="str">9D</item></item></item><item type="list"><item type="str">change</item><item type="list"><item type="int">71</item><item type="str">scores</item><item type="str">Row</item><item type="str">reason_codes</item><item type="str">Row</item><item type="int">3</item><item type="str">reason_description</item></item><item type="list"><item type="str">Identity sourced only by national credit bureaus</item><item type="str">Change of address frequency</item></item></item><item type="list"><item type="str">change</item><item type="list"><item type="int">71</item><item type="str">scores</item><item type="str">Row</item><item type="str">reason_codes</item><item type="str">Row</item><item type="int">4</item><item type="str">reason_code</item></item><item type="list"><item type="str">VV</item><item type="str">PA</item></item></item><item type="list"><item type="str">change</item><item type="list"><item type="int">71</item><item type="str">scores</item><item type="str">Row</item><item type="str">reason_codes</item><item type="str">Row</item><item type="int">4</item><item type="str">reason_description</item></item><item type="list"><item type="str">Minor or elderly identity</item><item type="str">Potential address discrepancy - the Input address may be previous address</item></item></item><item type="list"><item type="str">change</item><item type="list"><item type="int">72</item><item type="str">accountnumber</item></item><item type="list"><item type="int">94</item><item type="int">73</item></item></item><item type="list"><item type="str">change</item><item type="list"><item type="int">72</item><item type="str">scores</item><item type="str">Row</item><item type="str">i</item></item><item type="list"><item type="str">633</item><item type="str">709</item></item></item><item type="list"><item type="str">change</item><item type="list"><item type="int">72</item><item type="str">scores</item><item type="str">Row</item><item type="str">reason_codes</item><item type="str">Row</item><item type="int">0</item><item type="str">reason_code</item></item><item type="list"><item type="str">IA</item><item type="str">IK</item></item></item><item type="list"><item type="str">change</item><item type="list"><item type="int">72</item><item type="str">scores</item><item type="str">Row</item><item type="str">reason_codes</item><item type="str">Row</item><item type="int">0</item><item type="str">reason_description</item></item><item type="list"><item type="str">The input IP address is unknown</item><item type="str">The input IP address is assigned to a different area code than the input phone number</item></item></item><item type="list"><item type="str">change</item><item type="list"><item type="int">72</item><item type="str">scores</item><item type="str">Row</item><item type="str">reason_codes</item><item type="str">Row</item><item type="int">1</item><item type="str">reason_code</item></item><item type="list"><item type="str">DR</item><item type="str">MN</item></item></item><item type="list"><item type="str">change</item><item type="list"><item type="int">72</item><item type="str">scores</item><item type="str">Row</item><item type="str">reason_codes</item><item type="str">Row</item><item type="int">1</item><item type="str">reason_description</item></item><item type="list"><item type="str">Multiple identities associated with identity components</item><item type="str">The input SSN was issued within the last seventeen years</item></item></item><item type="list"><item type="str">change</item><item type="list"><item type="int">72</item><item type="str">scores</item><item type="str">Row</item><item type="str">reason_codes</item><item type="str">Row</item><item type="int">2</item><item type="str">reason_code</item></item><item type="list"><item type="str">CB</item><item type="str">VV</item></item></item><item type="list"><item type="str">change</item><item type="list"><item type="int">72</item><item type="str">scores</item><item type="str">Row</item><item type="str">reason_codes</item><item type="str">Row</item><item type="int">2</item><item type="str">reason_description</item></item><item type="list"><item type="str">Too few sources corroborating SSN, address, and phone</item><item type="str">Minor or elderly identity</item></item></item><item type="list"><item type="str">change</item><item type="list"><item type="int">72</item><item type="str">scores</item><item type="str">Row</item><item type="str">reason_codes</item><item type="str">Row</item><item type="int">3</item><item type="str">reason_code</item></item><item type="list"><item type="str">MN</item><item type="str">9D</item></item></item><item type="list"><item type="str">change</item><item type="list"><item type="int">72</item><item type="str">scores</item><item type="str">Row</item><item type="str">reason_codes</item><item type="str">Row</item><item type="int">3</item><item type="str">reason_description</item></item><item type="list"><item type="str">The input SSN was issued within the last seventeen years</item><item type="str">Change of address frequency</item></item></item><item type="list"><item type="str">change</item><item type="list"><item type="int">72</item><item type="str">scores</item><item type="str">Row</item><item type="str">reason_codes</item><item type="str">Row</item><item type="int">4</item><item type="str">reason_code</item></item><item type="list"><item type="str">VV</item><item type="str">PN</item></item></item><item type="list"><item type="str">change</item><item type="list"><item type="int">72</item><item type="str">scores</item><item type="str">Row</item><item type="str">reason_codes</item><item type="str">Row</item><item type="int">4</item><item type="str">reason_description</item></item><item type="list"><item type="str">Minor or elderly identity</item><item type="str">Unable to verify phone number with identity</item></item></item><item type="list"><item type="str">change</item><item type="list"><item type="int">72</item><item type="str">scores</item><item type="str">Row</item><item type="str">reason_codes</item><item type="str">Row</item><item type="int">5</item><item type="str">reason_code</item></item><item type="list"><item type="str">PN</item><item type="str">73</item></item></item><item type="list"><item type="str">change</item><item type="list"><item type="int">72</item><item type="str">scores</item><item type="str">Row</item><item type="str">reason_codes</item><item type="str">Row</item><item type="int">5</item><item type="str">reason_description</item></item><item type="list"><item type="str">Unable to verify phone number with identity</item><item type="str">The input phone number is not found in the public record</item></item></item><item type="list"><item type="str">change</item><item type="list"><item type="int">73</item><item type="str">accountnumber</item></item><item type="list"><item type="int">95</item><item type="int">74</item></item></item><item type="list"><item type="str">change</item><item type="list"><item type="int">73</item><item type="str">scores</item><item type="str">Row</item><item type="str">i</item></item><item type="list"><item type="str">545</item><item type="str">574</item></item></item><item type="list"><item type="str">change</item><item type="list"><item type="int">73</item><item type="str">scores</item><item type="str">Row</item><item type="str">reason_codes</item><item type="str">Row</item><item type="int">0</item><item type="str">reason_code</item></item><item type="list"><item type="str">IA</item><item type="str">DR</item></item></item><item type="list"><item type="str">change</item><item type="list"><item type="int">73</item><item type="str">scores</item><item type="str">Row</item><item type="str">reason_codes</item><item type="str">Row</item><item type="int">0</item><item type="str">reason_description</item></item><item type="list"><item type="str">The input IP address is unknown</item><item type="str">Multiple identities associated with identity components</item></item></item><item type="list"><item type="str">change</item><item type="list"><item type="int">73</item><item type="str">scores</item><item type="str">Row</item><item type="str">reason_codes</item><item type="str">Row</item><item type="int">1</item><item type="str">reason_code</item></item><item type="list"><item type="str">SN</item><item type="str">CB</item></item></item><item type="list"><item type="str">change</item><item type="list"><item type="int">73</item><item type="str">scores</item><item type="str">Row</item><item type="str">reason_codes</item><item type="str">Row</item><item type="int">1</item><item type="str">reason_description</item></item><item type="list"><item type="str">Mismatch of first and last names reported with SSN</item><item type="str">Too few sources corroborating SSN, address, and phone</item></item></item><item type="list"><item type="str">change</item><item type="list"><item type="int">73</item><item type="str">scores</item><item type="str">Row</item><item type="str">reason_codes</item><item type="str">Row</item><item type="int">2</item><item type="str">reason_code</item></item><item type="list"><item type="str">DR</item><item type="str">MN</item></item></item><item type="list"><item type="str">change</item><item type="list"><item type="int">73</item><item type="str">scores</item><item type="str">Row</item><item type="str">reason_codes</item><item type="str">Row</item><item type="int">2</item><item type="str">reason_description</item></item><item type="list"><item type="str">Multiple identities associated with identity components</item><item type="str">The input SSN was issued within the last seventeen years</item></item></item><item type="list"><item type="str">change</item><item type="list"><item type="int">73</item><item type="str">scores</item><item type="str">Row</item><item type="str">reason_codes</item><item type="str">Row</item><item type="int">3</item><item type="str">reason_code</item></item><item type="list"><item type="str">IR</item><item type="str">VV</item></item></item><item type="list"><item type="str">change</item><item type="list"><item type="int">73</item><item type="str">scores</item><item type="str">Row</item><item type="str">reason_codes</item><item type="str">Row</item><item type="int">3</item><item type="str">reason_description</item></item><item type="list"><item type="str">Identity associated with suspicious activity</item><item type="str">Minor or elderly identity</item></item></item><item type="list"><item type="str">change</item><item type="list"><item type="int">73</item><item type="str">scores</item><item type="str">Row</item><item type="str">reason_codes</item><item type="str">Row</item><item type="int">4</item><item type="str">reason_code</item></item><item type="list"><item type="str">MN</item><item type="str">PN</item></item></item><item type="list"><item type="str">change</item><item type="list"><item type="int">73</item><item type="str">scores</item><item type="str">Row</item><item type="str">reason_codes</item><item type="str">Row</item><item type="int">4</item><item type="str">reason_description</item></item><item type="list"><item type="str">The input SSN was issued within the last seventeen years</item><item type="str">Unable to verify phone number with identity</item></item></item><item type="list"><item type="str">change</item><item type="list"><item type="int">73</item><item type="str">scores</item><item type="str">Row</item><item type="str">reason_codes</item><item type="str">Row</item><item type="int">5</item><item type="str">reason_code</item></item><item type="list"><item type="str">06</item><item type="str">73</item></item></item><item type="list"><item type="str">change</item><item type="list"><item type="int">73</item><item type="str">scores</item><item type="str">Row</item><item type="str">reason_codes</item><item type="str">Row</item><item type="int">5</item><item type="str">reason_description</item></item><item type="list"><item type="str">The input SSN is invalid</item><item type="str">The input phone number is not found in the public record</item></item></item><item type="list"><item type="str">change</item><item type="list"><item type="int">74</item><item type="str">accountnumber</item></item><item type="list"><item type="int">96</item><item type="int">75</item></item></item><item type="list"><item type="str">change</item><item type="list"><item type="int">74</item><item type="str">scores</item><item type="str">Row</item><item type="str">i</item></item><item type="list"><item type="str">575</item><item type="str">656</item></item></item><item type="list"><item type="str">change</item><item type="list"><item type="int">74</item><item type="str">scores</item><item type="str">Row</item><item type="str">reason_codes</item><item type="str">Row</item><item type="int">0</item><item type="str">reason_code</item></item><item type="list"><item type="str">IA</item><item type="str">IK</item></item></item><item type="list"><item type="str">change</item><item type="list"><item type="int">74</item><item type="str">scores</item><item type="str">Row</item><item type="str">reason_codes</item><item type="str">Row</item><item type="int">0</item><item type="str">reason_description</item></item><item type="list"><item type="str">The input IP address is unknown</item><item type="str">The input IP address is assigned to a different area code than the input phone number</item></item></item><item type="list"><item type="str">change</item><item type="list"><item type="int">74</item><item type="str">scores</item><item type="str">Row</item><item type="str">reason_codes</item><item type="str">Row</item><item type="int">1</item><item type="str">reason_code</item></item><item type="list"><item type="str">DR</item><item type="str">SA</item></item></item><item type="list"><item type="str">change</item><item type="list"><item type="int">74</item><item type="str">scores</item><item type="str">Row</item><item type="str">reason_codes</item><item type="str">Row</item><item type="int">1</item><item type="str">reason_description</item></item><item type="list"><item type="str">Multiple identities associated with identity components</item><item type="str">SSN not reported at address</item></item></item><item type="list"><item type="str">change</item><item type="list"><item type="int">74</item><item type="str">scores</item><item type="str">Row</item><item type="str">reason_codes</item><item type="str">Row</item><item type="int">2</item><item type="str">reason_code</item></item><item type="list"><item type="str">MN</item><item type="str">CB</item></item></item><item type="list"><item type="str">change</item><item type="list"><item type="int">74</item><item type="str">scores</item><item type="str">Row</item><item type="str">reason_codes</item><item type="str">Row</item><item type="int">2</item><item type="str">reason_description</item></item><item type="list"><item type="str">The input SSN was issued within the last seventeen years</item><item type="str">Too few sources corroborating SSN, address, and phone</item></item></item><item type="list"><item type="str">change</item><item type="list"><item type="int">74</item><item type="str">scores</item><item type="str">Row</item><item type="str">reason_codes</item><item type="str">Row</item><item type="int">3</item><item type="str">reason_code</item></item><item type="list"><item type="str">VV</item><item type="str">38</item></item></item><item type="list"><item type="str">change</item><item type="list"><item type="int">74</item><item type="str">scores</item><item type="str">Row</item><item type="str">reason_codes</item><item type="str">Row</item><item type="int">3</item><item type="str">reason_description</item></item><item type="list"><item type="str">Minor or elderly identity</item><item type="str">The input SSN is associated with multiple last names</item></item></item><item type="list"><item type="str">change</item><item type="list"><item type="int">74</item><item type="str">scores</item><item type="str">Row</item><item type="str">reason_codes</item><item type="str">Row</item><item type="int">4</item><item type="str">reason_code</item></item><item type="list"><item type="str">PN</item><item type="str">MN</item></item></item><item type="list"><item type="str">change</item><item type="list"><item type="int">74</item><item type="str">scores</item><item type="str">Row</item><item type="str">reason_codes</item><item type="str">Row</item><item type="int">4</item><item type="str">reason_description</item></item><item type="list"><item type="str">Unable to verify phone number with identity</item><item type="str">The input SSN was issued within the last seventeen years</item></item></item><item type="list"><item type="str">change</item><item type="list"><item type="int">74</item><item type="str">scores</item><item type="str">Row</item><item type="str">reason_codes</item><item type="str">Row</item><item type="int">5</item><item type="str">reason_code</item></item><item type="list"><item type="str">73</item><item type="str">VV</item></item></item><item type="list"><item type="str">change</item><item type="list"><item type="int">74</item><item type="str">scores</item><item type="str">Row</item><item type="str">reason_codes</item><item type="str">Row</item><item type="int">5</item><item type="str">reason_description</item></item><item type="list"><item type="str">The input phone number is not found in the public record</item><item type="str">Minor or elderly identity</item></item></item><item type="list"><item type="str">change</item><item type="list"><item type="int">75</item><item type="str">accountnumber</item></item><item type="list"><item type="int">97</item><item type="int">76</item></item></item><item type="list"><item type="str">change</item><item type="list"><item type="int">75</item><item type="str">scores</item><item type="str">Row</item><item type="str">i</item></item><item type="list"><item type="str">562</item><item type="str">692</item></item></item><item type="list"><item type="str">change</item><item type="list"><item type="int">75</item><item type="str">scores</item><item type="str">Row</item><item type="str">reason_codes</item><item type="str">Row</item><item type="int">0</item><item type="str">reason_code</item></item><item type="list"><item type="str">IA</item><item type="str">IJ</item></item></item><item type="list"><item type="str">change</item><item type="list"><item type="int">75</item><item type="str">scores</item><item type="str">Row</item><item type="str">reason_codes</item><item type="str">Row</item><item type="int">0</item><item type="str">reason_description</item></item><item type="list"><item type="str">The input IP address is unknown</item><item type="str">The input IP address is assigned to a different postal code than the input postal code</item></item></item><item type="list"><item type="str">change</item><item type="list"><item type="int">75</item><item type="str">scores</item><item type="str">Row</item><item type="str">reason_codes</item><item type="str">Row</item><item type="int">2</item><item type="str">reason_code</item></item><item type="list"><item type="str">CB</item><item type="str">38</item></item></item><item type="list"><item type="str">change</item><item type="list"><item type="int">75</item><item type="str">scores</item><item type="str">Row</item><item type="str">reason_codes</item><item type="str">Row</item><item type="int">2</item><item type="str">reason_description</item></item><item type="list"><item type="str">Too few sources corroborating SSN, address, and phone</item><item type="str">The input SSN is associated with multiple last names</item></item></item><item type="list"><item type="str">change</item><item type="list"><item type="int">75</item><item type="str">scores</item><item type="str">Row</item><item type="str">reason_codes</item><item type="str">Row</item><item type="int">5</item><item type="str">reason_code</item></item><item type="list"><item type="str">PA</item><item type="str">9D</item></item></item><item type="list"><item type="str">change</item><item type="list"><item type="int">75</item><item type="str">scores</item><item type="str">Row</item><item type="str">reason_codes</item><item type="str">Row</item><item type="int">5</item><item type="str">reason_description</item></item><item type="list"><item type="str">Potential address discrepancy - the Input address may be previous address</item><item type="str">Change of address frequency</item></item></item><item type="list"><item type="str">change</item><item type="list"><item type="int">76</item><item type="str">accountnumber</item></item><item type="list"><item type="int">98</item><item type="int">77</item></item></item><item type="list"><item type="str">change</item><item type="list"><item type="int">76</item><item type="str">scores</item><item type="str">Row</item><item type="str">i</item></item><item type="list"><item type="str">646</item><item type="str">509</item></item></item><item type="list"><item type="str">change</item><item type="list"><item type="int">76</item><item type="str">scores</item><item type="str">Row</item><item type="str">reason_codes</item><item type="str">Row</item><item type="int">0</item><item type="str">reason_code</item></item><item type="list"><item type="str">IA</item><item type="str">DR</item></item></item><item type="list"><item type="str">change</item><item type="list"><item type="int">76</item><item type="str">scores</item><item type="str">Row</item><item type="str">reason_codes</item><item type="str">Row</item><item type="int">0</item><item type="str">reason_description</item></item><item type="list"><item type="str">The input IP address is unknown</item><item type="str">Multiple identities associated with identity components</item></item></item><item type="list"><item type="str">change</item><item type="list"><item type="int">76</item><item type="str">scores</item><item type="str">Row</item><item type="str">reason_codes</item><item type="str">Row</item><item type="int">1</item><item type="str">reason_code</item></item><item type="list"><item type="str">SA</item><item type="str">MN</item></item></item><item type="list"><item type="str">change</item><item type="list"><item type="int">76</item><item type="str">scores</item><item type="str">Row</item><item type="str">reason_codes</item><item type="str">Row</item><item type="int">1</item><item type="str">reason_description</item></item><item type="list"><item type="str">SSN not reported at address</item><item type="str">The input SSN was issued within the last seventeen years</item></item></item><item type="list"><item type="str">change</item><item type="list"><item type="int">76</item><item type="str">scores</item><item type="str">Row</item><item type="str">reason_codes</item><item type="str">Row</item><item type="int">2</item><item type="str">reason_code</item></item><item type="list"><item type="str">SN</item><item type="str">VV</item></item></item><item type="list"><item type="str">change</item><item type="list"><item type="int">76</item><item type="str">scores</item><item type="str">Row</item><item type="str">reason_codes</item><item type="str">Row</item><item type="int">2</item><item type="str">reason_description</item></item><item type="list"><item type="str">Mismatch of first and last names reported with SSN</item><item type="str">Minor or elderly identity</item></item></item><item type="list"><item type="str">change</item><item type="list"><item type="int">76</item><item type="str">scores</item><item type="str">Row</item><item type="str">reason_codes</item><item type="str">Row</item><item type="int">3</item><item type="str">reason_code</item></item><item type="list"><item type="str">DR</item><item type="str">PA</item></item></item><item type="list"><item type="str">change</item><item type="list"><item type="int">76</item><item type="str">scores</item><item type="str">Row</item><item type="str">reason_codes</item><item type="str">Row</item><item type="int">3</item><item type="str">reason_description</item></item><item type="list"><item type="str">Multiple identities associated with identity components</item><item type="str">Potential address discrepancy - the Input address may be previous address</item></item></item><item type="list"><item type="str">change</item><item type="list"><item type="int">76</item><item type="str">scores</item><item type="str">Row</item><item type="str">reason_codes</item><item type="str">Row</item><item type="int">4</item><item type="str">reason_code</item></item><item type="list"><item type="str">IR</item><item type="str">PN</item></item></item><item type="list"><item type="str">change</item><item type="list"><item type="int">76</item><item type="str">scores</item><item type="str">Row</item><item type="str">reason_codes</item><item type="str">Row</item><item type="int">4</item><item type="str">reason_description</item></item><item type="list"><item type="str">Identity associated with suspicious activity</item><item type="str">Unable to verify phone number with identity</item></item></item><item type="list"><item type="str">change</item><item type="list"><item type="int">76</item><item type="str">scores</item><item type="str">Row</item><item type="str">reason_codes</item><item type="str">Row</item><item type="int">5</item><item type="str">reason_code</item></item><item type="list"><item type="str">MN</item><item type="str">73</item></item></item><item type="list"><item type="str">change</item><item type="list"><item type="int">76</item><item type="str">scores</item><item type="str">Row</item><item type="str">reason_codes</item><item type="str">Row</item><item type="int">5</item><item type="str">reason_description</item></item><item type="list"><item type="str">The input SSN was issued within the last seventeen years</item><item type="str">The input phone number is not found in the public record</item></item></item><item type="list"><item type="str">change</item><item type="list"><item type="int">77</item><item type="str">accountnumber</item></item><item type="list"><item type="int">99</item><item type="int">78</item></item></item><item type="list"><item type="str">change</item><item type="list"><item type="int">77</item><item type="str">scores</item><item type="str">Row</item><item type="str">i</item></item><item type="list"><item type="str">559</item><item type="str">549</item></item></item><item type="list"><item type="str">change</item><item type="list"><item type="int">77</item><item type="str">scores</item><item type="str">Row</item><item type="str">reason_codes</item><item type="str">Row</item><item type="int">1</item><item type="str">reason_code</item></item><item type="list"><item type="str">DR</item><item type="str">SA</item></item></item><item type="list"><item type="str">change</item><item type="list"><item type="int">77</item><item type="str">scores</item><item type="str">Row</item><item type="str">reason_codes</item><item type="str">Row</item><item type="int">1</item><item type="str">reason_description</item></item><item type="list"><item type="str">Multiple identities associated with identity components</item><item type="str">SSN not reported at address</item></item></item><item type="list"><item type="str">change</item><item type="list"><item type="int">77</item><item type="str">scores</item><item type="str">Row</item><item type="str">reason_codes</item><item type="str">Row</item><item type="int">2</item><item type="str">reason_code</item></item><item type="list"><item type="str">MN</item><item type="str">MI</item></item></item><item type="list"><item type="str">change</item><item type="list"><item type="int">77</item><item type="str">scores</item><item type="str">Row</item><item type="str">reason_codes</item><item type="str">Row</item><item type="int">2</item><item type="str">reason_description</item></item><item type="list"><item type="str">The input SSN was issued within the last seventeen years</item><item type="str">Multiple identities associated with the input SSN</item></item></item><item type="list"><item type="str">change</item><item type="list"><item type="int">77</item><item type="str">scores</item><item type="str">Row</item><item type="str">reason_codes</item><item type="str">Row</item><item type="int">3</item><item type="str">reason_code</item></item><item type="list"><item type="str">VV</item><item type="str">CB</item></item></item><item type="list"><item type="str">change</item><item type="list"><item type="int">77</item><item type="str">scores</item><item type="str">Row</item><item type="str">reason_codes</item><item type="str">Row</item><item type="int">3</item><item type="str">reason_description</item></item><item type="list"><item type="str">Minor or elderly identity</item><item type="str">Too few sources corroborating SSN, address, and phone</item></item></item><item type="list"><item type="str">change</item><item type="list"><item type="int">77</item><item type="str">scores</item><item type="str">Row</item><item type="str">reason_codes</item><item type="str">Row</item><item type="int">4</item><item type="str">reason_code</item></item><item type="list"><item type="str">PA</item><item type="str">MN</item></item></item><item type="list"><item type="str">change</item><item type="list"><item type="int">77</item><item type="str">scores</item><item type="str">Row</item><item type="str">reason_codes</item><item type="str">Row</item><item type="int">4</item><item type="str">reason_description</item></item><item type="list"><item type="str">Potential address discrepancy - the Input address may be previous address</item><item type="str">The input SSN was issued within the last seventeen years</item></item></item><item type="list"><item type="str">change</item><item type="list"><item type="int">77</item><item type="str">scores</item><item type="str">Row</item><item type="str">reason_codes</item><item type="str">Row</item><item type="int">5</item><item type="str">reason_code</item></item><item type="list"><item type="str">PN</item><item type="str">VV</item></item></item><item type="list"><item type="str">change</item><item type="list"><item type="int">77</item><item type="str">scores</item><item type="str">Row</item><item type="str">reason_codes</item><item type="str">Row</item><item type="int">5</item><item type="str">reason_description</item></item><item type="list"><item type="str">Unable to verify phone number with identity</item><item type="str">Minor or elderly identity</item></item></item><item type="list"><item type="str">change</item><item type="list"><item type="int">78</item><item type="str">accountnumber</item></item><item type="list"><item type="int">100</item><item type="int">79</item></item></item><item type="list"><item type="str">change</item><item type="list"><item type="int">78</item><item type="str">scores</item><item type="str">Row</item><item type="str">i</item></item><item type="list"><item type="str">651</item><item type="str">587</item></item></item><item type="list"><item type="str">change</item><item type="list"><item type="int">78</item><item type="str">scores</item><item type="str">Row</item><item type="str">reason_codes</item><item type="str">Row</item><item type="int">0</item><item type="str">reason_code</item></item><item type="list"><item type="str">IA</item><item type="str">IK</item></item></item><item type="list"><item type="str">change</item><item type="list"><item type="int">78</item><item type="str">scores</item><item type="str">Row</item><item type="str">reason_codes</item><item type="str">Row</item><item type="int">0</item><item type="str">reason_description</item></item><item type="list"><item type="str">The input IP address is unknown</item><item type="str">The input IP address is assigned to a different area code than the input phone number</item></item></item><item type="list"><item type="str">change</item><item type="list"><item type="int">78</item><item type="str">scores</item><item type="str">Row</item><item type="str">reason_codes</item><item type="str">Row</item><item type="int">1</item><item type="str">reason_code</item></item><item type="list"><item type="str">MN</item><item type="str">DR</item></item></item><item type="list"><item type="str">change</item><item type="list"><item type="int">78</item><item type="str">scores</item><item type="str">Row</item><item type="str">reason_codes</item><item type="str">Row</item><item type="int">1</item><item type="str">reason_description</item></item><item type="list"><item type="str">The input SSN was issued within the last seventeen years</item><item type="str">Multiple identities associated with identity components</item></item></item><item type="list"><item type="str">change</item><item type="list"><item type="int">78</item><item type="str">scores</item><item type="str">Row</item><item type="str">reason_codes</item><item type="str">Row</item><item type="int">2</item><item type="str">reason_code</item></item><item type="list"><item type="str">VV</item><item type="str">CB</item></item></item><item type="list"><item type="str">change</item><item type="list"><item type="int">78</item><item type="str">scores</item><item type="str">Row</item><item type="str">reason_codes</item><item type="str">Row</item><item type="int">2</item><item type="str">reason_description</item></item><item type="list"><item type="str">Minor or elderly identity</item><item type="str">Too few sources corroborating SSN, address, and phone</item></item></item><item type="list"><item type="str">change</item><item type="list"><item type="int">78</item><item type="str">scores</item><item type="str">Row</item><item type="str">reason_codes</item><item type="str">Row</item><item type="int">3</item><item type="str">reason_code</item></item><item type="list"><item type="str">9D</item><item type="str">MN</item></item></item><item type="list"><item type="str">change</item><item type="list"><item type="int">78</item><item type="str">scores</item><item type="str">Row</item><item type="str">reason_codes</item><item type="str">Row</item><item type="int">3</item><item type="str">reason_description</item></item><item type="list"><item type="str">Change of address frequency</item><item type="str">The input SSN was issued within the last seventeen years</item></item></item><item type="list"><item type="str">change</item><item type="list"><item type="int">78</item><item type="str">scores</item><item type="str">Row</item><item type="str">reason_codes</item><item type="str">Row</item><item type="int">4</item><item type="str">reason_code</item></item><item type="list"><item type="str">9K</item><item type="str">VV</item></item></item><item type="list"><item type="str">change</item><item type="list"><item type="int">78</item><item type="str">scores</item><item type="str">Row</item><item type="str">reason_codes</item><item type="str">Row</item><item type="int">4</item><item type="str">reason_description</item></item><item type="list"><item type="str">Address dwelling type</item><item type="str">Minor or elderly identity</item></item></item><item type="list"><item type="str">change</item><item type="list"><item type="int">78</item><item type="str">scores</item><item type="str">Row</item><item type="str">reason_codes</item><item type="str">Row</item><item type="int">5</item><item type="str">reason_code</item></item><item type="list"><item type="str">SR</item><item type="str">9D</item></item></item><item type="list"><item type="str">change</item><item type="list"><item type="int">78</item><item type="str">scores</item><item type="str">Row</item><item type="str">reason_codes</item><item type="str">Row</item><item type="int">5</item><item type="str">reason_description</item></item><item type="list"><item type="str">Address mismatch on secondary address range</item><item type="str">Change of address frequency</item></item></item><item type="list"><item type="str">add</item><item type="str"></item><item type="list"><item type="list"><item type="int">79</item><item type="dict"><accountnumber type="int">80</accountnumber><description type="str">FraudPointFP1907_1</description><scores type="dict"><Row type="dict"><i type="str">559</i><description type="str">0 to 999</description><index type="str">186</index><reason_codes type="dict"><Row type="list"><item type="dict"><seq type="str">1</seq><reason_code type="str">IK</reason_code><reason_description type="str">The input IP address is assigned to a different area code than the input phone number</reason_description></item><item type="dict"><seq type="str">2</seq><reason_code type="str">DR</reason_code><reason_description type="str">Multiple identities associated with identity components</reason_description></item><item type="dict"><seq type="str">3</seq><reason_code type="str">MN</reason_code><reason_description type="str">The input SSN was issued within the last seventeen years</reason_description></item><item type="dict"><seq type="str">4</seq><reason_code type="str">VV</reason_code><reason_description type="str">Minor or elderly identity</reason_description></item><item type="dict"><seq type="str">5</seq><reason_code type="str">PA</reason_code><reason_description type="str">Potential address discrepancy - the Input address may be previous address</reason_description></item><item type="dict"><seq type="str">6</seq><reason_code type="str">PN</reason_code><reason_description type="str">Unable to verify phone number with identity</reason_description></item></Row></reason_codes></Row></scores><errorcode type="null"></errorcode></item></item><item type="list"><item type="int">80</item><item type="dict"><accountnumber type="int">81</accountnumber><description type="str">FraudPointFP1907_1</description><scores type="dict"><Row type="dict"><i type="str">625</i><description type="str">0 to 999</description><index type="str">186</index><reason_codes type="dict"><Row type="list"><item type="dict"><seq type="str">1</seq><reason_code type="str">IA</reason_code><reason_description type="str">The input IP address is unknown</reason_description></item><item type="dict"><seq type="str">2</seq><reason_code type="str">DR</reason_code><reason_description type="str">Multiple identities associated with identity components</reason_description></item><item type="dict"><seq type="str">3</seq><reason_code type="str">MN</reason_code><reason_description type="str">The input SSN was issued within the last seventeen years</reason_description></item><item type="dict"><seq type="str">4</seq><reason_code type="str">VV</reason_code><reason_description type="str">Minor or elderly identity</reason_description></item><item type="dict"><seq type="str">5</seq><reason_code type="str">PA</reason_code><reason_description type="str">Potential address discrepancy - the Input address may be previous address</reason_description></item><item type="dict"><seq type="str">6</seq><reason_code type="str">PN</reason_code><reason_description type="str">Unable to verify phone number with identity</reason_description></item></Row></reason_codes></Row></scores><errorcode type="null"></errorcode></item></item><item type="list"><item type="int">81</item><item type="dict"><accountnumber type="int">82</accountnumber><description type="str">FraudPointFP1907_1</description><scores type="dict"><Row type="dict"><i type="str">723</i><description type="str">0 to 999</description><index type="str">186</index><reason_codes type="dict"><Row type="list"><item type="dict"><seq type="str">1</seq><reason_code type="str">IJ</reason_code><reason_description type="str">The input IP address is assigned to a different postal code than the input postal code</reason_description></item><item type="dict"><seq type="str">2</seq><reason_code type="str">DR</reason_code><reason_description type="str">Multiple identities associated with identity components</reason_description></item><item type="dict"><seq type="str">3</seq><reason_code type="str">MN</reason_code><reason_description type="str">The input SSN was issued within the last seventeen years</reason_description></item><item type="dict"><seq type="str">4</seq><reason_code type="str">VV</reason_code><reason_description type="str">Minor or elderly identity</reason_description></item><item type="dict"><seq type="str">5</seq><reason_code type="str">PN</reason_code><reason_description type="str">Unable to verify phone number with identity</reason_description></item><item type="dict"><seq type="str">6</seq><reason_code type="str">73</reason_code><reason_description type="str">The input phone number is not found in the public record</reason_description></item></Row></reason_codes></Row></scores><errorcode type="null"></errorcode></item></item><item type="list"><item type="int">82</item><item type="dict"><accountnumber type="int">83</accountnumber><description type="str">FraudPointFP1907_1</description><scores type="dict"><Row type="dict"><i type="str">691</i><description type="str">0 to 999</description><index type="str">186</index><reason_codes type="dict"><Row type="list"><item type="dict"><seq type="str">1</seq><reason_code type="str">IJ</reason_code><reason_description type="str">The input IP address is assigned to a different postal code than the input postal code</reason_description></item><item type="dict"><seq type="str">2</seq><reason_code type="str">SA</reason_code><reason_description type="str">SSN not reported at address</reason_description></item><item type="dict"><seq type="str">3</seq><reason_code type="str">CB</reason_code><reason_description type="str">Too few sources corroborating SSN, address, and phone</reason_description></item><item type="dict"><seq type="str">4</seq><reason_code type="str">MN</reason_code><reason_description type="str">The input SSN was issued within the last seventeen years</reason_description></item><item type="dict"><seq type="str">5</seq><reason_code type="str">VV</reason_code><reason_description type="str">Minor or elderly identity</reason_description></item><item type="dict"><seq type="str">6</seq><reason_code type="str">11</reason_code><reason_description type="str">The input address may be invalid according to postal specifications</reason_description></item></Row></reason_codes></Row></scores><errorcode type="null"></errorcode></item></item><item type="list"><item type="int">83</item><item type="dict"><accountnumber type="int">84</accountnumber><description type="str">FraudPointFP1907_1</description><scores type="dict"><Row type="dict"><i type="str">607</i><description type="str">0 to 999</description><index type="str">186</index><reason_codes type="dict"><Row type="list"><item type="dict"><seq type="str">1</seq><reason_code type="str">II</reason_code><reason_description type="str">The input IP address is assigned to a different State/Province than the input State/Province</reason_description></item><item type="dict"><seq type="str">2</seq><reason_code type="str">SA</reason_code><reason_description type="str">SSN not reported at address</reason_description></item><item type="dict"><seq type="str">3</seq><reason_code type="str">CB</reason_code><reason_description type="str">Too few sources corroborating SSN, address, and phone</reason_description></item><item type="dict"><seq type="str">4</seq><reason_code type="str">MN</reason_code><reason_description type="str">The input SSN was issued within the last seventeen years</reason_description></item><item type="dict"><seq type="str">5</seq><reason_code type="str">VV</reason_code><reason_description type="str">Minor or elderly identity</reason_description></item><item type="dict"><seq type="str">6</seq><reason_code type="str">PN</reason_code><reason_description type="str">Unable to verify phone number with identity</reason_description></item></Row></reason_codes></Row></scores><errorcode type="null"></errorcode></item></item><item type="list"><item type="int">84</item><item type="dict"><accountnumber type="int">85</accountnumber><description type="str">FraudPointFP1907_1</description><scores type="dict"><Row type="dict"><i type="str">644</i><description type="str">0 to 999</description><index type="str">186</index><reason_codes type="dict"><Row type="list"><item type="dict"><seq type="str">1</seq><reason_code type="str">IA</reason_code><reason_description type="str">The input IP address is unknown</reason_description></item><item type="dict"><seq type="str">2</seq><reason_code type="str">MN</reason_code><reason_description type="str">The input SSN was issued within the last seventeen years</reason_description></item><item type="dict"><seq type="str">3</seq><reason_code type="str">VV</reason_code><reason_description type="str">Minor or elderly identity</reason_description></item><item type="dict"><seq type="str">4</seq><reason_code type="str">9D</reason_code><reason_description type="str">Change of address frequency</reason_description></item><item type="dict"><seq type="str">5</seq><reason_code type="str">PA</reason_code><reason_description type="str">Potential address discrepancy - the Input address may be previous address</reason_description></item><item type="dict"><seq type="str">6</seq><reason_code type="str">PN</reason_code><reason_description type="str">Unable to verify phone number with identity</reason_description></item></Row></reason_codes></Row></scores><errorcode type="null"></errorcode></item></item><item type="list"><item type="int">85</item><item type="dict"><accountnumber type="int">86</accountnumber><description type="str">FraudPointFP1907_1</description><scores type="dict"><Row type="dict"><i type="str">598</i><description type="str">0 to 999</description><index type="str">186</index><reason_codes type="dict"><Row type="list"><item type="dict"><seq type="str">1</seq><reason_code type="str">DR</reason_code><reason_description type="str">Multiple identities associated with identity components</reason_description></item><item type="dict"><seq type="str">2</seq><reason_code type="str">MN</reason_code><reason_description type="str">The input SSN was issued within the last seventeen years</reason_description></item><item type="dict"><seq type="str">3</seq><reason_code type="str">VV</reason_code><reason_description type="str">Minor or elderly identity</reason_description></item><item type="dict"><seq type="str">4</seq><reason_code type="str">PA</reason_code><reason_description type="str">Potential address discrepancy - the Input address may be previous address</reason_description></item><item type="dict"><seq type="str">5</seq><reason_code type="str">PN</reason_code><reason_description type="str">Unable to verify phone number with identity</reason_description></item><item type="dict"><seq type="str">6</seq><reason_code type="str">73</reason_code><reason_description type="str">The input phone number is not found in the public record</reason_description></item></Row></reason_codes></Row></scores><errorcode type="null"></errorcode></item></item><item type="list"><item type="int">86</item><item type="dict"><accountnumber type="int">87</accountnumber><description type="str">FraudPointFP1907_1</description><scores type="dict"><Row type="dict"><i type="str">590</i><description type="str">0 to 999</description><index type="str">186</index><reason_codes type="dict"><Row type="list"><item type="dict"><seq type="str">1</seq><reason_code type="str">IA</reason_code><reason_description type="str">The input IP address is unknown</reason_description></item><item type="dict"><seq type="str">2</seq><reason_code type="str">DR</reason_code><reason_description type="str">Multiple identities associated with identity components</reason_description></item><item type="dict"><seq type="str">3</seq><reason_code type="str">38</reason_code><reason_description type="str">The input SSN is associated with multiple last names</reason_description></item><item type="dict"><seq type="str">4</seq><reason_code type="str">MN</reason_code><reason_description type="str">The input SSN was issued within the last seventeen years</reason_description></item><item type="dict"><seq type="str">5</seq><reason_code type="str">VV</reason_code><reason_description type="str">Minor or elderly identity</reason_description></item><item type="dict"><seq type="str">6</seq><reason_code type="str">9D</reason_code><reason_description type="str">Change of address frequency</reason_description></item></Row></reason_codes></Row></scores><errorcode type="null"></errorcode></item></item><item type="list"><item type="int">87</item><item type="dict"><accountnumber type="int">88</accountnumber><description type="str">FraudPointFP1907_1</description><scores type="dict"><Row type="dict"><i type="str">746</i><description type="str">0 to 999</description><index type="str">186</index><reason_codes type="dict"><Row type="list"><item type="dict"><seq type="str">1</seq><reason_code type="str">IA</reason_code><reason_description type="str">The input IP address is unknown</reason_description></item><item type="dict"><seq type="str">2</seq><reason_code type="str">MN</reason_code><reason_description type="str">The input SSN was issued within the last seventeen years</reason_description></item><item type="dict"><seq type="str">3</seq><reason_code type="str">VV</reason_code><reason_description type="str">Minor or elderly identity</reason_description></item><item type="dict"><seq type="str">4</seq><reason_code type="str">9D</reason_code><reason_description type="str">Change of address frequency</reason_description></item><item type="dict"><seq type="str">5</seq><reason_code type="str">PN</reason_code><reason_description type="str">Unable to verify phone number with identity</reason_description></item><item type="dict"><seq type="str">6</seq><reason_code type="str">73</reason_code><reason_description type="str">The input phone number is not found in the public record</reason_description></item></Row></reason_codes></Row></scores><errorcode type="null"></errorcode></item></item><item type="list"><item type="int">88</item><item type="dict"><accountnumber type="int">89</accountnumber><description type="str">FraudPointFP1907_1</description><scores type="dict"><Row type="dict"><i type="str">588</i><description type="str">0 to 999</description><index type="str">186</index><reason_codes type="dict"><Row type="list"><item type="dict"><seq type="str">1</seq><reason_code type="str">DR</reason_code><reason_description type="str">Multiple identities associated with identity components</reason_description></item><item type="dict"><seq type="str">2</seq><reason_code type="str">CB</reason_code><reason_description type="str">Too few sources corroborating SSN, address, and phone</reason_description></item><item type="dict"><seq type="str">3</seq><reason_code type="str">MN</reason_code><reason_description type="str">The input SSN was issued within the last seventeen years</reason_description></item><item type="dict"><seq type="str">4</seq><reason_code type="str">VV</reason_code><reason_description type="str">Minor or elderly identity</reason_description></item><item type="dict"><seq type="str">5</seq><reason_code type="str">9D</reason_code><reason_description type="str">Change of address frequency</reason_description></item><item type="dict"><seq type="str">6</seq><reason_code type="str">PN</reason_code><reason_description type="str">Unable to verify phone number with identity</reason_description></item></Row></reason_codes></Row></scores><errorcode type="null"></errorcode></item></item><item type="list"><item type="int">89</item><item type="dict"><accountnumber type="int">90</accountnumber><description type="str">FraudPointFP1907_1</description><scores type="dict"><Row type="dict"><i type="str">648</i><description type="str">0 to 999</description><index type="str">186</index><reason_codes type="dict"><Row type="list"><item type="dict"><seq type="str">1</seq><reason_code type="str">IA</reason_code><reason_description type="str">The input IP address is unknown</reason_description></item><item type="dict"><seq type="str">2</seq><reason_code type="str">MN</reason_code><reason_description type="str">The input SSN was issued within the last seventeen years</reason_description></item><item type="dict"><seq type="str">3</seq><reason_code type="str">VV</reason_code><reason_description type="str">Minor or elderly identity</reason_description></item><item type="dict"><seq type="str">4</seq><reason_code type="str">9D</reason_code><reason_description type="str">Change of address frequency</reason_description></item><item type="dict"><seq type="str">5</seq><reason_code type="str">PN</reason_code><reason_description type="str">Unable to verify phone number with identity</reason_description></item><item type="dict"><seq type="str">6</seq><reason_code type="str">73</reason_code><reason_description type="str">The input phone number is not found in the public record</reason_description></item></Row></reason_codes></Row></scores><errorcode type="null"></errorcode></item></item><item type="list"><item type="int">90</item><item type="dict"><accountnumber type="int">91</accountnumber><description type="str">FraudPointFP1907_1</description><scores type="dict"><Row type="dict"><i type="str">607</i><description type="str">0 to 999</description><index type="str">186</index><reason_codes type="dict"><Row type="list"><item type="dict"><seq type="str">1</seq><reason_code type="str">IA</reason_code><reason_description type="str">The input IP address is unknown</reason_description></item><item type="dict"><seq type="str">2</seq><reason_code type="str">DR</reason_code><reason_description type="str">Multiple identities associated with identity components</reason_description></item><item type="dict"><seq type="str">3</seq><reason_code type="str">MN</reason_code><reason_description type="str">The input SSN was issued within the last seventeen years</reason_description></item><item type="dict"><seq type="str">4</seq><reason_code type="str">VV</reason_code><reason_description type="str">Minor or elderly identity</reason_description></item><item type="dict"><seq type="str">5</seq><reason_code type="str">PN</reason_code><reason_description type="str">Unable to verify phone number with identity</reason_description></item><item type="dict"><seq type="str">6</seq><reason_code type="str">73</reason_code><reason_description type="str">The input phone number is not found in the public record</reason_description></item></Row></reason_codes></Row></scores><errorcode type="null"></errorcode></item></item><item type="list"><item type="int">91</item><item type="dict"><accountnumber type="int">92</accountnumber><description type="str">FraudPointFP1907_1</description><scores type="dict"><Row type="dict"><i type="str">633</i><description type="str">0 to 999</description><index type="str">186</index><reason_codes type="dict"><Row type="list"><item type="dict"><seq type="str">1</seq><reason_code type="str">IA</reason_code><reason_description type="str">The input IP address is unknown</reason_description></item><item type="dict"><seq type="str">2</seq><reason_code type="str">38</reason_code><reason_description type="str">The input SSN is associated with multiple last names</reason_description></item><item type="dict"><seq type="str">3</seq><reason_code type="str">MN</reason_code><reason_description type="str">The input SSN was issued within the last seventeen years</reason_description></item><item type="dict"><seq type="str">4</seq><reason_code type="str">BO</reason_code><reason_description type="str">Identity sourced only by national credit bureaus</reason_description></item><item type="dict"><seq type="str">5</seq><reason_code type="str">VV</reason_code><reason_description type="str">Minor or elderly identity</reason_description></item><item type="dict"><seq type="str">6</seq><reason_code type="str">PN</reason_code><reason_description type="str">Unable to verify phone number with identity</reason_description></item></Row></reason_codes></Row></scores><errorcode type="null"></errorcode></item></item><item type="list"><item type="int">92</item><item type="dict"><accountnumber type="int">93</accountnumber><description type="str">FraudPointFP1907_1</description><scores type="dict"><Row type="dict"><i type="str">424</i><description type="str">0 to 999</description><index type="str">186</index><reason_codes type="dict"><Row type="list"><item type="dict"><seq type="str">1</seq><reason_code type="str">IK</reason_code><reason_description type="str">The input IP address is assigned to a different area code than the input phone number</reason_description></item><item type="dict"><seq type="str">2</seq><reason_code type="str">DR</reason_code><reason_description type="str">Multiple identities associated with identity components</reason_description></item><item type="dict"><seq type="str">3</seq><reason_code type="str">MN</reason_code><reason_description type="str">The input SSN was issued within the last seventeen years</reason_description></item><item type="dict"><seq type="str">4</seq><reason_code type="str">VV</reason_code><reason_description type="str">Minor or elderly identity</reason_description></item><item type="dict"><seq type="str">5</seq><reason_code type="str">PA</reason_code><reason_description type="str">Potential address discrepancy - the Input address may be previous address</reason_description></item><item type="dict"><seq type="str">6</seq><reason_code type="str">PN</reason_code><reason_description type="str">Unable to verify phone number with identity</reason_description></item></Row></reason_codes></Row></scores><errorcode type="null"></errorcode></item></item><item type="list"><item type="int">93</item><item type="dict"><accountnumber type="int">94</accountnumber><description type="str">FraudPointFP1907_1</description><scores type="dict"><Row type="dict"><i type="str">633</i><description type="str">0 to 999</description><index type="str">186</index><reason_codes type="dict"><Row type="list"><item type="dict"><seq type="str">1</seq><reason_code type="str">IA</reason_code><reason_description type="str">The input IP address is unknown</reason_description></item><item type="dict"><seq type="str">2</seq><reason_code type="str">DR</reason_code><reason_description type="str">Multiple identities associated with identity components</reason_description></item><item type="dict"><seq type="str">3</seq><reason_code type="str">CB</reason_code><reason_description type="str">Too few sources corroborating SSN, address, and phone</reason_description></item><item type="dict"><seq type="str">4</seq><reason_code type="str">MN</reason_code><reason_description type="str">The input SSN was issued within the last seventeen years</reason_description></item><item type="dict"><seq type="str">5</seq><reason_code type="str">VV</reason_code><reason_description type="str">Minor or elderly identity</reason_description></item><item type="dict"><seq type="str">6</seq><reason_code type="str">PN</reason_code><reason_description type="str">Unable to verify phone number with identity</reason_description></item></Row></reason_codes></Row></scores><errorcode type="null"></errorcode></item></item><item type="list"><item type="int">94</item><item type="dict"><accountnumber type="int">95</accountnumber><description type="str">FraudPointFP1907_1</description><scores type="dict"><Row type="dict"><i type="str">545</i><description type="str">0 to 999</description><index type="str">186</index><reason_codes type="dict"><Row type="list"><item type="dict"><seq type="str">1</seq><reason_code type="str">IA</reason_code><reason_description type="str">The input IP address is unknown</reason_description></item><item type="dict"><seq type="str">2</seq><reason_code type="str">SN</reason_code><reason_description type="str">Mismatch of first and last names reported with SSN</reason_description></item><item type="dict"><seq type="str">3</seq><reason_code type="str">DR</reason_code><reason_description type="str">Multiple identities associated with identity components</reason_description></item><item type="dict"><seq type="str">4</seq><reason_code type="str">IR</reason_code><reason_description type="str">Identity associated with suspicious activity</reason_description></item><item type="dict"><seq type="str">5</seq><reason_code type="str">MN</reason_code><reason_description type="str">The input SSN was issued within the last seventeen years</reason_description></item><item type="dict"><seq type="str">6</seq><reason_code type="str">06</reason_code><reason_description type="str">The input SSN is invalid</reason_description></item></Row></reason_codes></Row></scores><errorcode type="null"></errorcode></item></item><item type="list"><item type="int">95</item><item type="dict"><accountnumber type="int">96</accountnumber><description type="str">FraudPointFP1907_1</description><scores type="dict"><Row type="dict"><i type="str">538</i><description type="str">0 to 999</description><index type="str">186</index><reason_codes type="dict"><Row type="list"><item type="dict"><seq type="str">1</seq><reason_code type="str">IG</reason_code><reason_description type="str">The input IP address is non-routable over the internet</reason_description></item><item type="dict"><seq type="str">2</seq><reason_code type="str">DR</reason_code><reason_description type="str">Multiple identities associated with identity components</reason_description></item><item type="dict"><seq type="str">3</seq><reason_code type="str">MN</reason_code><reason_description type="str">The input SSN was issued within the last seventeen years</reason_description></item><item type="dict"><seq type="str">4</seq><reason_code type="str">VV</reason_code><reason_description type="str">Minor or elderly identity</reason_description></item><item type="dict"><seq type="str">5</seq><reason_code type="str">PN</reason_code><reason_description type="str">Unable to verify phone number with identity</reason_description></item><item type="dict"><seq type="str">6</seq><reason_code type="str">73</reason_code><reason_description type="str">The input phone number is not found in the public record</reason_description></item></Row></reason_codes></Row></scores><errorcode type="null"></errorcode></item></item><item type="list"><item type="int">96</item><item type="dict"><accountnumber type="int">97</accountnumber><description type="str">FraudPointFP1907_1</description><scores type="dict"><Row type="dict"><i type="str">562</i><description type="str">0 to 999</description><index type="str">186</index><reason_codes type="dict"><Row type="list"><item type="dict"><seq type="str">1</seq><reason_code type="str">IA</reason_code><reason_description type="str">The input IP address is unknown</reason_description></item><item type="dict"><seq type="str">2</seq><reason_code type="str">DR</reason_code><reason_description type="str">Multiple identities associated with identity components</reason_description></item><item type="dict"><seq type="str">3</seq><reason_code type="str">CB</reason_code><reason_description type="str">Too few sources corroborating SSN, address, and phone</reason_description></item><item type="dict"><seq type="str">4</seq><reason_code type="str">MN</reason_code><reason_description type="str">The input SSN was issued within the last seventeen years</reason_description></item><item type="dict"><seq type="str">5</seq><reason_code type="str">VV</reason_code><reason_description type="str">Minor or elderly identity</reason_description></item><item type="dict"><seq type="str">6</seq><reason_code type="str">PA</reason_code><reason_description type="str">Potential address discrepancy - the Input address may be previous address</reason_description></item></Row></reason_codes></Row></scores><errorcode type="null"></errorcode></item></item><item type="list"><item type="int">97</item><item type="dict"><accountnumber type="int">98</accountnumber><description type="str">FraudPointFP1907_1</description><scores type="dict"><Row type="dict"><i type="str">618</i><description type="str">0 to 999</description><index type="str">186</index><reason_codes type="dict"><Row type="list"><item type="dict"><seq type="str">1</seq><reason_code type="str">IK</reason_code><reason_description type="str">The input IP address is assigned to a different area code than the input phone number</reason_description></item><item type="dict"><seq type="str">2</seq><reason_code type="str">SA</reason_code><reason_description type="str">SSN not reported at address</reason_description></item><item type="dict"><seq type="str">3</seq><reason_code type="str">SN</reason_code><reason_description type="str">Mismatch of first and last names reported with SSN</reason_description></item><item type="dict"><seq type="str">4</seq><reason_code type="str">DR</reason_code><reason_description type="str">Multiple identities associated with identity components</reason_description></item><item type="dict"><seq type="str">5</seq><reason_code type="str">IR</reason_code><reason_description type="str">Identity associated with suspicious activity</reason_description></item><item type="dict"><seq type="str">6</seq><reason_code type="str">MN</reason_code><reason_description type="str">The input SSN was issued within the last seventeen years</reason_description></item></Row></reason_codes></Row></scores><errorcode type="null"></errorcode></item></item><item type="list"><item type="int">98</item><item type="dict"><accountnumber type="int">99</accountnumber><description type="str">FraudPointFP1907_1</description><scores type="dict"><Row type="dict"><i type="str">559</i><description type="str">0 to 999</description><index type="str">186</index><reason_codes type="dict"><Row type="list"><item type="dict"><seq type="str">1</seq><reason_code type="str">IA</reason_code><reason_description type="str">The input IP address is unknown</reason_description></item><item type="dict"><seq type="str">2</seq><reason_code type="str">DR</reason_code><reason_description type="str">Multiple identities associated with identity components</reason_description></item><item type="dict"><seq type="str">3</seq><reason_code type="str">MN</reason_code><reason_description type="str">The input SSN was issued within the last seventeen years</reason_description></item><item type="dict"><seq type="str">4</seq><reason_code type="str">VV</reason_code><reason_description type="str">Minor or elderly identity</reason_description></item><item type="dict"><seq type="str">5</seq><reason_code type="str">PA</reason_code><reason_description type="str">Potential address discrepancy - the Input address may be previous address</reason_description></item><item type="dict"><seq type="str">6</seq><reason_code type="str">PN</reason_code><reason_description type="str">Unable to verify phone number with identity</reason_description></item></Row></reason_codes></Row></scores><errorcode type="null"></errorcode></item></item><item type="list"><item type="int">99</item><item type="dict"><accountnumber type="int">100</accountnumber><description type="str">FraudPointFP1907_1</description><scores type="dict"><Row type="dict"><i type="str">509</i><description type="str">0 to 999</description><index type="str">186</index><reason_codes type="dict"><Row type="list"><item type="dict"><seq type="str">1</seq><reason_code type="str">II</reason_code><reason_description type="str">The input IP address is assigned to a different State/Province than the input State/Province</reason_description></item><item type="dict"><seq type="str">2</seq><reason_code type="str">MN</reason_code><reason_description type="str">The input SSN was issued within the last seventeen years</reason_description></item><item type="dict"><seq type="str">3</seq><reason_code type="str">VV</reason_code><reason_description type="str">Minor or elderly identity</reason_description></item><item type="dict"><seq type="str">4</seq><reason_code type="str">9D</reason_code><reason_description type="str">Change of address frequency</reason_description></item><item type="dict"><seq type="str">5</seq><reason_code type="str">9K</reason_code><reason_description type="str">Address dwelling type</reason_description></item><item type="dict"><seq type="str">6</seq><reason_code type="str">SR</reason_code><reason_description type="str">Address mismatch on secondary address range</reason_description></item></Row></reason_codes></Row></scores><errorcode type="null"></errorcode></item></item></item></item></root>